

================================================================
== Vivado HLS Report for 'CCLabel_preProcess'
================================================================
* Date:           Mon Mar 06 15:02:56 2017

* Version:        2014.4 (Build 1071461 on Tue Nov 18 16:42:57 PM 2014)
* Project:        ConnectedComponentLabeling_HLS
* Solution:       solution1
* Product family: zynq
* Target device:  xc7z020clg484-1


================================================================
== Performance Estimates
================================================================
+ Timing (ns): 
    * Summary: 
    +---------+-------+----------+------------+
    |  Clock  | Target| Estimated| Uncertainty|
    +---------+-------+----------+------------+
    |default  |  10.00|      8.67|        1.25|
    +---------+-------+----------+------------+

+ Latency (clock cycles): 
    * Summary: 
    +-----+-----+-----+-----+---------+
    |  Latency  |  Interval | Pipeline|
    | min | max | min | max |   Type  |
    +-----+-----+-----+-----+---------+
    |   66|   66|   66|   66|   none  |
    +-----+-----+-----+-----+---------+

    + Detail: 
        * Instance: 
        N/A

        * Loop: 
        +----------+-----+-----+----------+-----------+-----------+------+----------+
        |          |  Latency  | Iteration|  Initiation Interval  | Trip |          |
        | Loop Name| min | max |  Latency |  achieved |   target  | Count| Pipelined|
        +----------+-----+-----+----------+-----------+-----------+------+----------+
        |- Loop 1  |   64|   64|         9|          8|          1|     8|    yes   |
        +----------+-----+-----+----------+-----------+-----------+------+----------+



================================================================
== Utilization Estimates
================================================================
* Summary: 
+-----------------+---------+-------+--------+-------+
|       Name      | BRAM_18K| DSP48E|   FF   |  LUT  |
+-----------------+---------+-------+--------+-------+
|Expression       |        -|      -|       0|    106|
|FIFO             |        -|      -|       -|      -|
|Instance         |        -|      -|       -|      -|
|Memory           |        -|      -|       -|      -|
|Multiplexer      |        -|      -|       -|     88|
|Register         |        -|      -|      48|      -|
+-----------------+---------+-------+--------+-------+
|Total            |        0|      0|      48|    194|
+-----------------+---------+-------+--------+-------+
|Available        |      280|    220|  106400|  53200|
+-----------------+---------+-------+--------+-------+
|Utilization (%)  |        0|      0|   ~0   |   ~0  |
+-----------------+---------+-------+--------+-------+

+ Detail: 
    * Instance: 
    N/A

    * Memory: 
    N/A

    * FIFO: 
    N/A

    * Expression: 
    +---------------------+----------+-------+---+----+------------+------------+
    |    Variable Name    | Operation| DSP48E| FF| LUT| Bitwidth P0| Bitwidth P1|
    +---------------------+----------+-------+---+----+------------+------------+
    |i_1_fu_231_p2        |     +    |      0|  0|   4|           4|           1|
    |lbImage_d0           |  Select  |      0|  0|   1|           1|           1|
    |exitcond1_fu_225_p2  |   icmp   |      0|  0|   5|           4|           5|
    |grp_fu_210_p2        |   icmp   |      0|  0|  40|          32|           7|
    |tmp_2_1_fu_264_p2    |    or    |      0|  0|   8|           6|           2|
    |tmp_2_2_fu_274_p2    |    or    |      0|  0|   8|           6|           2|
    |tmp_2_3_fu_284_p2    |    or    |      0|  0|   8|           6|           3|
    |tmp_2_4_fu_294_p2    |    or    |      0|  0|   8|           6|           3|
    |tmp_2_5_fu_304_p2    |    or    |      0|  0|   8|           6|           3|
    |tmp_2_6_fu_314_p2    |    or    |      0|  0|   8|           6|           3|
    |tmp_2_s_fu_254_p2    |    or    |      0|  0|   8|           6|           1|
    +---------------------+----------+-------+---+----+------------+------------+
    |Total                |          |      0|  0| 106|          83|          31|
    +---------------------+----------+-------+---+----+------------+------------+

    * Multiplexer: 
    +---------------------+----+-----------+-----+-----------+
    |         Name        | LUT| Input Size| Bits| Total Bits|
    +---------------------+----+-----------+-----+-----------+
    |Image_r_Addr_A_orig  |  64|          9|   32|        288|
    |ap_NS_fsm            |   4|         11|    1|         11|
    |i_phi_fu_202_p4      |   4|          2|    4|          8|
    |i_reg_198            |   4|          2|    4|          8|
    |lbImage_address0     |  12|          9|    6|         54|
    +---------------------+----+-----------+-----+-----------+
    |Total                |  88|         33|   47|        369|
    +---------------------+----+-----------+-----+-----------+

    * Register: 
    +-----------------------+----+----+-----+-----------+
    |          Name         | FF | LUT| Bits| Const Bits|
    +-----------------------+----+----+-----+-----------+
    |ap_CS_fsm              |  10|   0|   10|          0|
    |ap_reg_ppiten_pp0_it0  |   1|   0|    1|          0|
    |ap_reg_ppiten_pp0_it1  |   1|   0|    1|          0|
    |exitcond1_reg_324      |   1|   0|    1|          0|
    |i_1_reg_328            |   4|   0|    4|          0|
    |i_reg_198              |   4|   0|    4|          0|
    |tmp_3_1_reg_354        |   3|   0|   64|         61|
    |tmp_3_2_reg_364        |   3|   0|   64|         61|
    |tmp_3_3_reg_374        |   3|   0|   64|         61|
    |tmp_3_4_reg_384        |   3|   0|   64|         61|
    |tmp_3_5_reg_394        |   3|   0|   64|         61|
    |tmp_3_6_reg_404        |   3|   0|   64|         61|
    |tmp_3_7_reg_414        |   3|   0|   64|         61|
    |tmp_3_reg_344          |   3|   0|   64|         61|
    |tmp_reg_333            |   3|   0|    6|          3|
    +-----------------------+----+----+-----+-----------+
    |Total                  |  48|   0|  539|        491|
    +-----------------------+----+----+-----+-----------+



================================================================
== Interface
================================================================
* Summary: 
+------------------+-----+-----+------------+--------------------+--------------+
|     RTL Ports    | Dir | Bits|  Protocol  |    Source Object   |    C Type    |
+------------------+-----+-----+------------+--------------------+--------------+
|ap_clk            |  in |    1| ap_ctrl_hs | CCLabel_preProcess | return value |
|ap_rst            |  in |    1| ap_ctrl_hs | CCLabel_preProcess | return value |
|ap_start          |  in |    1| ap_ctrl_hs | CCLabel_preProcess | return value |
|ap_done           | out |    1| ap_ctrl_hs | CCLabel_preProcess | return value |
|ap_idle           | out |    1| ap_ctrl_hs | CCLabel_preProcess | return value |
|ap_ready          | out |    1| ap_ctrl_hs | CCLabel_preProcess | return value |
|Image_r_Addr_A    | out |   32|    bram    |       Image_r      |     array    |
|Image_r_EN_A      | out |    1|    bram    |       Image_r      |     array    |
|Image_r_WEN_A     | out |    4|    bram    |       Image_r      |     array    |
|Image_r_Din_A     | out |   32|    bram    |       Image_r      |     array    |
|Image_r_Dout_A    |  in |   32|    bram    |       Image_r      |     array    |
|lbImage_address0  | out |    6|  ap_memory |       lbImage      |     array    |
|lbImage_ce0       | out |    1|  ap_memory |       lbImage      |     array    |
|lbImage_we0       | out |    1|  ap_memory |       lbImage      |     array    |
|lbImage_d0        | out |   32|  ap_memory |       lbImage      |     array    |
+------------------+-----+-----+------------+--------------------+--------------+

