

================================================================
== Vivado HLS Report for 'CCLabel_firstPass'
================================================================
* Date:           Fri Mar 03 22:38:03 2017

* Version:        2014.4 (Build 1071461 on Tue Nov 18 16:42:57 PM 2014)
* Project:        ConnectedComponentLabeling_HLS
* Solution:       solution1
* Product family: zynq
* Target device:  xc7z020clg484-1


================================================================
== Performance Estimates
================================================================
+ Timing (ns): 
    * Summary: 
    +---------+-------+----------+------------+
    |  Clock  | Target| Estimated| Uncertainty|
    +---------+-------+----------+------------+
    |default  |  10.00|      8.47|        1.25|
    +---------+-------+----------+------------+

+ Latency (clock cycles): 
    * Summary: 
    +-----+-----+-----+-----+---------+
    |  Latency  |  Interval | Pipeline|
    | min | max | min | max |   Type  |
    +-----+-----+-----+-----+---------+
    |    ?|    ?|    ?|    ?|   none  |
    +-----+-----+-----+-----+---------+

    + Detail: 
        * Instance: 
        N/A

        * Loop: 
        +-------------+-----+-----+----------+-----------+-----------+------+----------+
        |             |  Latency  | Iteration|  Initiation Interval  | Trip |          |
        |  Loop Name  | min | max |  Latency |  achieved |   target  | Count| Pipelined|
        +-------------+-----+-----+----------+-----------+-----------+------+----------+
        |- Loop 1     |    ?|    ?|         ?|          -|          -|    64|    no    |
        | + Loop 1.1  |    ?|    ?|         2|          2|          1|     ?|    yes   |
        | + Loop 1.2  |    ?|    ?|         2|          2|          1|     ?|    yes   |
        +-------------+-----+-----+----------+-----------+-----------+------+----------+



================================================================
== Utilization Estimates
================================================================
* Summary: 
+-----------------+---------+-------+--------+-------+
|       Name      | BRAM_18K| DSP48E|   FF   |  LUT  |
+-----------------+---------+-------+--------+-------+
|Expression       |        -|      -|       0|    726|
|FIFO             |        -|      -|       -|      -|
|Instance         |        -|      4|       0|      0|
|Memory           |        -|      -|       -|      -|
|Multiplexer      |        -|      -|       -|    354|
|Register         |        -|      -|     444|      -|
+-----------------+---------+-------+--------+-------+
|Total            |        0|      4|     444|   1080|
+-----------------+---------+-------+--------+-------+
|Available        |      280|    220|  106400|  53200|
+-----------------+---------+-------+--------+-------+
|Utilization (%)  |        0|      1|   ~0   |      2|
+-----------------+---------+-------+--------+-------+

+ Detail: 
    * Instance: 
    +-----------------------------+--------------------------+---------+-------+---+----+
    |           Instance          |          Module          | BRAM_18K| DSP48E| FF| LUT|
    +-----------------------------+--------------------------+---------+-------+---+----+
    |CCLabel_mul_32s_4ns_32_3_U1  |CCLabel_mul_32s_4ns_32_3  |        0|      2|  0|   0|
    |CCLabel_mul_32s_4ns_32_3_U2  |CCLabel_mul_32s_4ns_32_3  |        0|      2|  0|   0|
    +-----------------------------+--------------------------+---------+-------+---+----+
    |Total                        |                          |        0|      4|  0|   0|
    +-----------------------------+--------------------------+---------+-------+---+----+

    * Memory: 
    N/A

    * FIFO: 
    N/A

    * Expression: 
    +-------------------------------+----------+-------+---+----+------------+------------+
    |         Variable Name         | Operation| DSP48E| FF| LUT| Bitwidth P0| Bitwidth P1|
    +-------------------------------+----------+-------+---+----+------------+------------+
    |i2_fu_360_p2                   |     +    |      0|  0|   4|           4|           1|
    |indvar_flatten_next_fu_340_p2  |     +    |      0|  0|   7|           7|           1|
    |j_fu_598_p2                    |     +    |      0|  0|   4|           4|           1|
    |label_fu_606_p2                |     +    |      0|  0|  32|          32|           1|
    |setCount_fu_623_p2             |     +    |      0|  0|  32|          32|           1|
    |tmp5_fu_439_p2                 |     +    |      0|  0|   4|           4|           2|
    |tmp_10_fu_448_p2               |     +    |      0|  0|   7|           7|           7|
    |tmp_25_fu_579_p2               |     +    |      0|  0|  32|          32|          32|
    |tmp_27_fu_586_p2               |     +    |      0|  0|  32|          32|          32|
    |tmp_29_fu_592_p2               |     +    |      0|  0|  32|          32|          32|
    |tmp_3_fu_424_p2                |     +    |      0|  0|   7|           7|           7|
    |tmp_9_fu_390_p2                |     +    |      0|  0|   6|           6|           6|
    |i1_mid2_fu_366_p3              |  Select  |      0|  0|   4|           1|           4|
    |j2_mid2_fu_352_p3              |  Select  |      0|  0|   4|           1|           1|
    |max_fu_531_p3                  |  Select  |      0|  0|  32|           1|          32|
    |prevAbove_fu_468_p3            |  Select  |      0|  0|  32|           1|          10|
    |prevLeft_fu_493_p3             |  Select  |      0|  0|  32|           1|          10|
    |temp_4_fu_521_p3               |  Select  |      0|  0|  32|           1|          32|
    |or_cond_fu_511_p2              |    and   |      0|  0|   1|           1|           1|
    |exitcond4_fu_346_p2            |   icmp   |      0|  0|   5|           4|           5|
    |exitcond_flatten_fu_334_p2     |   icmp   |      0|  0|   8|           7|           8|
    |grp_fu_299_p2                  |   icmp   |      0|  0|  40|          32|           1|
    |tmp_12_fu_481_p2               |   icmp   |      0|  0|  40|          32|           1|
    |tmp_13_fu_501_p2               |   icmp   |      0|  0|  40|          32|          10|
    |tmp_14_fu_506_p2               |   icmp   |      0|  0|  40|          32|          10|
    |tmp_18_fu_517_p2               |   icmp   |      0|  0|  40|          32|          32|
    |tmp_19_fu_527_p2               |   icmp   |      0|  0|  40|          32|          32|
    |tmp_20_fu_537_p2               |   icmp   |      0|  0|  40|          32|          10|
    |tmp_6_fu_476_p2                |   icmp   |      0|  0|   4|           4|           1|
    |tmp_6_i8_fu_573_p2             |   icmp   |      0|  0|  40|          32|          32|
    |tmp_6_i_fu_548_p2              |   icmp   |      0|  0|  40|          32|          32|
    |tmp_7_fu_407_p2                |   icmp   |      0|  0|   4|           4|           1|
    |sel_tmp2_fu_487_p2             |    or    |      0|  0|   1|           1|           1|
    |sel_tmp_fu_463_p2              |    or    |      0|  0|   1|           1|           1|
    |tmp4_fu_415_p2                 |    xor   |      0|  0|   7|           4|           5|
    +-------------------------------+----------+-------+---+----+------------+------------+
    |Total                          |          |      0|  0| 726|         519|         395|
    +-------------------------------+----------+-------+---+----+------------+------------+

    * Multiplexer: 
    +-------------------------+----+-----------+-----+-----------+
    |           Name          | LUT| Input Size| Bits| Total Bits|
    +-------------------------+----+-----------+-----+-----------+
    |Image_r_Addr_A_orig      |  32|          3|   32|         96|
    |ap_NS_fsm                |  15|         18|    1|         18|
    |i1_reg_251               |   4|          2|    4|          8|
    |indvar_flatten_reg_240   |   7|          2|    7|         14|
    |j2_reg_262               |   4|          2|    4|          8|
    |label_1_fu_66            |  32|          2|   32|         64|
    |lbImage_address0         |   6|          4|    6|         24|
    |lbImage_address1         |   6|          3|    6|         18|
    |setCount_1_fu_70         |  32|          2|   32|         64|
    |set_address0             |   6|          6|    6|         36|
    |set_d0                   |  32|          4|   32|        128|
    |temp_i4_reg_284          |  32|          2|   32|         64|
    |temp_i_reg_273           |  32|          2|   32|         64|
    |totalIntensity_address0  |   6|          4|    6|         24|
    |totalIntensity_d0        |  32|          3|   32|         96|
    |x_r_address0             |   6|          3|    6|         18|
    |x_r_d0                   |  32|          3|   32|         96|
    |y_r_address0             |   6|          3|    6|         18|
    |y_r_d0                   |  32|          3|   32|         96|
    +-------------------------+----+-----------+-----+-----------+
    |Total                    | 354|         71|  340|        954|
    +-------------------------+----+-----------+-----+-----------+

    * Register: 
    +-------------------------------+----+----+-----+-----------+
    |              Name             | FF | LUT| Bits| Const Bits|
    +-------------------------------+----+----+-----+-----------+
    |ap_CS_fsm                      |  17|   0|   17|          0|
    |i1_cast9_reg_694               |   4|   0|   32|         28|
    |i1_mid2_reg_670                |   4|   0|    4|          0|
    |i1_reg_251                     |   4|   0|    4|          0|
    |indvar_flatten_next_reg_656    |   7|   0|    7|          0|
    |indvar_flatten_reg_240         |   7|   0|    7|          0|
    |j2_cast7_reg_704               |   4|   0|   32|         28|
    |j2_mid2_reg_661                |   4|   0|    4|          0|
    |j2_reg_262                     |   4|   0|    4|          0|
    |label_1_fu_66                  |  32|   0|   32|          0|
    |lbImage_addr_reg_688           |   6|   0|    6|          0|
    |max_reg_754                    |  32|   0|   32|          0|
    |or_cond_reg_741                |   1|   0|    1|          0|
    |prevAbove_reg_723              |  32|   0|   32|          0|
    |prevLeft_reg_732               |  32|   0|   32|          0|
    |reg_317                        |  32|   0|   32|          0|
    |setCount_1_fu_70               |  32|   0|   32|          0|
    |temp_4_reg_745                 |  32|   0|   32|          0|
    |temp_i4_reg_284                |  32|   0|   32|          0|
    |temp_i_reg_273                 |  32|   0|   32|          0|
    |tmp_1_reg_709                  |   1|   0|    1|          0|
    |tmp_20_reg_759                 |   1|   0|    1|          0|
    |tmp_26_reg_814                 |  32|   0|   32|          0|
    |tmp_28_reg_819                 |  32|   0|   32|          0|
    |tmp_7_reg_699                  |   1|   0|    1|          0|
    |tmp_reg_677                    |   3|   0|    6|          3|
    |tmp_s_reg_682                  |   6|   0|   64|         58|
    |totalIntensity_addr_1_reg_786  |   6|   0|    6|          0|
    |x_addr_1_reg_791               |   6|   0|    6|          0|
    |y_addr_1_reg_796               |   6|   0|    6|          0|
    +-------------------------------+----+----+-----+-----------+
    |Total                          | 444|   0|  561|        117|
    +-------------------------------+----+----+-----+-----------+



================================================================
== Interface
================================================================
* Summary: 
+-------------------------+-----+-----+------------+-------------------+--------------+
|        RTL Ports        | Dir | Bits|  Protocol  |   Source Object   |    C Type    |
+-------------------------+-----+-----+------------+-------------------+--------------+
|ap_clk                   |  in |    1| ap_ctrl_hs | CCLabel_firstPass | return value |
|ap_rst                   |  in |    1| ap_ctrl_hs | CCLabel_firstPass | return value |
|ap_start                 |  in |    1| ap_ctrl_hs | CCLabel_firstPass | return value |
|ap_done                  | out |    1| ap_ctrl_hs | CCLabel_firstPass | return value |
|ap_idle                  | out |    1| ap_ctrl_hs | CCLabel_firstPass | return value |
|ap_ready                 | out |    1| ap_ctrl_hs | CCLabel_firstPass | return value |
|ap_return                | out |   32| ap_ctrl_hs | CCLabel_firstPass | return value |
|Image_r_Addr_A           | out |   32|    bram    |      Image_r      |     array    |
|Image_r_EN_A             | out |    1|    bram    |      Image_r      |     array    |
|Image_r_WEN_A            | out |    4|    bram    |      Image_r      |     array    |
|Image_r_Din_A            | out |   32|    bram    |      Image_r      |     array    |
|Image_r_Dout_A           |  in |   32|    bram    |      Image_r      |     array    |
|lbImage_address0         | out |    6|  ap_memory |      lbImage      |     array    |
|lbImage_ce0              | out |    1|  ap_memory |      lbImage      |     array    |
|lbImage_we0              | out |    1|  ap_memory |      lbImage      |     array    |
|lbImage_d0               | out |   32|  ap_memory |      lbImage      |     array    |
|lbImage_q0               |  in |   32|  ap_memory |      lbImage      |     array    |
|lbImage_address1         | out |    6|  ap_memory |      lbImage      |     array    |
|lbImage_ce1              | out |    1|  ap_memory |      lbImage      |     array    |
|lbImage_we1              | out |    1|  ap_memory |      lbImage      |     array    |
|lbImage_d1               | out |   32|  ap_memory |      lbImage      |     array    |
|lbImage_q1               |  in |   32|  ap_memory |      lbImage      |     array    |
|set_address0             | out |    6|  ap_memory |        set        |     array    |
|set_ce0                  | out |    1|  ap_memory |        set        |     array    |
|set_we0                  | out |    1|  ap_memory |        set        |     array    |
|set_d0                   | out |   32|  ap_memory |        set        |     array    |
|set_q0                   |  in |   32|  ap_memory |        set        |     array    |
|status_address0          | out |    6|  ap_memory |       status      |     array    |
|status_ce0               | out |    1|  ap_memory |       status      |     array    |
|status_we0               | out |    1|  ap_memory |       status      |     array    |
|status_d0                | out |    1|  ap_memory |       status      |     array    |
|totalIntensity_address0  | out |    6|  ap_memory |   totalIntensity  |     array    |
|totalIntensity_ce0       | out |    1|  ap_memory |   totalIntensity  |     array    |
|totalIntensity_we0       | out |    1|  ap_memory |   totalIntensity  |     array    |
|totalIntensity_d0        | out |   32|  ap_memory |   totalIntensity  |     array    |
|totalIntensity_q0        |  in |   32|  ap_memory |   totalIntensity  |     array    |
|x_r_address0             | out |    6|  ap_memory |        x_r        |     array    |
|x_r_ce0                  | out |    1|  ap_memory |        x_r        |     array    |
|x_r_we0                  | out |    1|  ap_memory |        x_r        |     array    |
|x_r_d0                   | out |   32|  ap_memory |        x_r        |     array    |
|x_r_q0                   |  in |   32|  ap_memory |        x_r        |     array    |
|y_r_address0             | out |    6|  ap_memory |        y_r        |     array    |
|y_r_ce0                  | out |    1|  ap_memory |        y_r        |     array    |
|y_r_we0                  | out |    1|  ap_memory |        y_r        |     array    |
|y_r_d0                   | out |   32|  ap_memory |        y_r        |     array    |
|y_r_q0                   |  in |   32|  ap_memory |        y_r        |     array    |
+-------------------------+-----+-----+------------+-------------------+--------------+

