

================================================================
== Vivado HLS Report for 'CCLabel_preProcess'
================================================================
* Date:           Tue Feb 28 17:30:23 2017

* Version:        2014.4 (Build 1071461 on Tue Nov 18 16:42:57 PM 2014)
* Project:        ConnectedComponentLabeling_HLS
* Solution:       solution1
* Product family: zynq
* Target device:  xc7z020clg484-1


================================================================
== Performance Estimates
================================================================
+ Timing (ns): 
    * Summary: 
    +---------+-------+----------+------------+
    |  Clock  | Target| Estimated| Uncertainty|
    +---------+-------+----------+------------+
    |default  |  10.00|      8.67|        1.25|
    +---------+-------+----------+------------+

+ Latency (clock cycles): 
    * Summary: 
    +-----+-----+-----+-----+----------+
    |  Latency  |  Interval | Pipeline |
    | min | max | min | max |   Type   |
    +-----+-----+-----+-----+----------+
    |   32|   32|   32|   32| function |
    +-----+-----+-----+-----+----------+

    + Detail: 
        * Instance: 
        N/A

        * Loop: 
        N/A



================================================================
== Utilization Estimates
================================================================
* Summary: 
+-----------------+---------+-------+--------+-------+
|       Name      | BRAM_18K| DSP48E|   FF   |  LUT  |
+-----------------+---------+-------+--------+-------+
|Expression       |        -|      -|       0|     82|
|FIFO             |        -|      -|       -|      -|
|Instance         |        -|      -|       -|      -|
|Memory           |        -|      -|       -|      -|
|Multiplexer      |        -|      -|       -|    302|
|Register         |        -|      -|      34|      -|
+-----------------+---------+-------+--------+-------+
|Total            |        0|      0|      34|    384|
+-----------------+---------+-------+--------+-------+
|Available        |      280|    220|  106400|  53200|
+-----------------+---------+-------+--------+-------+
|Utilization (%)  |        0|      0|   ~0   |   ~0  |
+-----------------+---------+-------+--------+-------+

+ Detail: 
    * Instance: 
    N/A

    * Memory: 
    N/A

    * FIFO: 
    N/A

    * Expression: 
    +----------------+----------+-------+---+----+------------+------------+
    |  Variable Name | Operation| DSP48E| FF| LUT| Bitwidth P0| Bitwidth P1|
    +----------------+----------+-------+---+----+------------+------------+
    |lbImage_d0      |  Select  |      0|  0|   1|           1|           1|
    |lbImage_d1      |  Select  |      0|  0|   1|           1|           1|
    |grp_fu_1309_p2  |   icmp   |      0|  0|  40|          32|           7|
    |grp_fu_1324_p2  |   icmp   |      0|  0|  40|          32|           7|
    +----------------+----------+-------+---+----+------------+------------+
    |Total           |          |      0|  0|  82|          66|          16|
    +----------------+----------+-------+---+----+------------+------------+

    * Multiplexer: 
    +-----------------------+----+-----------+-----+-----------+
    |          Name         | LUT| Input Size| Bits| Total Bits|
    +-----------------------+----+-----------+-----+-----------+
    |Image_r_address0       |  60|         33|    6|        198|
    |Image_r_address1       |  60|         33|    6|        198|
    |ap_NS_fsm              |  60|         33|    1|         33|
    |ap_reg_ppiten_pp0_it0  |   1|          2|    1|          2|
    |ap_reg_ppiten_pp0_it1  |   1|          2|    1|          2|
    |lbImage_address0       |  60|         33|    6|        198|
    |lbImage_address1       |  60|         33|    6|        198|
    +-----------------------+----+-----------+-----+-----------+
    |Total                  | 302|        169|   27|        829|
    +-----------------------+----+-----------+-----+-----------+

    * Register: 
    +----------------------------+----+----+-----+-----------+
    |            Name            | FF | LUT| Bits| Const Bits|
    +----------------------------+----+----+-----+-----------+
    |ap_CS_fsm                   |  32|   0|   32|          0|
    |ap_reg_ppiten_pp0_it0_preg  |   1|   0|    1|          0|
    |ap_reg_ppiten_pp0_it1       |   1|   0|    1|          0|
    +----------------------------+----+----+-----+-----------+
    |Total                       |  34|   0|   34|          0|
    +----------------------------+----+----+-----+-----------+



================================================================
== Interface
================================================================
* Summary: 
+------------------+-----+-----+------------+--------------------+--------------+
|     RTL Ports    | Dir | Bits|  Protocol  |    Source Object   |    C Type    |
+------------------+-----+-----+------------+--------------------+--------------+
|ap_clk            |  in |    1| ap_ctrl_hs | CCLabel_preProcess | return value |
|ap_rst            |  in |    1| ap_ctrl_hs | CCLabel_preProcess | return value |
|ap_start          |  in |    1| ap_ctrl_hs | CCLabel_preProcess | return value |
|ap_done           | out |    1| ap_ctrl_hs | CCLabel_preProcess | return value |
|ap_idle           | out |    1| ap_ctrl_hs | CCLabel_preProcess | return value |
|ap_ready          | out |    1| ap_ctrl_hs | CCLabel_preProcess | return value |
|Image_r_address0  | out |    6|  ap_memory |       Image_r      |     array    |
|Image_r_ce0       | out |    1|  ap_memory |       Image_r      |     array    |
|Image_r_q0        |  in |   32|  ap_memory |       Image_r      |     array    |
|Image_r_address1  | out |    6|  ap_memory |       Image_r      |     array    |
|Image_r_ce1       | out |    1|  ap_memory |       Image_r      |     array    |
|Image_r_q1        |  in |   32|  ap_memory |       Image_r      |     array    |
|lbImage_address0  | out |    6|  ap_memory |       lbImage      |     array    |
|lbImage_ce0       | out |    1|  ap_memory |       lbImage      |     array    |
|lbImage_we0       | out |    1|  ap_memory |       lbImage      |     array    |
|lbImage_d0        | out |   32|  ap_memory |       lbImage      |     array    |
|lbImage_address1  | out |    6|  ap_memory |       lbImage      |     array    |
|lbImage_ce1       | out |    1|  ap_memory |       lbImage      |     array    |
|lbImage_we1       | out |    1|  ap_memory |       lbImage      |     array    |
|lbImage_d1        | out |   32|  ap_memory |       lbImage      |     array    |
+------------------+-----+-----+------------+--------------------+--------------+

