17:54:33 **** Build of project CCLabelling_bsp ****
make -k all 
"Running Make include in ps7_cortexa9_0/libsrc/axidma_v8_0/src"
make -C ps7_cortexa9_0/libsrc/axidma_v8_0/src -s include  "SHELL=CMD" "COMPILER=arm-xilinx-eabi-gcc" "ARCHIVER=arm-xilinx-eabi-ar" "COMPILER_FLAGS=  -O2 -c" "EXTRA_COMPILER_FLAGS=-g"
"Running Make include in ps7_cortexa9_0/libsrc/bram_v4_0/src"
make -C ps7_cortexa9_0/libsrc/bram_v4_0/src -s include  "SHELL=CMD" "COMPILER=arm-xilinx-eabi-gcc" "ARCHIVER=arm-xilinx-eabi-ar" "COMPILER_FLAGS=  -O2 -c" "EXTRA_COMPILER_FLAGS=-g"
"Running Make include in ps7_cortexa9_0/libsrc/cclabel_v1_0/src"
make -C ps7_cortexa9_0/libsrc/cclabel_v1_0/src -s include  "SHELL=CMD" "COMPILER=arm-xilinx-eabi-gcc" "ARCHIVER=arm-xilinx-eabi-ar" "COMPILER_FLAGS=  -O2 -c" "EXTRA_COMPILER_FLAGS=-g"
"Running Make include in ps7_cortexa9_0/libsrc/cpu_cortexa9_v2_1/src"
make -C ps7_cortexa9_0/libsrc/cpu_cortexa9_v2_1/src -s include  "SHELL=CMD" "COMPILER=arm-xilinx-eabi-gcc" "ARCHIVER=arm-xilinx-eabi-ar" "COMPILER_FLAGS=  -O2 -c" "EXTRA_COMPILER_FLAGS=-g"
"Running Make include in ps7_cortexa9_0/libsrc/devcfg_v3_2/src"
make -C ps7_cortexa9_0/libsrc/devcfg_v3_2/src -s include  "SHELL=CMD" "COMPILER=arm-xilinx-eabi-gcc" "ARCHIVER=arm-xilinx-eabi-ar" "COMPILER_FLAGS=  -O2 -c" "EXTRA_COMPILER_FLAGS=-g"
"Running Make include in ps7_cortexa9_0/libsrc/dmaps_v2_1/src"
make -C ps7_cortexa9_0/libsrc/dmaps_v2_1/src -s include  "SHELL=CMD" "COMPILER=arm-xilinx-eabi-gcc" "ARCHIVER=arm-xilinx-eabi-ar" "COMPILER_FLAGS=  -O2 -c" "EXTRA_COMPILER_FLAGS=-g"
"Running Make include in ps7_cortexa9_0/libsrc/emacps_v2_2/src"
make -C ps7_cortexa9_0/libsrc/emacps_v2_2/src -s include  "SHELL=CMD" "COMPILER=arm-xilinx-eabi-gcc" "ARCHIVER=arm-xilinx-eabi-ar" "COMPILER_FLAGS=  -O2 -c" "EXTRA_COMPILER_FLAGS=-g"
"Running Make include in ps7_cortexa9_0/libsrc/gpiops_v2_2/src"
make -C ps7_cortexa9_0/libsrc/gpiops_v2_2/src -s include  "SHELL=CMD" "COMPILER=arm-xilinx-eabi-gcc" "ARCHIVER=arm-xilinx-eabi-ar" "COMPILER_FLAGS=  -O2 -c" "EXTRA_COMPILER_FLAGS=-g"
"Running Make include in ps7_cortexa9_0/libsrc/qspips_v3_1/src"
make -C ps7_cortexa9_0/libsrc/qspips_v3_1/src -s include  "SHELL=CMD" "COMPILER=arm-xilinx-eabi-gcc" "ARCHIVER=arm-xilinx-eabi-ar" "COMPILER_FLAGS=  -O2 -c" "EXTRA_COMPILER_FLAGS=-g"
"Running Make include in ps7_cortexa9_0/libsrc/scugic_v2_1/src"
make -C ps7_cortexa9_0/libsrc/scugic_v2_1/src -s include  "SHELL=CMD" "COMPILER=arm-xilinx-eabi-gcc" "ARCHIVER=arm-xilinx-eabi-ar" "COMPILER_FLAGS=  -O2 -c" "EXTRA_COMPILER_FLAGS=-g"
"Running Make include in ps7_cortexa9_0/libsrc/scutimer_v2_0/src"
make -C ps7_cortexa9_0/libsrc/scutimer_v2_0/src -s include  "SHELL=CMD" "COMPILER=arm-xilinx-eabi-gcc" "ARCHIVER=arm-xilinx-eabi-ar" "COMPILER_FLAGS=  -O2 -c" "EXTRA_COMPILER_FLAGS=-g"
"Running Make include in ps7_cortexa9_0/libsrc/scuwdt_v2_0/src"
make -C ps7_cortexa9_0/libsrc/scuwdt_v2_0/src -s include  "SHELL=CMD" "COMPILER=arm-xilinx-eabi-gcc" "ARCHIVER=arm-xilinx-eabi-ar" "COMPILER_FLAGS=  -O2 -c" "EXTRA_COMPILER_FLAGS=-g"
"Running Make include in ps7_cortexa9_0/libsrc/sdps_v2_3/src"
make -C ps7_cortexa9_0/libsrc/sdps_v2_3/src -s include  "SHELL=CMD" "COMPILER=arm-xilinx-eabi-gcc" "ARCHIVER=arm-xilinx-eabi-ar" "COMPILER_FLAGS=  -O2 -c" "EXTRA_COMPILER_FLAGS=-g"
"Running Make include in ps7_cortexa9_0/libsrc/standalone_v4_2/src"
make -C ps7_cortexa9_0/libsrc/standalone_v4_2/src -s include  "SHELL=CMD" "COMPILER=arm-xilinx-eabi-gcc" "ARCHIVER=arm-xilinx-eabi-ar" "COMPILER_FLAGS=  -O2 -c" "EXTRA_COMPILER_FLAGS=-g"
"Running Make include in ps7_cortexa9_0/libsrc/tmrctr_v3_0/src"
make -C ps7_cortexa9_0/libsrc/tmrctr_v3_0/src -s include  "SHELL=CMD" "COMPILER=arm-xilinx-eabi-gcc" "ARCHIVER=arm-xilinx-eabi-ar" "COMPILER_FLAGS=  -O2 -c" "EXTRA_COMPILER_FLAGS=-g"
"Running Make include in ps7_cortexa9_0/libsrc/ttcps_v2_0/src"
make -C ps7_cortexa9_0/libsrc/ttcps_v2_0/src -s include  "SHELL=CMD" "COMPILER=arm-xilinx-eabi-gcc" "ARCHIVER=arm-xilinx-eabi-ar" "COMPILER_FLAGS=  -O2 -c" "EXTRA_COMPILER_FLAGS=-g"
"Running Make include in ps7_cortexa9_0/libsrc/uartps_v2_2/src"
make -C ps7_cortexa9_0/libsrc/uartps_v2_2/src -s include  "SHELL=CMD" "COMPILER=arm-xilinx-eabi-gcc" "ARCHIVER=arm-xilinx-eabi-ar" "COMPILER_FLAGS=  -O2 -c" "EXTRA_COMPILER_FLAGS=-g"
"Running Make include in ps7_cortexa9_0/libsrc/usbps_v2_2/src"
make -C ps7_cortexa9_0/libsrc/usbps_v2_2/src -s include  "SHELL=CMD" "COMPILER=arm-xilinx-eabi-gcc" "ARCHIVER=arm-xilinx-eabi-ar" "COMPILER_FLAGS=  -O2 -c" "EXTRA_COMPILER_FLAGS=-g"
"Running Make include in ps7_cortexa9_0/libsrc/xadcps_v2_1/src"
make -C ps7_cortexa9_0/libsrc/xadcps_v2_1/src -s include  "SHELL=CMD" "COMPILER=arm-xilinx-eabi-gcc" "ARCHIVER=arm-xilinx-eabi-ar" "COMPILER_FLAGS=  -O2 -c" "EXTRA_COMPILER_FLAGS=-g"
"Running Make libs in ps7_cortexa9_0/libsrc/axidma_v8_0/src"
make -C ps7_cortexa9_0/libsrc/axidma_v8_0/src -s libs  "SHELL=CMD" "COMPILER=arm-xilinx-eabi-gcc" "ARCHIVER=arm-xilinx-eabi-ar" "COMPILER_FLAGS=  -O2 -c" "EXTRA_COMPILER_FLAGS=-g"
"Compiling axidma"
arm-xilinx-eabi-ar: creating ../../../lib/libxil.a
"Running Make libs in ps7_cortexa9_0/libsrc/bram_v4_0/src"
make -C ps7_cortexa9_0/libsrc/bram_v4_0/src -s libs  "SHELL=CMD" "COMPILER=arm-xilinx-eabi-gcc" "ARCHIVER=arm-xilinx-eabi-ar" "COMPILER_FLAGS=  -O2 -c" "EXTRA_COMPILER_FLAGS=-g"
"Compiling bram"
"Running Make libs in ps7_cortexa9_0/libsrc/cclabel_v1_0/src"
make -C ps7_cortexa9_0/libsrc/cclabel_v1_0/src -s libs  "SHELL=CMD" "COMPILER=arm-xilinx-eabi-gcc" "ARCHIVER=arm-xilinx-eabi-ar" "COMPILER_FLAGS=  -O2 -c" "EXTRA_COMPILER_FLAGS=-g"
"Compiling CCLabel"
"Running Make libs in ps7_cortexa9_0/libsrc/cpu_cortexa9_v2_1/src"
make -C ps7_cortexa9_0/libsrc/cpu_cortexa9_v2_1/src -s libs  "SHELL=CMD" "COMPILER=arm-xilinx-eabi-gcc" "ARCHIVER=arm-xilinx-eabi-ar" "COMPILER_FLAGS=  -O2 -c" "EXTRA_COMPILER_FLAGS=-g"
"Compiling cpu_cortexa9"
"Running Make libs in ps7_cortexa9_0/libsrc/devcfg_v3_2/src"
make -C ps7_cortexa9_0/libsrc/devcfg_v3_2/src -s libs  "SHELL=CMD" "COMPILER=arm-xilinx-eabi-gcc" "ARCHIVER=arm-xilinx-eabi-ar" "COMPILER_FLAGS=  -O2 -c" "EXTRA_COMPILER_FLAGS=-g"
"Compiling devcfg"
"Running Make libs in ps7_cortexa9_0/libsrc/dmaps_v2_1/src"
make -C ps7_cortexa9_0/libsrc/dmaps_v2_1/src -s libs  "SHELL=CMD" "COMPILER=arm-xilinx-eabi-gcc" "ARCHIVER=arm-xilinx-eabi-ar" "COMPILER_FLAGS=  -O2 -c" "EXTRA_COMPILER_FLAGS=-g"
"Compiling dmaps"
"Running Make libs in ps7_cortexa9_0/libsrc/emacps_v2_2/src"
make -C ps7_cortexa9_0/libsrc/emacps_v2_2/src -s libs  "SHELL=CMD" "COMPILER=arm-xilinx-eabi-gcc" "ARCHIVER=arm-xilinx-eabi-ar" "COMPILER_FLAGS=  -O2 -c" "EXTRA_COMPILER_FLAGS=-g"
"Compiling emacps"
"Running Make libs in ps7_cortexa9_0/libsrc/gpiops_v2_2/src"
make -C ps7_cortexa9_0/libsrc/gpiops_v2_2/src -s libs  "SHELL=CMD" "COMPILER=arm-xilinx-eabi-gcc" "ARCHIVER=arm-xilinx-eabi-ar" "COMPILER_FLAGS=  -O2 -c" "EXTRA_COMPILER_FLAGS=-g"
"Compiling gpiops"
"Running Make libs in ps7_cortexa9_0/libsrc/qspips_v3_1/src"
make -C ps7_cortexa9_0/libsrc/qspips_v3_1/src -s libs  "SHELL=CMD" "COMPILER=arm-xilinx-eabi-gcc" "ARCHIVER=arm-xilinx-eabi-ar" "COMPILER_FLAGS=  -O2 -c" "EXTRA_COMPILER_FLAGS=-g"
"Compiling qspips"
"Running Make libs in ps7_cortexa9_0/libsrc/scugic_v2_1/src"
make -C ps7_cortexa9_0/libsrc/scugic_v2_1/src -s libs  "SHELL=CMD" "COMPILER=arm-xilinx-eabi-gcc" "ARCHIVER=arm-xilinx-eabi-ar" "COMPILER_FLAGS=  -O2 -c" "EXTRA_COMPILER_FLAGS=-g"
"Compiling scugic"
"Running Make libs in ps7_cortexa9_0/libsrc/scutimer_v2_0/src"
make -C ps7_cortexa9_0/libsrc/scutimer_v2_0/src -s libs  "SHELL=CMD" "COMPILER=arm-xilinx-eabi-gcc" "ARCHIVER=arm-xilinx-eabi-ar" "COMPILER_FLAGS=  -O2 -c" "EXTRA_COMPILER_FLAGS=-g"
"Compiling scutimer"
"Running Make libs in ps7_cortexa9_0/libsrc/scuwdt_v2_0/src"
make -C ps7_cortexa9_0/libsrc/scuwdt_v2_0/src -s libs  "SHELL=CMD" "COMPILER=arm-xilinx-eabi-gcc" "ARCHIVER=arm-xilinx-eabi-ar" "COMPILER_FLAGS=  -O2 -c" "EXTRA_COMPILER_FLAGS=-g"
"Compiling scuwdt"
"Running Make libs in ps7_cortexa9_0/libsrc/sdps_v2_3/src"
make -C ps7_cortexa9_0/libsrc/sdps_v2_3/src -s libs  "SHELL=CMD" "COMPILER=arm-xilinx-eabi-gcc" "ARCHIVER=arm-xilinx-eabi-ar" "COMPILER_FLAGS=  -O2 -c" "EXTRA_COMPILER_FLAGS=-g"
"Compiling sdps"
"Running Make libs in ps7_cortexa9_0/libsrc/standalone_v4_2/src"
make -C ps7_cortexa9_0/libsrc/standalone_v4_2/src -s libs  "SHELL=CMD" "COMPILER=arm-xilinx-eabi-gcc" "ARCHIVER=arm-xilinx-eabi-ar" "COMPILER_FLAGS=  -O2 -c" "EXTRA_COMPILER_FLAGS=-g"
"Compiling standalone"
"Running Make libs in ps7_cortexa9_0/libsrc/tmrctr_v3_0/src"
make -C ps7_cortexa9_0/libsrc/tmrctr_v3_0/src -s libs  "SHELL=CMD" "COMPILER=arm-xilinx-eabi-gcc" "ARCHIVER=arm-xilinx-eabi-ar" "COMPILER_FLAGS=  -O2 -c" "EXTRA_COMPILER_FLAGS=-g"
"Compiling tmrctr"
"Running Make libs in ps7_cortexa9_0/libsrc/ttcps_v2_0/src"
make -C ps7_cortexa9_0/libsrc/ttcps_v2_0/src -s libs  "SHELL=CMD" "COMPILER=arm-xilinx-eabi-gcc" "ARCHIVER=arm-xilinx-eabi-ar" "COMPILER_FLAGS=  -O2 -c" "EXTRA_COMPILER_FLAGS=-g"
"Compiling ttcps"
"Running Make libs in ps7_cortexa9_0/libsrc/uartps_v2_2/src"
make -C ps7_cortexa9_0/libsrc/uartps_v2_2/src -s libs  "SHELL=CMD" "COMPILER=arm-xilinx-eabi-gcc" "ARCHIVER=arm-xilinx-eabi-ar" "COMPILER_FLAGS=  -O2 -c" "EXTRA_COMPILER_FLAGS=-g"
"Compiling uartps"
"Running Make libs in ps7_cortexa9_0/libsrc/usbps_v2_2/src"
make -C ps7_cortexa9_0/libsrc/usbps_v2_2/src -s libs  "SHELL=CMD" "COMPILER=arm-xilinx-eabi-gcc" "ARCHIVER=arm-xilinx-eabi-ar" "COMPILER_FLAGS=  -O2 -c" "EXTRA_COMPILER_FLAGS=-g"
"Compiling usbps"
"Running Make libs in ps7_cortexa9_0/libsrc/xadcps_v2_1/src"
make -C ps7_cortexa9_0/libsrc/xadcps_v2_1/src -s libs  "SHELL=CMD" "COMPILER=arm-xilinx-eabi-gcc" "ARCHIVER=arm-xilinx-eabi-ar" "COMPILER_FLAGS=  -O2 -c" "EXTRA_COMPILER_FLAGS=-g"
"Compiling xadcps"
'Finished building libraries'

**** Build of configuration Debug for project CCLabelling ****

Nothing to build for project CCLabelling
17:55:23 **** Auto Build of configuration Debug for project CCLabelling ****
make all 
'Building file: ../src/AxiTimerHelper.cpp'
'Invoking: ARM g++ compiler'
arm-xilinx-eabi-g++ -Wall -O0 -g3 -c -fmessage-length=0 -MT"src/AxiTimerHelper.o" -I../../CCLabelling_bsp/ps7_cortexa9_0/include -MMD -MP -MF"src/AxiTimerHelper.d" -MT"src/AxiTimerHelper.d" -o "src/AxiTimerHelper.o" "../src/AxiTimerHelper.cpp"
'Finished building: ../src/AxiTimerHelper.cpp'
' '
'Building file: ../src/main.cc'
'Invoking: ARM g++ compiler'
arm-xilinx-eabi-g++ -Wall -O0 -g3 -c -fmessage-length=0 -MT"src/main.o" -I../../CCLabelling_bsp/ps7_cortexa9_0/include -MMD -MP -MF"src/main.d" -MT"src/main.d" -o "src/main.o" "../src/main.cc"
'Finished building: ../src/main.cc'
' '
'Building file: ../src/platform.cc'
'Invoking: ARM g++ compiler'
arm-xilinx-eabi-g++ -Wall -O0 -g3 -c -fmessage-length=0 -MT"src/platform.o" -I../../CCLabelling_bsp/ps7_cortexa9_0/include -MMD -MP -MF"src/platform.d" -MT"src/platform.d" -o "src/platform.o" "../src/platform.cc"
'Finished building: ../src/platform.cc'
' '
'Building target: CCLabelling.elf'
'Invoking: ARM g++ linker'
arm-xilinx-eabi-g++ -Wl,-T -Wl,../src/lscript.ld -L../../CCLabelling_bsp/ps7_cortexa9_0/lib -o "CCLabelling.elf"  ./src/AxiTimerHelper.o ./src/main.o ./src/platform.o   -Wl,--start-group,-lxil,-lgcc,-lc,-lstdc++,--end-group
'Finished building target: CCLabelling.elf'
' '
'Invoking: ARM Print Size'
arm-xilinx-eabi-size CCLabelling.elf  |tee "CCLabelling.elf.size"
   text	   data	    bss	    dec	    hex	filename
 125264	   2620	  26472	 154356	  25af4	CCLabelling.elf
'Finished building: CCLabelling.elf.size'
' '
17:56:17 **** Auto Build of configuration Debug for project CCLabelling ****
make all 
'Building file: ../src/main.cc'
'Invoking: ARM g++ compiler'
arm-xilinx-eabi-g++ -Wall -O0 -g3 -c -fmessage-length=0 -MT"src/main.o" -I../../CCLabelling_bsp/ps7_cortexa9_0/include -MMD -MP -MF"src/main.d" -MT"src/main.d" -o "src/main.o" "../src/main.cc"
'Finished building: ../src/main.cc'
' '
'Building target: CCLabelling.elf'
'Invoking: ARM g++ linker'
arm-xilinx-eabi-g++ -Wl,-T -Wl,../src/lscript.ld -L../../CCLabelling_bsp/ps7_cortexa9_0/lib -o "CCLabelling.elf"  ./src/AxiTimerHelper.o ./src/main.o ./src/platform.o   -Wl,--start-group,-lxil,-lgcc,-lc,-lstdc++,--end-group
'Finished building target: CCLabelling.elf'
' '
'Invoking: ARM Print Size'
arm-xilinx-eabi-size CCLabelling.elf  |tee "CCLabelling.elf.size"
   text	   data	    bss	    dec	    hex	filename
 125264	   2620	  26472	 154356	  25af4	CCLabelling.elf
'Finished building: CCLabelling.elf.size'
' '
17:56:23 **** Auto Build of configuration Debug for project CCLabelling ****
make all 
'Building file: ../src/main.cc'
'Invoking: ARM g++ compiler'
arm-xilinx-eabi-g++ -Wall -O0 -g3 -c -fmessage-length=0 -MT"src/main.o" -I../../CCLabelling_bsp/ps7_cortexa9_0/include -MMD -MP -MF"src/main.d" -MT"src/main.d" -o "src/main.o" "../src/main.cc"
'Finished building: ../src/main.cc'
' '
'Building target: CCLabelling.elf'
'Invoking: ARM g++ linker'
arm-xilinx-eabi-g++ -Wl,-T -Wl,../src/lscript.ld -L../../CCLabelling_bsp/ps7_cortexa9_0/lib -o "CCLabelling.elf"  ./src/AxiTimerHelper.o ./src/main.o ./src/platform.o   -Wl,--start-group,-lxil,-lgcc,-lc,-lstdc++,--end-group
'Finished building target: CCLabelling.elf'
' '
'Invoking: ARM Print Size'
arm-xilinx-eabi-size CCLabelling.elf  |tee "CCLabelling.elf.size"
   text	   data	    bss	    dec	    hex	filename
 125264	   2620	  26472	 154356	  25af4	CCLabelling.elf
'Finished building: CCLabelling.elf.size'
' '
17:59:04 **** Auto Build of configuration Debug for project CCLabelling ****
make all 
'Building file: ../src/main.cc'
'Invoking: ARM g++ compiler'
arm-xilinx-eabi-g++ -Wall -O0 -g3 -c -fmessage-length=0 -MT"src/main.o" -I../../CCLabelling_bsp/ps7_cortexa9_0/include -MMD -MP -MF"src/main.d" -MT"src/main.d" -o "src/main.o" "../src/main.cc"
../src/main.cc:30:1: error: 'XAxiDma' does not name a type
 XAxiDma axiDMA;
 ^
../src/main.cc: In function 'int main()':
../src/main.cc:215:3: error: 'Image' was not declared in this scope
   Image[i] = inputIMG[i];
   ^
../src/main.cc:220:40: error: 'Image' was not declared in this scope
  u32 centroidCountSW = softwareCCLabel(Image, XSW, YSW);
                                        ^
make: *** [src/main.o] Error 1
17:59:40 **** Auto Build of configuration Debug for project CCLabelling ****
make all 
'Building file: ../src/main.cc'
'Invoking: ARM g++ compiler'
arm-xilinx-eabi-g++ -Wall -O0 -g3 -c -fmessage-length=0 -MT"src/main.o" -I../../CCLabelling_bsp/ps7_cortexa9_0/include -MMD -MP -MF"src/main.d" -MT"src/main.d" -o "src/main.o" "../src/main.cc"
../src/main.cc: In function 'int main()':
../src/main.cc:216:3: error: 'Image' was not declared in this scope
   Image[i] = inputIMG[i];
   ^
../src/main.cc:221:40: error: 'Image' was not declared in this scope
  u32 centroidCountSW = softwareCCLabel(Image, XSW, YSW);
                                        ^
make: *** [src/main.o] Error 1
18:00:48 **** Auto Build of configuration Debug for project CCLabelling ****
make all 
'Building file: ../src/main.cc'
'Invoking: ARM g++ compiler'
arm-xilinx-eabi-g++ -Wall -O0 -g3 -c -fmessage-length=0 -MT"src/main.o" -I../../CCLabelling_bsp/ps7_cortexa9_0/include -MMD -MP -MF"src/main.d" -MT"src/main.d" -o "src/main.o" "../src/main.cc"
../src/main.cc: In function 'int main()':
../src/main.cc:220:3: error: 'Image' was not declared in this scope
   Image[i] = inputIMG[i];
   ^
../src/main.cc:225:40: error: 'Image' was not declared in this scope
  u32 centroidCountSW = softwareCCLabel(Image, XSW, YSW);
                                        ^
make: *** [src/main.o] Error 1
18:00:53 **** Auto Build of configuration Debug for project CCLabelling ****
make all 
'Building file: ../src/main.cc'
'Invoking: ARM g++ compiler'
arm-xilinx-eabi-g++ -Wall -O0 -g3 -c -fmessage-length=0 -MT"src/main.o" -I../../CCLabelling_bsp/ps7_cortexa9_0/include -MMD -MP -MF"src/main.d" -MT"src/main.d" -o "src/main.o" "../src/main.cc"
../src/main.cc:30:8: error: no macro name given in #define directive
 #define
        ^
../src/main.cc: In function 'int main()':
../src/main.cc:220:3: error: 'Image' was not declared in this scope
   Image[i] = inputIMG[i];
   ^
../src/main.cc:225:40: error: 'Image' was not declared in this scope
  u32 centroidCountSW = softwareCCLabel(Image, XSW, YSW);
                                        ^
make: *** [src/main.o] Error 1
18:01:08 **** Auto Build of configuration Debug for project CCLabelling ****
make all 
'Building file: ../src/main.cc'
'Invoking: ARM g++ compiler'
arm-xilinx-eabi-g++ -Wall -O0 -g3 -c -fmessage-length=0 -MT"src/main.o" -I../../CCLabelling_bsp/ps7_cortexa9_0/include -MMD -MP -MF"src/main.d" -MT"src/main.d" -o "src/main.o" "../src/main.cc"
../src/main.cc: In function 'int main()':
../src/main.cc:221:3: error: 'Image' was not declared in this scope
   Image[i] = inputIMG[i];
   ^
../src/main.cc:226:40: error: 'Image' was not declared in this scope
  u32 centroidCountSW = softwareCCLabel(Image, XSW, YSW);
                                        ^
make: *** [src/main.o] Error 1
18:01:10 **** Auto Build of configuration Debug for project CCLabelling ****
make all 
'Building file: ../src/main.cc'
'Invoking: ARM g++ compiler'
arm-xilinx-eabi-g++ -Wall -O0 -g3 -c -fmessage-length=0 -MT"src/main.o" -I../../CCLabelling_bsp/ps7_cortexa9_0/include -MMD -MP -MF"src/main.d" -MT"src/main.d" -o "src/main.o" "../src/main.cc"
../src/main.cc: In function 'int main()':
../src/main.cc:222:3: error: 'Image' was not declared in this scope
   Image[i] = inputIMG[i];
   ^
../src/main.cc:227:40: error: 'Image' was not declared in this scope
  u32 centroidCountSW = softwareCCLabel(Image, XSW, YSW);
                                        ^
make: *** [src/main.o] Error 1
18:03:23 **** Auto Build of configuration Debug for project CCLabelling ****
make all 
'Building file: ../src/main.cc'
'Invoking: ARM g++ compiler'
arm-xilinx-eabi-g++ -Wall -O0 -g3 -c -fmessage-length=0 -MT"src/main.o" -I../../CCLabelling_bsp/ps7_cortexa9_0/include -MMD -MP -MF"src/main.d" -MT"src/main.d" -o "src/main.o" "../src/main.cc"
../src/main.cc: In function 'int main()':
../src/main.cc:222:3: error: 'Image' was not declared in this scope
   Image[i] = inputIMG[i];
   ^
../src/main.cc:227:40: error: 'Image' was not declared in this scope
  u32 centroidCountSW = softwareCCLabel(Image, XSW, YSW);
                                        ^
make: *** [src/main.o] Error 1
18:03:55 **** Auto Build of configuration Debug for project CCLabelling ****
make all 
'Building file: ../src/main.cc'
'Invoking: ARM g++ compiler'
arm-xilinx-eabi-g++ -Wall -O0 -g3 -c -fmessage-length=0 -MT"src/main.o" -I../../CCLabelling_bsp/ps7_cortexa9_0/include -MMD -MP -MF"src/main.d" -MT"src/main.d" -o "src/main.o" "../src/main.cc"
../src/main.cc: In function 'int main()':
../src/main.cc:222:3: error: 'Image' was not declared in this scope
   Image[i] = inputIMG[i];
   ^
../src/main.cc:227:40: error: 'Image' was not declared in this scope
  u32 centroidCountSW = softwareCCLabel(Image, XSW, YSW);
                                        ^
make: *** [src/main.o] Error 1
18:07:11 **** Auto Build of configuration Debug for project CCLabelling ****
make all 
'Building file: ../src/main.cc'
'Invoking: ARM g++ compiler'
arm-xilinx-eabi-g++ -Wall -O0 -g3 -c -fmessage-length=0 -MT"src/main.o" -I../../CCLabelling_bsp/ps7_cortexa9_0/include -MMD -MP -MF"src/main.d" -MT"src/main.d" -o "src/main.o" "../src/main.cc"
../src/main.cc: In function 'int main()':
../src/main.cc:227:3: error: 'Image' was not declared in this scope
   Image[i] = inputIMG[i];
   ^
../src/main.cc:232:40: error: 'Image' was not declared in this scope
  u32 centroidCountSW = softwareCCLabel(Image, XSW, YSW);
                                        ^
make: *** [src/main.o] Error 1
18:08:51 **** Auto Build of configuration Debug for project CCLabelling ****
make all 
'Building file: ../src/main.cc'
'Invoking: ARM g++ compiler'
arm-xilinx-eabi-g++ -Wall -O0 -g3 -c -fmessage-length=0 -MT"src/main.o" -I../../CCLabelling_bsp/ps7_cortexa9_0/include -MMD -MP -MF"src/main.d" -MT"src/main.d" -o "src/main.o" "../src/main.cc"
../src/main.cc: In function 'int main()':
../src/main.cc:232:3: error: 'Image' was not declared in this scope
   Image[i] = inputIMG[i];
   ^
../src/main.cc:237:40: error: 'Image' was not declared in this scope
  u32 centroidCountSW = softwareCCLabel(Image, XSW, YSW);
                                        ^
make: *** [src/main.o] Error 1
18:08:54 **** Auto Build of configuration Debug for project CCLabelling ****
make all 
'Building file: ../src/main.cc'
'Invoking: ARM g++ compiler'
arm-xilinx-eabi-g++ -Wall -O0 -g3 -c -fmessage-length=0 -MT"src/main.o" -I../../CCLabelling_bsp/ps7_cortexa9_0/include -MMD -MP -MF"src/main.d" -MT"src/main.d" -o "src/main.o" "../src/main.cc"
../src/main.cc: In function 'int main()':
../src/main.cc:232:3: error: 'Image' was not declared in this scope
   Image[i] = inputIMG[i];
   ^
../src/main.cc:237:40: error: 'Image' was not declared in this scope
  u32 centroidCountSW = softwareCCLabel(Image, XSW, YSW);
                                        ^
make: *** [src/main.o] Error 1
18:09:14 **** Auto Build of configuration Debug for project CCLabelling ****
make all 
'Building file: ../src/main.cc'
'Invoking: ARM g++ compiler'
arm-xilinx-eabi-g++ -Wall -O0 -g3 -c -fmessage-length=0 -MT"src/main.o" -I../../CCLabelling_bsp/ps7_cortexa9_0/include -MMD -MP -MF"src/main.d" -MT"src/main.d" -o "src/main.o" "../src/main.cc"
../src/main.cc: In function 'int main()':
../src/main.cc:232:3: error: 'Image' was not declared in this scope
   Image[i] = inputIMG[i];
   ^
../src/main.cc:237:40: error: 'Image' was not declared in this scope
  u32 centroidCountSW = softwareCCLabel(Image, XSW, YSW);
                                        ^
make: *** [src/main.o] Error 1
18:10:29 **** Auto Build of configuration Debug for project CCLabelling ****
make all 
'Building file: ../src/main.cc'
'Invoking: ARM g++ compiler'
arm-xilinx-eabi-g++ -Wall -O0 -g3 -c -fmessage-length=0 -MT"src/main.o" -I../../CCLabelling_bsp/ps7_cortexa9_0/include -MMD -MP -MF"src/main.d" -MT"src/main.d" -o "src/main.o" "../src/main.cc"
../src/main.cc: In function 'int main()':
../src/main.cc:235:3: error: 'Image' was not declared in this scope
   Image[i] = inputIMG[i];
   ^
../src/main.cc:240:40: error: 'Image' was not declared in this scope
  u32 centroidCountSW = softwareCCLabel(Image, XSW, YSW);
                                        ^
make: *** [src/main.o] Error 1
18:10:33 **** Auto Build of configuration Debug for project CCLabelling ****
make all 
'Building file: ../src/main.cc'
'Invoking: ARM g++ compiler'
arm-xilinx-eabi-g++ -Wall -O0 -g3 -c -fmessage-length=0 -MT"src/main.o" -I../../CCLabelling_bsp/ps7_cortexa9_0/include -MMD -MP -MF"src/main.d" -MT"src/main.d" -o "src/main.o" "../src/main.cc"
../src/main.cc: In function 'int main()':
../src/main.cc:236:3: error: 'Image' was not declared in this scope
   Image[i] = inputIMG[i];
   ^
../src/main.cc:241:40: error: 'Image' was not declared in this scope
  u32 centroidCountSW = softwareCCLabel(Image, XSW, YSW);
                                        ^
make: *** [src/main.o] Error 1
18:10:47 **** Auto Build of configuration Debug for project CCLabelling ****
make all 
'Building file: ../src/main.cc'
'Invoking: ARM g++ compiler'
arm-xilinx-eabi-g++ -Wall -O0 -g3 -c -fmessage-length=0 -MT"src/main.o" -I../../CCLabelling_bsp/ps7_cortexa9_0/include -MMD -MP -MF"src/main.d" -MT"src/main.d" -o "src/main.o" "../src/main.cc"
../src/main.cc: In function 'int main()':
../src/main.cc:236:3: error: 'Image' was not declared in this scope
   Image[i] = inputIMG[i];
   ^
../src/main.cc:241:40: error: 'Image' was not declared in this scope
  u32 centroidCountSW = softwareCCLabel(Image, XSW, YSW);
                                        ^
make: *** [src/main.o] Error 1
18:11:56 **** Auto Build of configuration Debug for project CCLabelling ****
make all 
'Building file: ../src/main.cc'
'Invoking: ARM g++ compiler'
arm-xilinx-eabi-g++ -Wall -O0 -g3 -c -fmessage-length=0 -MT"src/main.o" -I../../CCLabelling_bsp/ps7_cortexa9_0/include -MMD -MP -MF"src/main.d" -MT"src/main.d" -o "src/main.o" "../src/main.cc"
../src/main.cc: In function 'int main()':
../src/main.cc:240:40: error: 'Image' was not declared in this scope
  u32 centroidCountSW = softwareCCLabel(Image, XSW, YSW);
                                        ^
make: *** [src/main.o] Error 1
18:12:14 **** Auto Build of configuration Debug for project CCLabelling ****
make all 
'Building file: ../src/main.cc'
'Invoking: ARM g++ compiler'
arm-xilinx-eabi-g++ -Wall -O0 -g3 -c -fmessage-length=0 -MT"src/main.o" -I../../CCLabelling_bsp/ps7_cortexa9_0/include -MMD -MP -MF"src/main.d" -MT"src/main.d" -o "src/main.o" "../src/main.cc"
'Finished building: ../src/main.cc'
' '
'Building target: CCLabelling.elf'
'Invoking: ARM g++ linker'
arm-xilinx-eabi-g++ -Wl,-T -Wl,../src/lscript.ld -L../../CCLabelling_bsp/ps7_cortexa9_0/lib -o "CCLabelling.elf"  ./src/AxiTimerHelper.o ./src/main.o ./src/platform.o   -Wl,--start-group,-lxil,-lgcc,-lc,-lstdc++,--end-group
'Finished building target: CCLabelling.elf'
' '
'Invoking: ARM Print Size'
arm-xilinx-eabi-size CCLabelling.elf  |tee "CCLabelling.elf.size"
   text	   data	    bss	    dec	    hex	filename
 130728	   2676	  28136	 161540	  27704	CCLabelling.elf
'Finished building: CCLabelling.elf.size'
' '
18:16:23 **** Auto Build of configuration Debug for project CCLabelling ****
make all 
'Building file: ../src/main.cc'
'Invoking: ARM g++ compiler'
arm-xilinx-eabi-g++ -Wall -O0 -g3 -c -fmessage-length=0 -MT"src/main.o" -I../../CCLabelling_bsp/ps7_cortexa9_0/include -MMD -MP -MF"src/main.d" -MT"src/main.d" -o "src/main.o" "../src/main.cc"
../src/main.cc: In function 'int main()':
../src/main.cc:246:25: error: too few arguments to function 'void XCclabel_Set_imgHeight(XCclabel*, u32)'
  XCclabel_Set_imgHeight()
                         ^
In file included from ../src/main.cc:4:0:
../../CCLabelling_bsp/ps7_cortexa9_0/include/xCCLabel.h:91:6: note: declared here
 void XCclabel_Set_imgHeight(XCclabel *InstancePtr, u32 Data);
      ^
../src/main.cc:249:2: error: expected ';' before 'XCclabel_Start'
  XCclabel_Start(&cCLabel);
  ^
../src/main.cc:236:7: warning: unused variable 'm_dma_buffer_TX' [-Wunused-variable]
  int *m_dma_buffer_TX = (int *) TX_BUFFER_BASE;
       ^
make: *** [src/main.o] Error 1
18:16:24 **** Auto Build of configuration Debug for project CCLabelling ****
make all 
'Building file: ../src/main.cc'
'Invoking: ARM g++ compiler'
arm-xilinx-eabi-g++ -Wall -O0 -g3 -c -fmessage-length=0 -MT"src/main.o" -I../../CCLabelling_bsp/ps7_cortexa9_0/include -MMD -MP -MF"src/main.d" -MT"src/main.d" -o "src/main.o" "../src/main.cc"
../src/main.cc: In function 'int main()':
../src/main.cc:246:25: error: too few arguments to function 'void XCclabel_Set_imgHeight(XCclabel*, u32)'
  XCclabel_Set_imgHeight();
                         ^
In file included from ../src/main.cc:4:0:
../../CCLabelling_bsp/ps7_cortexa9_0/include/xCCLabel.h:91:6: note: declared here
 void XCclabel_Set_imgHeight(XCclabel *InstancePtr, u32 Data);
      ^
../src/main.cc:236:7: warning: unused variable 'm_dma_buffer_TX' [-Wunused-variable]
  int *m_dma_buffer_TX = (int *) TX_BUFFER_BASE;
       ^
make: *** [src/main.o] Error 1
18:17:07 **** Auto Build of configuration Debug for project CCLabelling ****
make all 
'Building file: ../src/main.cc'
'Invoking: ARM g++ compiler'
arm-xilinx-eabi-g++ -Wall -O0 -g3 -c -fmessage-length=0 -MT"src/main.o" -I../../CCLabelling_bsp/ps7_cortexa9_0/include -MMD -MP -MF"src/main.d" -MT"src/main.d" -o "src/main.o" "../src/main.cc"
../src/main.cc: In function 'int main()':
../src/main.cc:244:35: error: invalid conversion from 'int' to 'XCclabel*' [-fpermissive]
  XCclabel_Set_imgHeight(IMG_HEIGHT);
                                   ^
../src/main.cc:244:35: error: too few arguments to function 'void XCclabel_Set_imgHeight(XCclabel*, u32)'
In file included from ../src/main.cc:4:0:
../../CCLabelling_bsp/ps7_cortexa9_0/include/xCCLabel.h:91:6: note: declared here
 void XCclabel_Set_imgHeight(XCclabel *InstancePtr, u32 Data);
      ^
../src/main.cc:234:7: warning: unused variable 'm_dma_buffer_TX' [-Wunused-variable]
  int *m_dma_buffer_TX = (int *) TX_BUFFER_BASE;
       ^
make: *** [src/main.o] Error 1
18:17:57 **** Auto Build of configuration Debug for project CCLabelling ****
make all 
'Building file: ../src/main.cc'
'Invoking: ARM g++ compiler'
arm-xilinx-eabi-g++ -Wall -O0 -g3 -c -fmessage-length=0 -MT"src/main.o" -I../../CCLabelling_bsp/ps7_cortexa9_0/include -MMD -MP -MF"src/main.d" -MT"src/main.d" -o "src/main.o" "../src/main.cc"
../src/main.cc: In function 'int main()':
../src/main.cc:234:7: warning: unused variable 'm_dma_buffer_TX' [-Wunused-variable]
  int *m_dma_buffer_TX = (int *) TX_BUFFER_BASE;
       ^
'Finished building: ../src/main.cc'
' '
'Building target: CCLabelling.elf'
'Invoking: ARM g++ linker'
arm-xilinx-eabi-g++ -Wl,-T -Wl,../src/lscript.ld -L../../CCLabelling_bsp/ps7_cortexa9_0/lib -o "CCLabelling.elf"  ./src/AxiTimerHelper.o ./src/main.o ./src/platform.o   -Wl,--start-group,-lxil,-lgcc,-lc,-lstdc++,--end-group
'Finished building target: CCLabelling.elf'
' '
'Invoking: ARM Print Size'
arm-xilinx-eabi-size CCLabelling.elf  |tee "CCLabelling.elf.size"
   text	   data	    bss	    dec	    hex	filename
 130728	   2676	  28136	 161540	  27704	CCLabelling.elf
'Finished building: CCLabelling.elf.size'
' '
18:18:01 **** Auto Build of configuration Debug for project CCLabelling ****
make all 
'Building file: ../src/main.cc'
'Invoking: ARM g++ compiler'
arm-xilinx-eabi-g++ -Wall -O0 -g3 -c -fmessage-length=0 -MT"src/main.o" -I../../CCLabelling_bsp/ps7_cortexa9_0/include -MMD -MP -MF"src/main.d" -MT"src/main.d" -o "src/main.o" "../src/main.cc"
../src/main.cc: In function 'int main()':
../src/main.cc:234:7: warning: unused variable 'm_dma_buffer_TX' [-Wunused-variable]
  int *m_dma_buffer_TX = (int *) TX_BUFFER_BASE;
       ^
'Finished building: ../src/main.cc'
' '
'Building target: CCLabelling.elf'
'Invoking: ARM g++ linker'
arm-xilinx-eabi-g++ -Wl,-T -Wl,../src/lscript.ld -L../../CCLabelling_bsp/ps7_cortexa9_0/lib -o "CCLabelling.elf"  ./src/AxiTimerHelper.o ./src/main.o ./src/platform.o   -Wl,--start-group,-lxil,-lgcc,-lc,-lstdc++,--end-group
'Finished building target: CCLabelling.elf'
' '
'Invoking: ARM Print Size'
arm-xilinx-eabi-size CCLabelling.elf  |tee "CCLabelling.elf.size"
   text	   data	    bss	    dec	    hex	filename
 130728	   2676	  28136	 161540	  27704	CCLabelling.elf
'Finished building: CCLabelling.elf.size'
' '
18:18:20 **** Auto Build of configuration Debug for project CCLabelling ****
make all 
'Building file: ../src/main.cc'
'Invoking: ARM g++ compiler'
arm-xilinx-eabi-g++ -Wall -O0 -g3 -c -fmessage-length=0 -MT"src/main.o" -I../../CCLabelling_bsp/ps7_cortexa9_0/include -MMD -MP -MF"src/main.d" -MT"src/main.d" -o "src/main.o" "../src/main.cc"
../src/main.cc: In function 'int main()':
../src/main.cc:234:7: warning: unused variable 'm_dma_buffer_TX' [-Wunused-variable]
  int *m_dma_buffer_TX = (int *) TX_BUFFER_BASE;
       ^
'Finished building: ../src/main.cc'
' '
'Building target: CCLabelling.elf'
'Invoking: ARM g++ linker'
arm-xilinx-eabi-g++ -Wl,-T -Wl,../src/lscript.ld -L../../CCLabelling_bsp/ps7_cortexa9_0/lib -o "CCLabelling.elf"  ./src/AxiTimerHelper.o ./src/main.o ./src/platform.o   -Wl,--start-group,-lxil,-lgcc,-lc,-lstdc++,--end-group
'Finished building target: CCLabelling.elf'
' '
'Invoking: ARM Print Size'
arm-xilinx-eabi-size CCLabelling.elf  |tee "CCLabelling.elf.size"
   text	   data	    bss	    dec	    hex	filename
 130792	   2676	  28136	 161604	  27744	CCLabelling.elf
'Finished building: CCLabelling.elf.size'
' '
18:22:52 **** Auto Build of configuration Debug for project CCLabelling ****
make all 
'Building file: ../src/main.cc'
'Invoking: ARM g++ compiler'
arm-xilinx-eabi-g++ -Wall -O0 -g3 -c -fmessage-length=0 -MT"src/main.o" -I../../CCLabelling_bsp/ps7_cortexa9_0/include -MMD -MP -MF"src/main.d" -MT"src/main.d" -o "src/main.o" "../src/main.cc"
../src/main.cc: In function 'int main()':
../src/main.cc:234:7: warning: unused variable 'm_dma_buffer_TX' [-Wunused-variable]
  int *m_dma_buffer_TX = (int *) TX_BUFFER_BASE;
       ^
'Finished building: ../src/main.cc'
' '
'Building target: CCLabelling.elf'
'Invoking: ARM g++ linker'
arm-xilinx-eabi-g++ -Wl,-T -Wl,../src/lscript.ld -L../../CCLabelling_bsp/ps7_cortexa9_0/lib -o "CCLabelling.elf"  ./src/AxiTimerHelper.o ./src/main.o ./src/platform.o   -Wl,--start-group,-lxil,-lgcc,-lc,-lstdc++,--end-group
'Finished building target: CCLabelling.elf'
' '
'Invoking: ARM Print Size'
arm-xilinx-eabi-size CCLabelling.elf  |tee "CCLabelling.elf.size"
   text	   data	    bss	    dec	    hex	filename
 130792	   2676	  28136	 161604	  27744	CCLabelling.elf
'Finished building: CCLabelling.elf.size'
' '
18:24:12 **** Auto Build of configuration Debug for project CCLabelling ****
make all 
'Building file: ../src/main.cc'
'Invoking: ARM g++ compiler'
arm-xilinx-eabi-g++ -Wall -O0 -g3 -c -fmessage-length=0 -MT"src/main.o" -I../../CCLabelling_bsp/ps7_cortexa9_0/include -MMD -MP -MF"src/main.d" -MT"src/main.d" -o "src/main.o" "../src/main.cc"
../src/main.cc: In function 'int main()':
../src/main.cc:234:7: warning: unused variable 'm_dma_buffer_TX' [-Wunused-variable]
  int *m_dma_buffer_TX = (int *) TX_BUFFER_BASE;
       ^
'Finished building: ../src/main.cc'
' '
'Building target: CCLabelling.elf'
'Invoking: ARM g++ linker'
arm-xilinx-eabi-g++ -Wl,-T -Wl,../src/lscript.ld -L../../CCLabelling_bsp/ps7_cortexa9_0/lib -o "CCLabelling.elf"  ./src/AxiTimerHelper.o ./src/main.o ./src/platform.o   -Wl,--start-group,-lxil,-lgcc,-lc,-lstdc++,--end-group
'Finished building target: CCLabelling.elf'
' '
'Invoking: ARM Print Size'
arm-xilinx-eabi-size CCLabelling.elf  |tee "CCLabelling.elf.size"
   text	   data	    bss	    dec	    hex	filename
 130792	   2676	  28136	 161604	  27744	CCLabelling.elf
'Finished building: CCLabelling.elf.size'
' '
18:26:46 **** Auto Build of configuration Debug for project CCLabelling ****
make all 
'Building file: ../src/main.cc'
'Invoking: ARM g++ compiler'
arm-xilinx-eabi-g++ -Wall -O0 -g3 -c -fmessage-length=0 -MT"src/main.o" -I../../CCLabelling_bsp/ps7_cortexa9_0/include -MMD -MP -MF"src/main.d" -MT"src/main.d" -o "src/main.o" "../src/main.cc"
../src/main.cc: In function 'int main()':
../src/main.cc:251:39: error: 'inputImage' was not declared in this scope
  XAxiDma_SimpleTransfer(&axiDMA, (u32)inputImage, IMG_HEIGHT * IMG_WIDTH * sizeof(int), XAXIDMA_DMA_TO_DEVICE);
                                       ^
../src/main.cc:234:7: warning: unused variable 'm_dma_buffer_TX' [-Wunused-variable]
  int *m_dma_buffer_TX = (int *) TX_BUFFER_BASE;
       ^
make: *** [src/main.o] Error 1
18:26:56 **** Auto Build of configuration Debug for project CCLabelling ****
make all 
'Building file: ../src/main.cc'
'Invoking: ARM g++ compiler'
arm-xilinx-eabi-g++ -Wall -O0 -g3 -c -fmessage-length=0 -MT"src/main.o" -I../../CCLabelling_bsp/ps7_cortexa9_0/include -MMD -MP -MF"src/main.d" -MT"src/main.d" -o "src/main.o" "../src/main.cc"
../src/main.cc: In function 'int main()':
../src/main.cc:234:7: warning: unused variable 'm_dma_buffer_TX' [-Wunused-variable]
  int *m_dma_buffer_TX = (int *) TX_BUFFER_BASE;
       ^
'Finished building: ../src/main.cc'
' '
'Building target: CCLabelling.elf'
'Invoking: ARM g++ linker'
arm-xilinx-eabi-g++ -Wl,-T -Wl,../src/lscript.ld -L../../CCLabelling_bsp/ps7_cortexa9_0/lib -o "CCLabelling.elf"  ./src/AxiTimerHelper.o ./src/main.o ./src/platform.o   -Wl,--start-group,-lxil,-lgcc,-lc,-lstdc++,--end-group
'Finished building target: CCLabelling.elf'
' '
'Invoking: ARM Print Size'
arm-xilinx-eabi-size CCLabelling.elf  |tee "CCLabelling.elf.size"
   text	   data	    bss	    dec	    hex	filename
 130856	   2676	  28136	 161668	  27784	CCLabelling.elf
'Finished building: CCLabelling.elf.size'
' '
18:28:15 **** Auto Build of configuration Debug for project CCLabelling ****
make all 
'Building file: ../src/main.cc'
'Invoking: ARM g++ compiler'
arm-xilinx-eabi-g++ -Wall -O0 -g3 -c -fmessage-length=0 -MT"src/main.o" -I../../CCLabelling_bsp/ps7_cortexa9_0/include -MMD -MP -MF"src/main.d" -MT"src/main.d" -o "src/main.o" "../src/main.cc"
'Finished building: ../src/main.cc'
' '
'Building target: CCLabelling.elf'
'Invoking: ARM g++ linker'
arm-xilinx-eabi-g++ -Wl,-T -Wl,../src/lscript.ld -L../../CCLabelling_bsp/ps7_cortexa9_0/lib -o "CCLabelling.elf"  ./src/AxiTimerHelper.o ./src/main.o ./src/platform.o   -Wl,--start-group,-lxil,-lgcc,-lc,-lstdc++,--end-group
'Finished building target: CCLabelling.elf'
' '
'Invoking: ARM Print Size'
arm-xilinx-eabi-size CCLabelling.elf  |tee "CCLabelling.elf.size"
   text	   data	    bss	    dec	    hex	filename
 130792	   2676	  28136	 161604	  27744	CCLabelling.elf
'Finished building: CCLabelling.elf.size'
' '
18:29:37 **** Incremental Build of configuration Debug for project CCLabelling ****
make all 
make: Nothing to be done for `all'.
18:29:57 **** Incremental Build of configuration Debug for project CCLabelling ****
make all 
make: Nothing to be done for `all'.
18:31:30 **** Auto Build of configuration Debug for project CCLabelling ****
make all 
'Building file: ../src/main.cc'
'Invoking: ARM g++ compiler'
arm-xilinx-eabi-g++ -Wall -O0 -g3 -c -fmessage-length=0 -MT"src/main.o" -I../../CCLabelling_bsp/ps7_cortexa9_0/include -MMD -MP -MF"src/main.d" -MT"src/main.d" -o "src/main.o" "../src/main.cc"
../src/main.cc: In function 'int main()':
../src/main.cc:238:40: error: 'inputIMG' was not declared in this scope
  u32 centroidCountSW = softwareCCLabel(inputIMG, XSW, YSW);
                                        ^
make: *** [src/main.o] Error 1
18:31:47 **** Auto Build of configuration Debug for project CCLabelling ****
make all 
'Building file: ../src/main.cc'
'Invoking: ARM g++ compiler'
arm-xilinx-eabi-g++ -Wall -O0 -g3 -c -fmessage-length=0 -MT"src/main.o" -I../../CCLabelling_bsp/ps7_cortexa9_0/include -MMD -MP -MF"src/main.d" -MT"src/main.d" -o "src/main.o" "../src/main.cc"
'Finished building: ../src/main.cc'
' '
'Building target: CCLabelling.elf'
'Invoking: ARM g++ linker'
arm-xilinx-eabi-g++ -Wl,-T -Wl,../src/lscript.ld -L../../CCLabelling_bsp/ps7_cortexa9_0/lib -o "CCLabelling.elf"  ./src/AxiTimerHelper.o ./src/main.o ./src/platform.o   -Wl,--start-group,-lxil,-lgcc,-lc,-lstdc++,--end-group
'Finished building target: CCLabelling.elf'
' '
'Invoking: ARM Print Size'
arm-xilinx-eabi-size CCLabelling.elf  |tee "CCLabelling.elf.size"
   text	   data	    bss	    dec	    hex	filename
 130856	1050996	1076456	2258308	 227584	CCLabelling.elf
'Finished building: CCLabelling.elf.size'
' '
18:31:58 **** Incremental Build of configuration Debug for project CCLabelling ****
make all 
make: Nothing to be done for `all'.
18:34:15 **** Auto Build of configuration Debug for project CCLabelling ****
make all 
'Building file: ../src/main.cc'
'Invoking: ARM g++ compiler'
arm-xilinx-eabi-g++ -Wall -O0 -g3 -c -fmessage-length=0 -MT"src/main.o" -I../../CCLabelling_bsp/ps7_cortexa9_0/include -MMD -MP -MF"src/main.d" -MT"src/main.d" -o "src/main.o" "../src/main.cc"
'Finished building: ../src/main.cc'
' '
'Building target: CCLabelling.elf'
'Invoking: ARM g++ linker'
arm-xilinx-eabi-g++ -Wl,-T -Wl,../src/lscript.ld -L../../CCLabelling_bsp/ps7_cortexa9_0/lib -o "CCLabelling.elf"  ./src/AxiTimerHelper.o ./src/main.o ./src/platform.o   -Wl,--start-group,-lxil,-lgcc,-lc,-lstdc++,--end-group
'Finished building target: CCLabelling.elf'
' '
'Invoking: ARM Print Size'
arm-xilinx-eabi-size CCLabelling.elf  |tee "CCLabelling.elf.size"
   text	   data	    bss	    dec	    hex	filename
 130856	1050996	1076456	2258308	 227584	CCLabelling.elf
'Finished building: CCLabelling.elf.size'
' '
18:34:20 **** Incremental Build of configuration Debug for project CCLabelling ****
make all 
make: Nothing to be done for `all'.
11:12:39 **** Build of configuration Debug for project StarTracking ****
make all 
'Building file: ../src/main.cc'
'Invoking: ARM g++ compiler'
arm-xilinx-eabi-g++ -Wall -O0 -g3 -c -fmessage-length=0 -MT"src/main.o" -I../../CCLabelling_bsp/ps7_cortexa9_0/include -MMD -MP -MF"src/main.d" -MT"src/main.d" -o "src/main.o" "../src/main.cc"
'Finished building: ../src/main.cc'
' '
'Building target: StarTracking.elf'
'Invoking: ARM g++ linker'
arm-xilinx-eabi-g++ -Wl,-T -Wl,../src/lscript.ld -L../../CCLabelling_bsp/ps7_cortexa9_0/lib -o "StarTracking.elf"  ./src/main.o   -Wl,--start-group,-lxil,-lgcc,-lc,-lstdc++,--end-group
'Finished building target: StarTracking.elf'
' '
'Invoking: ARM Print Size'
arm-xilinx-eabi-size StarTracking.elf  |tee "StarTracking.elf.size"
   text	   data	    bss	    dec	    hex	filename
  19500	   1152	  22556	  43208	   a8c8	StarTracking.elf
'Finished building: StarTracking.elf.size'
' '
11:13:33 **** Auto Build of configuration Debug for project StarTracking ****
make all 
'Building file: ../src/main.cc'
'Invoking: ARM g++ compiler'
arm-xilinx-eabi-g++ -Wall -O0 -g3 -c -fmessage-length=0 -MT"src/main.o" -I../../CCLabelling_bsp/ps7_cortexa9_0/include -MMD -MP -MF"src/main.d" -MT"src/main.d" -o "src/main.o" "../src/main.cc"
'Finished building: ../src/main.cc'
' '
'Building file: ../src/AxiTimerHelper.cpp'
'Invoking: ARM g++ compiler'
arm-xilinx-eabi-g++ -Wall -O0 -g3 -c -fmessage-length=0 -MT"src/AxiTimerHelper.o" -I../../CCLabelling_bsp/ps7_cortexa9_0/include -MMD -MP -MF"src/AxiTimerHelper.d" -MT"src/AxiTimerHelper.d" -o "src/AxiTimerHelper.o" "../src/AxiTimerHelper.cpp"
'Finished building: ../src/AxiTimerHelper.cpp'
' '
'Building file: ../src/platform.cc'
'Invoking: ARM g++ compiler'
arm-xilinx-eabi-g++ -Wall -O0 -g3 -c -fmessage-length=0 -MT"src/platform.o" -I../../CCLabelling_bsp/ps7_cortexa9_0/include -MMD -MP -MF"src/platform.d" -MT"src/platform.d" -o "src/platform.o" "../src/platform.cc"
'Finished building: ../src/platform.cc'
' '
'Building target: StarTracking.elf'
'Invoking: ARM g++ linker'
arm-xilinx-eabi-g++ -Wl,-T -Wl,../src/lscript.ld -L../../CCLabelling_bsp/ps7_cortexa9_0/lib -o "StarTracking.elf"  ./src/AxiTimerHelper.o ./src/main.o ./src/platform.o   -Wl,--start-group,-lxil,-lgcc,-lc,-lstdc++,--end-group
'Finished building target: StarTracking.elf'
' '
'Invoking: ARM Print Size'
arm-xilinx-eabi-size StarTracking.elf  |tee "StarTracking.elf.size"
   text	   data	    bss	    dec	    hex	filename
 130856	1050996	1076456	2258308	 227584	StarTracking.elf
'Finished building: StarTracking.elf.size'
' '
11:14:09 **** Auto Build of configuration Debug for project StarTracking ****
make all 
make: Nothing to be done for `all'.
11:14:17 **** Auto Build of configuration Debug for project StarTracking ****
make all 
make: Nothing to be done for `all'.
11:14:50 **** Clean-only build of configuration Debug for project StarTracking ****
make clean 
rm -rf  ./src/main.d ./src/platform.d  ./src/AxiTimerHelper.o ./src/main.o ./src/platform.o  ./src/AxiTimerHelper.d  StarTracking.elf.size  StarTracking.elf
' '
11:14:50 **** Auto Build of configuration Debug for project StarTracking ****
make all 
'Building file: ../src/AxiTimerHelper.cpp'
'Invoking: ARM g++ compiler'
arm-xilinx-eabi-g++ -Wall -O0 -g3 -c -fmessage-length=0 -MT"src/AxiTimerHelper.o" -I../../CCLabelling_bsp/ps7_cortexa9_0/include -MMD -MP -MF"src/AxiTimerHelper.d" -MT"src/AxiTimerHelper.d" -o "src/AxiTimerHelper.o" "../src/AxiTimerHelper.cpp"
'Finished building: ../src/AxiTimerHelper.cpp'
' '
'Building file: ../src/main.cc'
'Invoking: ARM g++ compiler'
arm-xilinx-eabi-g++ -Wall -O0 -g3 -c -fmessage-length=0 -MT"src/main.o" -I../../CCLabelling_bsp/ps7_cortexa9_0/include -MMD -MP -MF"src/main.d" -MT"src/main.d" -o "src/main.o" "../src/main.cc"
'Finished building: ../src/main.cc'
' '
'Building file: ../src/platform.cc'
'Invoking: ARM g++ compiler'
arm-xilinx-eabi-g++ -Wall -O0 -g3 -c -fmessage-length=0 -MT"src/platform.o" -I../../CCLabelling_bsp/ps7_cortexa9_0/include -MMD -MP -MF"src/platform.d" -MT"src/platform.d" -o "src/platform.o" "../src/platform.cc"
'Finished building: ../src/platform.cc'
' '
'Building target: StarTracking.elf'
'Invoking: ARM g++ linker'
arm-xilinx-eabi-g++ -Wl,-T -Wl,../src/lscript.ld -L../../CCLabelling_bsp/ps7_cortexa9_0/lib -o "StarTracking.elf"  ./src/AxiTimerHelper.o ./src/main.o ./src/platform.o   -Wl,--start-group,-lxil,-lgcc,-lc,-lstdc++,--end-group
'Finished building target: StarTracking.elf'
' '
'Invoking: ARM Print Size'
arm-xilinx-eabi-size StarTracking.elf  |tee "StarTracking.elf.size"
   text	   data	    bss	    dec	    hex	filename
 130856	1050996	1076456	2258308	 227584	StarTracking.elf
'Finished building: StarTracking.elf.size'
' '
11:15:26 **** Auto Build of configuration Debug for project StarTracking ****
make all 
'Building file: ../src/main.cc'
'Invoking: ARM g++ compiler'
arm-xilinx-eabi-g++ -Wall -O0 -g3 -c -fmessage-length=0 -MT"src/main.o" -I../../CCLabelling_bsp/ps7_cortexa9_0/include -MMD -MP -MF"src/main.d" -MT"src/main.d" -o "src/main.o" "../src/main.cc"
'Finished building: ../src/main.cc'
' '
'Building target: StarTracking.elf'
'Invoking: ARM g++ linker'
arm-xilinx-eabi-g++ -Wl,-T -Wl,../src/lscript.ld -L../../CCLabelling_bsp/ps7_cortexa9_0/lib -o "StarTracking.elf"  ./src/AxiTimerHelper.o ./src/main.o ./src/platform.o   -Wl,--start-group,-lxil,-lgcc,-lc,-lstdc++,--end-group
'Finished building target: StarTracking.elf'
' '
'Invoking: ARM Print Size'
arm-xilinx-eabi-size StarTracking.elf  |tee "StarTracking.elf.size"
   text	   data	    bss	    dec	    hex	filename
 130728	1050996	1076456	2258180	 227504	StarTracking.elf
'Finished building: StarTracking.elf.size'
' '
11:16:01 **** Auto Build of configuration Debug for project StarTracking ****
make all 
make: Nothing to be done for `all'.
11:16:05 **** Auto Build of configuration Debug for project StarTracking ****
make all 
'Building file: ../src/main.cc'
'Invoking: ARM g++ compiler'
arm-xilinx-eabi-g++ -Wall -O0 -g3 -c -fmessage-length=0 -MT"src/main.o" -I../../CCLabelling_bsp/ps7_cortexa9_0/include -MMD -MP -MF"src/main.d" -MT"src/main.d" -o "src/main.o" "../src/main.cc"
../src/main.cc: In function 'int main()':
../src/main.cc:175:12: error: 'init_core' was not declared in this scope
  init_core();
            ^
../src/main.cc:176:30: error: 'cCLabel' was not declared in this scope
  XCclabel_EnableAutoRestart(&cCLabel);
                              ^
../src/main.cc:199:26: error: 'axiDMA' was not declared in this scope
  XAxiDma_SimpleTransfer(&axiDMA, (u32)inputIMG, IMG_HEIGHT * IMG_WIDTH * sizeof(int), XAXIDMA_DMA_TO_DEVICE);
                          ^
../src/main.cc:229:47: error: 'XHW' was not declared in this scope
   xil_printf("  Star[%d]: (%d, %d)\r\n", i+1, XHW[i], YHW[i]);
                                               ^
../src/main.cc:229:55: error: 'YHW' was not declared in this scope
   xil_printf("  Star[%d]: (%d, %d)\r\n", i+1, XHW[i], YHW[i]);
                                                       ^
make: *** [src/main.o] Error 1
11:16:24 **** Auto Build of configuration Debug for project StarTracking ****
make all 
'Building file: ../src/main.cc'
'Invoking: ARM g++ compiler'
arm-xilinx-eabi-g++ -Wall -O0 -g3 -c -fmessage-length=0 -MT"src/main.o" -I../../CCLabelling_bsp/ps7_cortexa9_0/include -MMD -MP -MF"src/main.d" -MT"src/main.d" -o "src/main.o" "../src/main.cc"
'Finished building: ../src/main.cc'
' '
'Building target: StarTracking.elf'
'Invoking: ARM g++ linker'
arm-xilinx-eabi-g++ -Wl,-T -Wl,../src/lscript.ld -L../../CCLabelling_bsp/ps7_cortexa9_0/lib -o "StarTracking.elf"  ./src/AxiTimerHelper.o ./src/main.o ./src/platform.o   -Wl,--start-group,-lxil,-lgcc,-lc,-lstdc++,--end-group
'Finished building target: StarTracking.elf'
' '
'Invoking: ARM Print Size'
arm-xilinx-eabi-size StarTracking.elf  |tee "StarTracking.elf.size"
   text	   data	    bss	    dec	    hex	filename
 130728	1050996	1076456	2258180	 227504	StarTracking.elf
'Finished building: StarTracking.elf.size'
' '
11:16:52 **** Auto Build of configuration Debug for project StarTracking ****
make all 
'Building file: ../src/main.cc'
'Invoking: ARM g++ compiler'
arm-xilinx-eabi-g++ -Wall -O0 -g3 -c -fmessage-length=0 -MT"src/main.o" -I../../CCLabelling_bsp/ps7_cortexa9_0/include -MMD -MP -MF"src/main.d" -MT"src/main.d" -o "src/main.o" "../src/main.cc"
../src/main.cc: In function 'int main()':
../src/main.cc:25:50: error: 'XSW' was not declared in this scope
  u32 centroidCountSW = softwareCCLabel(inputIMG, XSW, YSW);
                                                  ^
../src/main.cc:25:55: error: 'YSW' was not declared in this scope
  u32 centroidCountSW = softwareCCLabel(inputIMG, XSW, YSW);
                                                       ^
../src/main.cc:25:58: error: 'softwareCCLabel' was not declared in this scope
  u32 centroidCountSW = softwareCCLabel(inputIMG, XSW, YSW);
                                                          ^
make: *** [src/main.o] Error 1
11:17:15 **** Auto Build of configuration Debug for project StarTracking ****
make all 
'Building file: ../src/main.cc'
'Invoking: ARM g++ compiler'
arm-xilinx-eabi-g++ -Wall -O0 -g3 -c -fmessage-length=0 -MT"src/main.o" -I../../CCLabelling_bsp/ps7_cortexa9_0/include -MMD -MP -MF"src/main.d" -MT"src/main.d" -o "src/main.o" "../src/main.cc"
../src/main.cc: In function 'int main()':
../src/main.cc:55:54: error: 'SWtime' was not declared in this scope
  xil_printf(" SW runtime: %d ns\r\n", (unsigned int)(SWtime * 1000000000));
                                                      ^
../src/main.cc:56:45: error: 'centroidCountSW' was not declared in this scope
  xil_printf(" Number of centroids: %d\r\n", centroidCountSW);
                                             ^
../src/main.cc:58:47: error: 'XSW' was not declared in this scope
   xil_printf("  Star[%d]: (%d, %d)\r\n", i+1, XSW[i], YSW[i]);
                                               ^
../src/main.cc:58:55: error: 'YSW' was not declared in this scope
   xil_printf("  Star[%d]: (%d, %d)\r\n", i+1, XSW[i], YSW[i]);
                                                       ^
make: *** [src/main.o] Error 1
11:17:53 **** Auto Build of configuration Debug for project StarTracking ****
make all 
'Building file: ../src/main.cc'
'Invoking: ARM g++ compiler'
arm-xilinx-eabi-g++ -Wall -O0 -g3 -c -fmessage-length=0 -MT"src/main.o" -I../../CCLabelling_bsp/ps7_cortexa9_0/include -MMD -MP -MF"src/main.d" -MT"src/main.d" -o "src/main.o" "../src/main.cc"
../src/main.cc: In function 'int main()':
../src/main.cc:43:9: warning: unused variable 'HWtime' [-Wunused-variable]
  double HWtime = timer.getElapsedTimerInSeconds();
         ^
'Finished building: ../src/main.cc'
' '
'Building target: StarTracking.elf'
'Invoking: ARM g++ linker'
arm-xilinx-eabi-g++ -Wl,-T -Wl,../src/lscript.ld -L../../CCLabelling_bsp/ps7_cortexa9_0/lib -o "StarTracking.elf"  ./src/AxiTimerHelper.o ./src/main.o ./src/platform.o   -Wl,--start-group,-lxil,-lgcc,-lc,-lstdc++,--end-group
'Finished building target: StarTracking.elf'
' '
'Invoking: ARM Print Size'
arm-xilinx-eabi-size StarTracking.elf  |tee "StarTracking.elf.size"
   text	   data	    bss	    dec	    hex	filename
 127456	1050996	  26872	1205324	 12644c	StarTracking.elf
'Finished building: StarTracking.elf.size'
' '
11:17:57 **** Auto Build of configuration Debug for project StarTracking ****
make all 
'Building file: ../src/main.cc'
'Invoking: ARM g++ compiler'
arm-xilinx-eabi-g++ -Wall -O0 -g3 -c -fmessage-length=0 -MT"src/main.o" -I../../CCLabelling_bsp/ps7_cortexa9_0/include -MMD -MP -MF"src/main.d" -MT"src/main.d" -o "src/main.o" "../src/main.cc"
../src/main.cc: In function 'int main()':
../src/main.cc:43:9: warning: unused variable 'HWtime' [-Wunused-variable]
  double HWtime = timer.getElapsedTimerInSeconds();
         ^
'Finished building: ../src/main.cc'
' '
'Building target: StarTracking.elf'
'Invoking: ARM g++ linker'
arm-xilinx-eabi-g++ -Wl,-T -Wl,../src/lscript.ld -L../../CCLabelling_bsp/ps7_cortexa9_0/lib -o "StarTracking.elf"  ./src/AxiTimerHelper.o ./src/main.o ./src/platform.o   -Wl,--start-group,-lxil,-lgcc,-lc,-lstdc++,--end-group
'Finished building target: StarTracking.elf'
' '
'Invoking: ARM Print Size'
arm-xilinx-eabi-size StarTracking.elf  |tee "StarTracking.elf.size"
   text	   data	    bss	    dec	    hex	filename
 127456	1050996	  26872	1205324	 12644c	StarTracking.elf
'Finished building: StarTracking.elf.size'
' '
11:18:51 **** Auto Build of configuration Debug for project StarTracking ****
make all 
'Building file: ../src/main.cc'
'Invoking: ARM g++ compiler'
arm-xilinx-eabi-g++ -Wall -O0 -g3 -c -fmessage-length=0 -MT"src/main.o" -I../../CCLabelling_bsp/ps7_cortexa9_0/include -MMD -MP -MF"src/main.d" -MT"src/main.d" -o "src/main.o" "../src/main.cc"
../src/main.cc: In function 'int main()':
../src/main.cc:39:9: warning: unused variable 'HWtime' [-Wunused-variable]
  double HWtime = timer.getElapsedTimerInSeconds();
         ^
'Finished building: ../src/main.cc'
' '
'Building target: StarTracking.elf'
'Invoking: ARM g++ linker'
arm-xilinx-eabi-g++ -Wl,-T -Wl,../src/lscript.ld -L../../CCLabelling_bsp/ps7_cortexa9_0/lib -o "StarTracking.elf"  ./src/AxiTimerHelper.o ./src/main.o ./src/platform.o   -Wl,--start-group,-lxil,-lgcc,-lc,-lstdc++,--end-group
'Finished building target: StarTracking.elf'
' '
'Invoking: ARM Print Size'
arm-xilinx-eabi-size StarTracking.elf  |tee "StarTracking.elf.size"
   text	   data	    bss	    dec	    hex	filename
 127456	1050996	  26872	1205324	 12644c	StarTracking.elf
'Finished building: StarTracking.elf.size'
' '
11:19:04 **** Auto Build of configuration Debug for project StarTracking ****
make all 
'Building file: ../src/main.cc'
'Invoking: ARM g++ compiler'
arm-xilinx-eabi-g++ -Wall -O0 -g3 -c -fmessage-length=0 -MT"src/main.o" -I../../CCLabelling_bsp/ps7_cortexa9_0/include -MMD -MP -MF"src/main.d" -MT"src/main.d" -o "src/main.o" "../src/main.cc"
../src/main.cc: In function 'int main()':
../src/main.cc:39:9: warning: unused variable 'HWtime' [-Wunused-variable]
  double HWtime = timer.getElapsedTimerInSeconds();
         ^
'Finished building: ../src/main.cc'
' '
'Building target: StarTracking.elf'
'Invoking: ARM g++ linker'
arm-xilinx-eabi-g++ -Wl,-T -Wl,../src/lscript.ld -L../../CCLabelling_bsp/ps7_cortexa9_0/lib -o "StarTracking.elf"  ./src/AxiTimerHelper.o ./src/main.o ./src/platform.o   -Wl,--start-group,-lxil,-lgcc,-lc,-lstdc++,--end-group
'Finished building target: StarTracking.elf'
' '
'Invoking: ARM Print Size'
arm-xilinx-eabi-size StarTracking.elf  |tee "StarTracking.elf.size"
   text	   data	    bss	    dec	    hex	filename
 127456	1050996	  26872	1205324	 12644c	StarTracking.elf
'Finished building: StarTracking.elf.size'
' '
11:19:22 **** Auto Build of configuration Debug for project StarTracking ****
make all 
'Building file: ../src/main.cc'
'Invoking: ARM g++ compiler'
arm-xilinx-eabi-g++ -Wall -O0 -g3 -c -fmessage-length=0 -MT"src/main.o" -I../../CCLabelling_bsp/ps7_cortexa9_0/include -MMD -MP -MF"src/main.d" -MT"src/main.d" -o "src/main.o" "../src/main.cc"
../src/main.cc: In function 'int main()':
../src/main.cc:39:9: warning: unused variable 'HWtime' [-Wunused-variable]
  double HWtime = timer.getElapsedTimerInSeconds();
         ^
'Finished building: ../src/main.cc'
' '
'Building target: StarTracking.elf'
'Invoking: ARM g++ linker'
arm-xilinx-eabi-g++ -Wl,-T -Wl,../src/lscript.ld -L../../CCLabelling_bsp/ps7_cortexa9_0/lib -o "StarTracking.elf"  ./src/AxiTimerHelper.o ./src/main.o ./src/platform.o   -Wl,--start-group,-lxil,-lgcc,-lc,-lstdc++,--end-group
'Finished building target: StarTracking.elf'
' '
'Invoking: ARM Print Size'
arm-xilinx-eabi-size StarTracking.elf  |tee "StarTracking.elf.size"
   text	   data	    bss	    dec	    hex	filename
 127456	1050996	  26872	1205324	 12644c	StarTracking.elf
'Finished building: StarTracking.elf.size'
' '
11:20:31 **** Auto Build of configuration Debug for project StarTracking ****
make all 
'Building file: ../src/main.cc'
'Invoking: ARM g++ compiler'
arm-xilinx-eabi-g++ -Wall -O0 -g3 -c -fmessage-length=0 -MT"src/main.o" -I../../CCLabelling_bsp/ps7_cortexa9_0/include -MMD -MP -MF"src/main.d" -MT"src/main.d" -o "src/main.o" "../src/main.cc"
'Finished building: ../src/main.cc'
' '
'Building target: StarTracking.elf'
'Invoking: ARM g++ linker'
arm-xilinx-eabi-g++ -Wl,-T -Wl,../src/lscript.ld -L../../CCLabelling_bsp/ps7_cortexa9_0/lib -o "StarTracking.elf"  ./src/AxiTimerHelper.o ./src/main.o ./src/platform.o   -Wl,--start-group,-lxil,-lgcc,-lc,-lstdc++,--end-group
'Finished building target: StarTracking.elf'
' '
'Invoking: ARM Print Size'
arm-xilinx-eabi-size StarTracking.elf  |tee "StarTracking.elf.size"
   text	   data	    bss	    dec	    hex	filename
 127456	1050996	  26872	1205324	 12644c	StarTracking.elf
'Finished building: StarTracking.elf.size'
' '
11:21:05 **** Auto Build of configuration Debug for project StarTracking ****
make all 
'Building file: ../src/main.cc'
'Invoking: ARM g++ compiler'
arm-xilinx-eabi-g++ -Wall -O0 -g3 -c -fmessage-length=0 -MT"src/main.o" -I../../CCLabelling_bsp/ps7_cortexa9_0/include -MMD -MP -MF"src/main.d" -MT"src/main.d" -o "src/main.o" "../src/main.cc"
'Finished building: ../src/main.cc'
' '
'Building target: StarTracking.elf'
'Invoking: ARM g++ linker'
arm-xilinx-eabi-g++ -Wl,-T -Wl,../src/lscript.ld -L../../CCLabelling_bsp/ps7_cortexa9_0/lib -o "StarTracking.elf"  ./src/AxiTimerHelper.o ./src/main.o ./src/platform.o   -Wl,--start-group,-lxil,-lgcc,-lc,-lstdc++,--end-group
'Finished building target: StarTracking.elf'
' '
'Invoking: ARM Print Size'
arm-xilinx-eabi-size StarTracking.elf  |tee "StarTracking.elf.size"
   text	   data	    bss	    dec	    hex	filename
 127456	1050996	  26872	1205324	 12644c	StarTracking.elf
'Finished building: StarTracking.elf.size'
' '
11:21:24 **** Auto Build of configuration Debug for project StarTracking ****
make all 
'Building file: ../src/main.cc'
'Invoking: ARM g++ compiler'
arm-xilinx-eabi-g++ -Wall -O0 -g3 -c -fmessage-length=0 -MT"src/main.o" -I../../CCLabelling_bsp/ps7_cortexa9_0/include -MMD -MP -MF"src/main.d" -MT"src/main.d" -o "src/main.o" "../src/main.cc"
'Finished building: ../src/main.cc'
' '
'Building target: StarTracking.elf'
'Invoking: ARM g++ linker'
arm-xilinx-eabi-g++ -Wl,-T -Wl,../src/lscript.ld -L../../CCLabelling_bsp/ps7_cortexa9_0/lib -o "StarTracking.elf"  ./src/AxiTimerHelper.o ./src/main.o ./src/platform.o   -Wl,--start-group,-lxil,-lgcc,-lc,-lstdc++,--end-group
'Finished building target: StarTracking.elf'
' '
'Invoking: ARM Print Size'
arm-xilinx-eabi-size StarTracking.elf  |tee "StarTracking.elf.size"
   text	   data	    bss	    dec	    hex	filename
 127456	1050996	  26872	1205324	 12644c	StarTracking.elf
'Finished building: StarTracking.elf.size'
' '
11:25:54 **** Auto Build of configuration Debug for project StarTracking ****
make all 
'Building file: ../src/main.cc'
'Invoking: ARM g++ compiler'
arm-xilinx-eabi-g++ -Wall -O0 -g3 -c -fmessage-length=0 -MT"src/main.o" -I../../CCLabelling_bsp/ps7_cortexa9_0/include -MMD -MP -MF"src/main.d" -MT"src/main.d" -o "src/main.o" "../src/main.cc"
../src/main.cc: In function 'int main()':
../src/main.cc:37:7: warning: unused variable 'centroidCountHW' [-Wunused-variable]
   u32 centroidCountHW = XCclabel_Get_return(&cCLabel);
       ^
'Finished building: ../src/main.cc'
' '
'Building target: StarTracking.elf'
'Invoking: ARM g++ linker'
arm-xilinx-eabi-g++ -Wl,-T -Wl,../src/lscript.ld -L../../CCLabelling_bsp/ps7_cortexa9_0/lib -o "StarTracking.elf"  ./src/AxiTimerHelper.o ./src/main.o ./src/platform.o   -Wl,--start-group,-lxil,-lgcc,-lc,-lstdc++,--end-group
'Finished building target: StarTracking.elf'
' '
'Invoking: ARM Print Size'
arm-xilinx-eabi-size StarTracking.elf  |tee "StarTracking.elf.size"
   text	   data	    bss	    dec	    hex	filename
 127456	1050996	  26872	1205324	 12644c	StarTracking.elf
'Finished building: StarTracking.elf.size'
' '
11:25:59 **** Auto Build of configuration Debug for project StarTracking ****
make all 
'Building file: ../src/main.cc'
'Invoking: ARM g++ compiler'
arm-xilinx-eabi-g++ -Wall -O0 -g3 -c -fmessage-length=0 -MT"src/main.o" -I../../CCLabelling_bsp/ps7_cortexa9_0/include -MMD -MP -MF"src/main.d" -MT"src/main.d" -o "src/main.o" "../src/main.cc"
../src/main.cc: In function 'int main()':
../src/main.cc:37:6: warning: unused variable 'centroidCountHW' [-Wunused-variable]
  u32 centroidCountHW = XCclabel_Get_return(&cCLabel);
      ^
'Finished building: ../src/main.cc'
' '
'Building target: StarTracking.elf'
'Invoking: ARM g++ linker'
arm-xilinx-eabi-g++ -Wl,-T -Wl,../src/lscript.ld -L../../CCLabelling_bsp/ps7_cortexa9_0/lib -o "StarTracking.elf"  ./src/AxiTimerHelper.o ./src/main.o ./src/platform.o   -Wl,--start-group,-lxil,-lgcc,-lc,-lstdc++,--end-group
'Finished building target: StarTracking.elf'
' '
'Invoking: ARM Print Size'
arm-xilinx-eabi-size StarTracking.elf  |tee "StarTracking.elf.size"
   text	   data	    bss	    dec	    hex	filename
 127456	1050996	  26872	1205324	 12644c	StarTracking.elf
'Finished building: StarTracking.elf.size'
' '
11:26:21 **** Auto Build of configuration Debug for project StarTracking ****
make all 
'Building file: ../src/main.cc'
'Invoking: ARM g++ compiler'
arm-xilinx-eabi-g++ -Wall -O0 -g3 -c -fmessage-length=0 -MT"src/main.o" -I../../CCLabelling_bsp/ps7_cortexa9_0/include -MMD -MP -MF"src/main.d" -MT"src/main.d" -o "src/main.o" "../src/main.cc"
'Finished building: ../src/main.cc'
' '
'Building target: StarTracking.elf'
'Invoking: ARM g++ linker'
arm-xilinx-eabi-g++ -Wl,-T -Wl,../src/lscript.ld -L../../CCLabelling_bsp/ps7_cortexa9_0/lib -o "StarTracking.elf"  ./src/AxiTimerHelper.o ./src/main.o ./src/platform.o   -Wl,--start-group,-lxil,-lgcc,-lc,-lstdc++,--end-group
'Finished building target: StarTracking.elf'
' '
'Invoking: ARM Print Size'
arm-xilinx-eabi-size StarTracking.elf  |tee "StarTracking.elf.size"
   text	   data	    bss	    dec	    hex	filename
 127608	1050996	  26872	1205476	 1264e4	StarTracking.elf
'Finished building: StarTracking.elf.size'
' '
11:27:06 **** Incremental Build of configuration Debug for project StarTracking ****
make all 
make: Nothing to be done for `all'.
11:27:07 **** Incremental Build of configuration Debug for project CCLabelling ****
make all 
make: Nothing to be done for `all'.
11:27:32 **** Incremental Build of configuration Debug for project StarTracking ****
make all 
make: Nothing to be done for `all'.
11:27:33 **** Incremental Build of configuration Debug for project CCLabelling ****
make all 
make: Nothing to be done for `all'.
11:37:49 **** Auto Build of configuration Debug for project StarTracking ****
make all 
'Building file: ../src/main.cc'
'Invoking: ARM g++ compiler'
arm-xilinx-eabi-g++ -Wall -O0 -g3 -c -fmessage-length=0 -MT"src/main.o" -I../../CCLabelling_bsp/ps7_cortexa9_0/include -MMD -MP -MF"src/main.d" -MT"src/main.d" -o "src/main.o" "../src/main.cc"
'Finished building: ../src/main.cc'
' '
'Building target: StarTracking.elf'
'Invoking: ARM g++ linker'
arm-xilinx-eabi-g++ -Wl,-T -Wl,../src/lscript.ld -L../../CCLabelling_bsp/ps7_cortexa9_0/lib -o "StarTracking.elf"  ./src/AxiTimerHelper.o ./src/main.o ./src/platform.o   -Wl,--start-group,-lxil,-lgcc,-lc,-lstdc++,--end-group
'Finished building target: StarTracking.elf'
' '
'Invoking: ARM Print Size'
arm-xilinx-eabi-size StarTracking.elf  |tee "StarTracking.elf.size"
   text	   data	    bss	    dec	    hex	filename
 127456	1050996	  26872	1205324	 12644c	StarTracking.elf
'Finished building: StarTracking.elf.size'
' '
11:37:51 **** Auto Build of configuration Debug for project StarTracking ****
make all 
'Building file: ../src/main.cc'
'Invoking: ARM g++ compiler'
arm-xilinx-eabi-g++ -Wall -O0 -g3 -c -fmessage-length=0 -MT"src/main.o" -I../../CCLabelling_bsp/ps7_cortexa9_0/include -MMD -MP -MF"src/main.d" -MT"src/main.d" -o "src/main.o" "../src/main.cc"
'Finished building: ../src/main.cc'
' '
'Building target: StarTracking.elf'
'Invoking: ARM g++ linker'
arm-xilinx-eabi-g++ -Wl,-T -Wl,../src/lscript.ld -L../../CCLabelling_bsp/ps7_cortexa9_0/lib -o "StarTracking.elf"  ./src/AxiTimerHelper.o ./src/main.o ./src/platform.o   -Wl,--start-group,-lxil,-lgcc,-lc,-lstdc++,--end-group
'Finished building target: StarTracking.elf'
' '
'Invoking: ARM Print Size'
arm-xilinx-eabi-size StarTracking.elf  |tee "StarTracking.elf.size"
   text	   data	    bss	    dec	    hex	filename
 127456	1050996	  26872	1205324	 12644c	StarTracking.elf
'Finished building: StarTracking.elf.size'
' '
11:38:22 **** Auto Build of configuration Debug for project StarTracking ****
make all 
'Building file: ../src/main.cc'
'Invoking: ARM g++ compiler'
arm-xilinx-eabi-g++ -Wall -O0 -g3 -c -fmessage-length=0 -MT"src/main.o" -I../../CCLabelling_bsp/ps7_cortexa9_0/include -MMD -MP -MF"src/main.d" -MT"src/main.d" -o "src/main.o" "../src/main.cc"
'Finished building: ../src/main.cc'
' '
'Building target: StarTracking.elf'
'Invoking: ARM g++ linker'
arm-xilinx-eabi-g++ -Wl,-T -Wl,../src/lscript.ld -L../../CCLabelling_bsp/ps7_cortexa9_0/lib -o "StarTracking.elf"  ./src/AxiTimerHelper.o ./src/main.o ./src/platform.o   -Wl,--start-group,-lxil,-lgcc,-lc,-lstdc++,--end-group
'Finished building target: StarTracking.elf'
' '
'Invoking: ARM Print Size'
arm-xilinx-eabi-size StarTracking.elf  |tee "StarTracking.elf.size"
   text	   data	    bss	    dec	    hex	filename
 127456	1050996	  26872	1205324	 12644c	StarTracking.elf
'Finished building: StarTracking.elf.size'
' '
11:38:44 **** Auto Build of configuration Debug for project StarTracking ****
make all 
'Building file: ../src/main.cc'
'Invoking: ARM g++ compiler'
arm-xilinx-eabi-g++ -Wall -O0 -g3 -c -fmessage-length=0 -MT"src/main.o" -I../../CCLabelling_bsp/ps7_cortexa9_0/include -MMD -MP -MF"src/main.d" -MT"src/main.d" -o "src/main.o" "../src/main.cc"
../src/main.cc:9:7: error: storage size of 'X' isn't known
 int X[];
       ^
make: *** [src/main.o] Error 1
11:38:56 **** Auto Build of configuration Debug for project StarTracking ****
make all 
'Building file: ../src/main.cc'
'Invoking: ARM g++ compiler'
arm-xilinx-eabi-g++ -Wall -O0 -g3 -c -fmessage-length=0 -MT"src/main.o" -I../../CCLabelling_bsp/ps7_cortexa9_0/include -MMD -MP -MF"src/main.d" -MT"src/main.d" -o "src/main.o" "../src/main.cc"
'Finished building: ../src/main.cc'
' '
'Building target: StarTracking.elf'
'Invoking: ARM g++ linker'
arm-xilinx-eabi-g++ -Wl,-T -Wl,../src/lscript.ld -L../../CCLabelling_bsp/ps7_cortexa9_0/lib -o "StarTracking.elf"  ./src/AxiTimerHelper.o ./src/main.o ./src/platform.o   -Wl,--start-group,-lxil,-lgcc,-lc,-lstdc++,--end-group
'Finished building target: StarTracking.elf'
' '
'Invoking: ARM Print Size'
arm-xilinx-eabi-size StarTracking.elf  |tee "StarTracking.elf.size"
   text	   data	    bss	    dec	    hex	filename
 127456	1050996	  26872	1205324	 12644c	StarTracking.elf
'Finished building: StarTracking.elf.size'
' '
11:39:07 **** Auto Build of configuration Debug for project StarTracking ****
make all 
'Building file: ../src/main.cc'
'Invoking: ARM g++ compiler'
arm-xilinx-eabi-g++ -Wall -O0 -g3 -c -fmessage-length=0 -MT"src/main.o" -I../../CCLabelling_bsp/ps7_cortexa9_0/include -MMD -MP -MF"src/main.d" -MT"src/main.d" -o "src/main.o" "../src/main.cc"
'Finished building: ../src/main.cc'
' '
'Building target: StarTracking.elf'
'Invoking: ARM g++ linker'
arm-xilinx-eabi-g++ -Wl,-T -Wl,../src/lscript.ld -L../../CCLabelling_bsp/ps7_cortexa9_0/lib -o "StarTracking.elf"  ./src/AxiTimerHelper.o ./src/main.o ./src/platform.o   -Wl,--start-group,-lxil,-lgcc,-lc,-lstdc++,--end-group
'Finished building target: StarTracking.elf'
' '
'Invoking: ARM Print Size'
arm-xilinx-eabi-size StarTracking.elf  |tee "StarTracking.elf.size"
   text	   data	    bss	    dec	    hex	filename
 127456	1050996	  26872	1205324	 12644c	StarTracking.elf
'Finished building: StarTracking.elf.size'
' '
11:39:42 **** Auto Build of configuration Debug for project StarTracking ****
make all 
'Building file: ../src/main.cc'
'Invoking: ARM g++ compiler'
arm-xilinx-eabi-g++ -Wall -O0 -g3 -c -fmessage-length=0 -MT"src/main.o" -I../../CCLabelling_bsp/ps7_cortexa9_0/include -MMD -MP -MF"src/main.d" -MT"src/main.d" -o "src/main.o" "../src/main.cc"
../src/main.cc: In function 'int main()':
../src/main.cc:39:2: error: 'vector' was not declared in this scope
  vector<>
  ^
../src/main.cc:39:2: note: suggested alternative:
In file included from d:\xilinx\sdk\2014.4\gnu\arm\nt\arm-xilinx-eabi\include\c++\4.8.3\vector:64:0,
                 from ../src/main.cc:8:
d:\xilinx\sdk\2014.4\gnu\arm\nt\arm-xilinx-eabi\include\c++\4.8.3\bits\stl_vector.h:210:11: note:   'std::vector'
     class vector : protected _Vector_base<_Tp, _Alloc>
           ^
../src/main.cc:39:9: error: expected primary-expression before '>' token
  vector<>
         ^
../src/main.cc:40:6: error: expected primary-expression before 'centroidCountHW'
  u32 centroidCountHW = XCclabel_Get_return(&cCLabel);
      ^
../src/main.cc:40:6: error: expected ';' before 'centroidCountHW'
../src/main.cc:41:26: error: 'centroidCountHW' was not declared in this scope
  for(unsigned i = 0; i < centroidCountHW; ++i) {
                          ^
make: *** [src/main.o] Error 1
11:39:45 **** Auto Build of configuration Debug for project StarTracking ****
make all 
'Building file: ../src/main.cc'
'Invoking: ARM g++ compiler'
arm-xilinx-eabi-g++ -Wall -O0 -g3 -c -fmessage-length=0 -MT"src/main.o" -I../../CCLabelling_bsp/ps7_cortexa9_0/include -MMD -MP -MF"src/main.d" -MT"src/main.d" -o "src/main.o" "../src/main.cc"
../src/main.cc: In function 'int main()':
../src/main.cc:39:14: error: wrong number of template arguments (0, should be 2)
  std::vector<>
              ^
In file included from d:\xilinx\sdk\2014.4\gnu\arm\nt\arm-xilinx-eabi\include\c++\4.8.3\vector:64:0,
                 from ../src/main.cc:8:
d:\xilinx\sdk\2014.4\gnu\arm\nt\arm-xilinx-eabi\include\c++\4.8.3\bits\stl_vector.h:210:11: error: provided for 'template<class _Tp, class _Alloc> class std::vector'
     class vector : protected _Vector_base<_Tp, _Alloc>
           ^
../src/main.cc:40:6: error: expected initializer before 'centroidCountHW'
  u32 centroidCountHW = XCclabel_Get_return(&cCLabel);
      ^
../src/main.cc:41:26: error: 'centroidCountHW' was not declared in this scope
  for(unsigned i = 0; i < centroidCountHW; ++i) {
                          ^
make: *** [src/main.o] Error 1
11:43:22 **** Auto Build of configuration Debug for project StarTracking ****
make all 
'Building file: ../src/main.cc'
'Invoking: ARM g++ compiler'
arm-xilinx-eabi-g++ -Wall -O0 -g3 -c -fmessage-length=0 -MT"src/main.o" -I../../CCLabelling_bsp/ps7_cortexa9_0/include -MMD -MP -MF"src/main.d" -MT"src/main.d" -o "src/main.o" "../src/main.cc"
../src/main.cc: In function 'int main()':
../src/main.cc:41:14: error: wrong number of template arguments (0, should be 2)
  std::vector<>
              ^
In file included from d:\xilinx\sdk\2014.4\gnu\arm\nt\arm-xilinx-eabi\include\c++\4.8.3\vector:64:0,
                 from ../src/main.cc:8:
d:\xilinx\sdk\2014.4\gnu\arm\nt\arm-xilinx-eabi\include\c++\4.8.3\bits\stl_vector.h:210:11: error: provided for 'template<class _Tp, class _Alloc> class std::vector'
     class vector : protected _Vector_base<_Tp, _Alloc>
           ^
../src/main.cc:42:6: error: expected initializer before 'centroidCountHW'
  u32 centroidCountHW = XCclabel_Get_return(&cCLabel);
      ^
../src/main.cc:43:26: error: 'centroidCountHW' was not declared in this scope
  for(unsigned i = 0; i < centroidCountHW; ++i) {
                          ^
make: *** [src/main.o] Error 1
11:43:35 **** Auto Build of configuration Debug for project StarTracking ****
make all 
'Building file: ../src/main.cc'
'Invoking: ARM g++ compiler'
arm-xilinx-eabi-g++ -Wall -O0 -g3 -c -fmessage-length=0 -MT"src/main.o" -I../../CCLabelling_bsp/ps7_cortexa9_0/include -MMD -MP -MF"src/main.d" -MT"src/main.d" -o "src/main.o" "../src/main.cc"
../src/main.cc: In function 'int main()':
../src/main.cc:43:14: error: wrong number of template arguments (0, should be 2)
  std::vector<>
              ^
In file included from d:\xilinx\sdk\2014.4\gnu\arm\nt\arm-xilinx-eabi\include\c++\4.8.3\vector:64:0,
                 from ../src/main.cc:8:
d:\xilinx\sdk\2014.4\gnu\arm\nt\arm-xilinx-eabi\include\c++\4.8.3\bits\stl_vector.h:210:11: error: provided for 'template<class _Tp, class _Alloc> class std::vector'
     class vector : protected _Vector_base<_Tp, _Alloc>
           ^
../src/main.cc:44:6: error: expected initializer before 'centroidCountHW'
  u32 centroidCountHW = XCclabel_Get_return(&cCLabel);
      ^
../src/main.cc:45:26: error: 'centroidCountHW' was not declared in this scope
  for(unsigned i = 0; i < centroidCountHW; ++i) {
                          ^
make: *** [src/main.o] Error 1
11:43:43 **** Auto Build of configuration Debug for project StarTracking ****
make all 
'Building file: ../src/main.cc'
'Invoking: ARM g++ compiler'
arm-xilinx-eabi-g++ -Wall -O0 -g3 -c -fmessage-length=0 -MT"src/main.o" -I../../CCLabelling_bsp/ps7_cortexa9_0/include -MMD -MP -MF"src/main.d" -MT"src/main.d" -o "src/main.o" "../src/main.cc"
../src/main.cc: In function 'int main()':
../src/main.cc:44:14: error: wrong number of template arguments (0, should be 2)
  std::vector<>
              ^
In file included from d:\xilinx\sdk\2014.4\gnu\arm\nt\arm-xilinx-eabi\include\c++\4.8.3\vector:64:0,
                 from ../src/main.cc:8:
d:\xilinx\sdk\2014.4\gnu\arm\nt\arm-xilinx-eabi\include\c++\4.8.3\bits\stl_vector.h:210:11: error: provided for 'template<class _Tp, class _Alloc> class std::vector'
     class vector : protected _Vector_base<_Tp, _Alloc>
           ^
../src/main.cc:45:6: error: expected initializer before 'centroidCountHW'
  u32 centroidCountHW = XCclabel_Get_return(&cCLabel);
      ^
../src/main.cc:46:26: error: 'centroidCountHW' was not declared in this scope
  for(unsigned i = 0; i < centroidCountHW; ++i) {
                          ^
make: *** [src/main.o] Error 1
11:44:01 **** Auto Build of configuration Debug for project StarTracking ****
make all 
'Building file: ../src/main.cc'
'Invoking: ARM g++ compiler'
arm-xilinx-eabi-g++ -Wall -O0 -g3 -c -fmessage-length=0 -MT"src/main.o" -I../../CCLabelling_bsp/ps7_cortexa9_0/include -MMD -MP -MF"src/main.d" -MT"src/main.d" -o "src/main.o" "../src/main.cc"
'Finished building: ../src/main.cc'
' '
'Building target: StarTracking.elf'
'Invoking: ARM g++ linker'
arm-xilinx-eabi-g++ -Wl,-T -Wl,../src/lscript.ld -L../../CCLabelling_bsp/ps7_cortexa9_0/lib -o "StarTracking.elf"  ./src/AxiTimerHelper.o ./src/main.o ./src/platform.o   -Wl,--start-group,-lxil,-lgcc,-lc,-lstdc++,--end-group
'Finished building target: StarTracking.elf'
' '
'Invoking: ARM Print Size'
arm-xilinx-eabi-size StarTracking.elf  |tee "StarTracking.elf.size"
   text	   data	    bss	    dec	    hex	filename
 128504	1050996	  26880	1206380	 12686c	StarTracking.elf
'Finished building: StarTracking.elf.size'
' '
11:44:37 **** Auto Build of configuration Debug for project StarTracking ****
make all 
'Building file: ../src/main.cc'
'Invoking: ARM g++ compiler'
arm-xilinx-eabi-g++ -Wall -O0 -g3 -c -fmessage-length=0 -MT"src/main.o" -I../../CCLabelling_bsp/ps7_cortexa9_0/include -MMD -MP -MF"src/main.d" -MT"src/main.d" -o "src/main.o" "../src/main.cc"
../src/main.cc: In function 'int main()':
../src/main.cc:47:25: warning: extended initializer lists only available with -std=c++11 or -std=gnu++11 [enabled by default]
   starCentroid.push_back({XHW[i], YHW[i]});
                         ^
../src/main.cc:47:42: warning: extended initializer lists only available with -std=c++11 or -std=gnu++11 [enabled by default]
   starCentroid.push_back({XHW[i], YHW[i]});
                                          ^
'Finished building: ../src/main.cc'
' '
'Building target: StarTracking.elf'
'Invoking: ARM g++ linker'
arm-xilinx-eabi-g++ -Wl,-T -Wl,../src/lscript.ld -L../../CCLabelling_bsp/ps7_cortexa9_0/lib -o "StarTracking.elf"  ./src/AxiTimerHelper.o ./src/main.o ./src/platform.o   -Wl,--start-group,-lxil,-lgcc,-lc,-lstdc++,--end-group
'Finished building target: StarTracking.elf'
' '
'Invoking: ARM Print Size'
arm-xilinx-eabi-size StarTracking.elf  |tee "StarTracking.elf.size"
   text	   data	    bss	    dec	    hex	filename
 155204	1051000	  26912	1233116	 12d0dc	StarTracking.elf
'Finished building: StarTracking.elf.size'
' '
11:50:04 **** Clean-only build of configuration Debug for project StarTracking ****
make clean 
rm -rf  ./src/main.d ./src/platform.d  ./src/AxiTimerHelper.o ./src/main.o ./src/platform.o  ./src/AxiTimerHelper.d  StarTracking.elf.size  StarTracking.elf
' '
11:50:04 **** Auto Build of configuration Debug for project StarTracking ****
make all 
'Building file: ../src/AxiTimerHelper.cpp'
'Invoking: ARM g++ compiler'
arm-xilinx-eabi-g++ -Wall -O0 -g3 -c -fmessage-length=0 -MT"src/AxiTimerHelper.o" -std=c++11 -I../../CCLabelling_bsp/ps7_cortexa9_0/include -MMD -MP -MF"src/AxiTimerHelper.d" -MT"src/AxiTimerHelper.d" -o "src/AxiTimerHelper.o" "../src/AxiTimerHelper.cpp"
'Finished building: ../src/AxiTimerHelper.cpp'
' '
'Building file: ../src/main.cc'
'Invoking: ARM g++ compiler'
arm-xilinx-eabi-g++ -Wall -O0 -g3 -c -fmessage-length=0 -MT"src/main.o" -std=c++11 -I../../CCLabelling_bsp/ps7_cortexa9_0/include -MMD -MP -MF"src/main.d" -MT"src/main.d" -o "src/main.o" "../src/main.cc"
'Finished building: ../src/main.cc'
' '
'Building file: ../src/platform.cc'
'Invoking: ARM g++ compiler'
arm-xilinx-eabi-g++ -Wall -O0 -g3 -c -fmessage-length=0 -MT"src/platform.o" -std=c++11 -I../../CCLabelling_bsp/ps7_cortexa9_0/include -MMD -MP -MF"src/platform.d" -MT"src/platform.d" -o "src/platform.o" "../src/platform.cc"
'Finished building: ../src/platform.cc'
' '
'Building target: StarTracking.elf'
'Invoking: ARM g++ linker'
arm-xilinx-eabi-g++ -Wl,-T -Wl,../src/lscript.ld -L../../CCLabelling_bsp/ps7_cortexa9_0/lib -o "StarTracking.elf"  ./src/AxiTimerHelper.o ./src/main.o ./src/platform.o   -Wl,--start-group,-lxil,-lgcc,-lc,-lstdc++,--end-group
'Finished building target: StarTracking.elf'
' '
'Invoking: ARM Print Size'
arm-xilinx-eabi-size StarTracking.elf  |tee "StarTracking.elf.size"
   text	   data	    bss	    dec	    hex	filename
 154748	1051000	  26920	1232668	 12cf1c	StarTracking.elf
'Finished building: StarTracking.elf.size'
' '
11:50:09 **** Clean-only build of configuration Debug for project StarTracking ****
make clean 
rm -rf  ./src/main.d ./src/platform.d  ./src/AxiTimerHelper.o ./src/main.o ./src/platform.o  ./src/AxiTimerHelper.d  StarTracking.elf.size  StarTracking.elf
' '
11:50:09 **** Auto Build of configuration Debug for project StarTracking ****
make all 
'Building file: ../src/AxiTimerHelper.cpp'
'Invoking: ARM g++ compiler'
arm-xilinx-eabi-g++ -Wall -O0 -g3 -c -fmessage-length=0 -MT"src/AxiTimerHelper.o" -std=c++11 -I../../CCLabelling_bsp/ps7_cortexa9_0/include -MMD -MP -MF"src/AxiTimerHelper.d" -MT"src/AxiTimerHelper.d" -o "src/AxiTimerHelper.o" "../src/AxiTimerHelper.cpp"
'Finished building: ../src/AxiTimerHelper.cpp'
' '
'Building file: ../src/main.cc'
'Invoking: ARM g++ compiler'
arm-xilinx-eabi-g++ -Wall -O0 -g3 -c -fmessage-length=0 -MT"src/main.o" -std=c++11 -I../../CCLabelling_bsp/ps7_cortexa9_0/include -MMD -MP -MF"src/main.d" -MT"src/main.d" -o "src/main.o" "../src/main.cc"
'Finished building: ../src/main.cc'
' '
'Building file: ../src/platform.cc'
'Invoking: ARM g++ compiler'
arm-xilinx-eabi-g++ -Wall -O0 -g3 -c -fmessage-length=0 -MT"src/platform.o" -std=c++11 -I../../CCLabelling_bsp/ps7_cortexa9_0/include -MMD -MP -MF"src/platform.d" -MT"src/platform.d" -o "src/platform.o" "../src/platform.cc"
'Finished building: ../src/platform.cc'
' '
'Building target: StarTracking.elf'
'Invoking: ARM g++ linker'
[...]
arm-xilinx-eabi-g++ -Wall -O0 -g3 -c -fmessage-length=0 -MT"src/main.o" -std=c++11 -I../../CCLabelling_bsp/ps7_cortexa9_0/include -MMD -MP -MF"src/main.d" -MT"src/main.d" -o "src/main.o" "../src/main.cpp"
'Finished building: ../src/main.cpp'
' '
'Building target: StarTracking.elf'
'Invoking: ARM g++ linker'
arm-xilinx-eabi-g++ -Wl,-T -Wl,../src/lscript.ld -L../../CCLabelling_bsp/ps7_cortexa9_0/lib -o "StarTracking.elf"  ./src/AxiTimerHelper.o ./src/main.o ./src/platform.o   -Wl,--start-group,-lxil,-lgcc,-lc,-lstdc++,--end-group
'Finished building target: StarTracking.elf'
' '
'Invoking: ARM Print Size'
arm-xilinx-eabi-size StarTracking.elf  |tee "StarTracking.elf.size"
   text	   data	    bss	    dec	    hex	filename
 187672	1081004	3955976	5224652	 4fb8cc	StarTracking.elf
'Finished building: StarTracking.elf.size'
' '
12:15:09 **** Auto Build of configuration Debug for project StarTracking ****
make all 
'Building file: ../src/main.cpp'
'Invoking: ARM g++ compiler'
arm-xilinx-eabi-g++ -Wall -O0 -g3 -c -fmessage-length=0 -MT"src/main.o" -std=c++11 -I../../CCLabelling_bsp/ps7_cortexa9_0/include -MMD -MP -MF"src/main.d" -MT"src/main.d" -o "src/main.o" "../src/main.cpp"
'Finished building: ../src/main.cpp'
' '
'Building target: StarTracking.elf'
'Invoking: ARM g++ linker'
arm-xilinx-eabi-g++ -Wl,-T -Wl,../src/lscript.ld -L../../CCLabelling_bsp/ps7_cortexa9_0/lib -o "StarTracking.elf"  ./src/AxiTimerHelper.o ./src/main.o ./src/platform.o   -Wl,--start-group,-lxil,-lgcc,-lc,-lstdc++,--end-group
'Finished building target: StarTracking.elf'
' '
'Invoking: ARM Print Size'
arm-xilinx-eabi-size StarTracking.elf  |tee "StarTracking.elf.size"
   text	   data	    bss	    dec	    hex	filename
 187672	1081004	3955976	5224652	 4fb8cc	StarTracking.elf
'Finished building: StarTracking.elf.size'
' '
12:15:15 **** Incremental Build of configuration Debug for project StarTracking ****
make all 
make: Nothing to be done for `all'.
12:15:16 **** Incremental Build of configuration Debug for project CCLabelling ****
make all 
make: Nothing to be done for `all'.
12:16:47 **** Auto Build of configuration Debug for project StarTracking ****
make all 
'Building file: ../src/main.cpp'
'Invoking: ARM g++ compiler'
arm-xilinx-eabi-g++ -Wall -O0 -g3 -c -fmessage-length=0 -MT"src/main.o" -std=c++11 -I../../CCLabelling_bsp/ps7_cortexa9_0/include -MMD -MP -MF"src/main.d" -MT"src/main.d" -o "src/main.o" "../src/main.cpp"
'Finished building: ../src/main.cpp'
' '
'Building target: StarTracking.elf'
'Invoking: ARM g++ linker'
arm-xilinx-eabi-g++ -Wl,-T -Wl,../src/lscript.ld -L../../CCLabelling_bsp/ps7_cortexa9_0/lib -o "StarTracking.elf"  ./src/AxiTimerHelper.o ./src/main.o ./src/platform.o   -Wl,--start-group,-lxil,-lgcc,-lc,-lstdc++,--end-group
'Finished building target: StarTracking.elf'
' '
'Invoking: ARM Print Size'
arm-xilinx-eabi-size StarTracking.elf  |tee "StarTracking.elf.size"
   text	   data	    bss	    dec	    hex	filename
 187672	4226732	3955976	8370380	 7fb8cc	StarTracking.elf
'Finished building: StarTracking.elf.size'
' '
12:17:02 **** Incremental Build of configuration Debug for project StarTracking ****
make all 
make: Nothing to be done for `all'.
12:17:03 **** Incremental Build of configuration Debug for project CCLabelling ****
make all 
make: Nothing to be done for `all'.
12:19:47 **** Auto Build of configuration Debug for project StarTracking ****
make all 
'Building file: ../src/main.cpp'
'Invoking: ARM g++ compiler'
arm-xilinx-eabi-g++ -Wall -O0 -g3 -c -fmessage-length=0 -MT"src/main.o" -std=c++11 -I../../CCLabelling_bsp/ps7_cortexa9_0/include -MMD -MP -MF"src/main.d" -MT"src/main.d" -o "src/main.o" "../src/main.cpp"
../src/main.cpp: In function 'int main()':
../src/main.cpp:32:82: error: invalid conversion from 'int' to 'int*' [-fpermissive]
  u32 centroidCountSW = softwareCCLabel(inputIMG, IMG_HEIGHT , IMG_WIDTH, XSW, YSW);
                                                                                  ^
../src/main.cpp:32:82: error: invalid conversion from 'int' to 'int*' [-fpermissive]
../src/main.cpp:32:82: error: too many arguments to function 'unsigned int softwareCCLabel(unsigned int*, int*, int*)'
In file included from ../src/main.cpp:7:0:
../src/CentroiderSW.h:157:10: note: declared here
 unsigned softwareCCLabel(unsigned swImage[IMG_HEIGHT * IMG_WIDTH], int swX[MAX_CENTROID_DATA], int swY[MAX_CENTROID_DATA]) {
          ^
make: *** [src/main.o] Error 1
12:20:47 **** Auto Build of configuration Debug for project StarTracking ****
make all 
'Building file: ../src/main.cpp'
'Invoking: ARM g++ compiler'
arm-xilinx-eabi-g++ -Wall -O0 -g3 -c -fmessage-length=0 -MT"src/main.o" -std=c++11 -I../../CCLabelling_bsp/ps7_cortexa9_0/include -MMD -MP -MF"src/main.d" -MT"src/main.d" -o "src/main.o" "../src/main.cpp"
'Finished building: ../src/main.cpp'
' '
'Building target: StarTracking.elf'
'Invoking: ARM g++ linker'
arm-xilinx-eabi-g++ -Wl,-T -Wl,../src/lscript.ld -L../../CCLabelling_bsp/ps7_cortexa9_0/lib -o "StarTracking.elf"  ./src/AxiTimerHelper.o ./src/main.o ./src/platform.o   -Wl,--start-group,-lxil,-lgcc,-lc,-lstdc++,--end-group
'Finished building target: StarTracking.elf'
' '
'Invoking: ARM Print Size'
arm-xilinx-eabi-size StarTracking.elf  |tee "StarTracking.elf.size"
   text	   data	    bss	    dec	    hex	filename
 187448	4226732	8138000	12552180	 bf87f4	StarTracking.elf
'Finished building: StarTracking.elf.size'
' '
12:23:27 **** Auto Build of configuration Debug for project StarTracking ****
make all 
'Building file: ../src/main.cpp'
'Invoking: ARM g++ compiler'
arm-xilinx-eabi-g++ -Wall -O0 -g3 -c -fmessage-length=0 -MT"src/main.o" -std=c++11 -I../../CCLabelling_bsp/ps7_cortexa9_0/include -MMD -MP -MF"src/main.d" -MT"src/main.d" -o "src/main.o" "../src/main.cpp"
'Finished building: ../src/main.cpp'
' '
'Building target: StarTracking.elf'
'Invoking: ARM g++ linker'
arm-xilinx-eabi-g++ -Wl,-T -Wl,../src/lscript.ld -L../../CCLabelling_bsp/ps7_cortexa9_0/lib -o "StarTracking.elf"  ./src/AxiTimerHelper.o ./src/main.o ./src/platform.o   -Wl,--start-group,-lxil,-lgcc,-lc,-lstdc++,--end-group
'Finished building target: StarTracking.elf'
' '
'Invoking: ARM Print Size'
arm-xilinx-eabi-size StarTracking.elf  |tee "StarTracking.elf.size"
   text	   data	    bss	    dec	    hex	filename
 187448	4226732	8139488	12553668	 bf8dc4	StarTracking.elf
'Finished building: StarTracking.elf.size'
' '
12:23:53 **** Incremental Build of configuration Debug for project StarTracking ****
make all 
make: Nothing to be done for `all'.
12:23:54 **** Incremental Build of configuration Debug for project CCLabelling ****
make all 
make: Nothing to be done for `all'.
12:55:02 **** Incremental Build of configuration Debug for project StarTracking ****
make all 
make: Nothing to be done for `all'.
12:55:03 **** Incremental Build of configuration Debug for project CCLabelling ****
make all 
make: Nothing to be done for `all'.
14:42:47 **** Auto Build of configuration Debug for project StarTracking ****
make all 
'Building file: ../src/main.cpp'
'Invoking: ARM g++ compiler'
arm-xilinx-eabi-g++ -Wall -O0 -g3 -c -fmessage-length=0 -MT"src/main.o" -std=c++11 -I../../CCLabelling_bsp/ps7_cortexa9_0/include -MMD -MP -MF"src/main.d" -MT"src/main.d" -o "src/main.o" "../src/main.cpp"
'Finished building: ../src/main.cpp'
' '
'Building target: StarTracking.elf'
'Invoking: ARM g++ linker'
arm-xilinx-eabi-g++ -Wl,-T -Wl,../src/lscript.ld -L../../CCLabelling_bsp/ps7_cortexa9_0/lib -o "StarTracking.elf"  ./src/AxiTimerHelper.o ./src/main.o ./src/platform.o   -Wl,--start-group,-lxil,-lgcc,-lc,-lstdc++,--end-group
'Finished building target: StarTracking.elf'
' '
'Invoking: ARM Print Size'
arm-xilinx-eabi-size StarTracking.elf  |tee "StarTracking.elf.size"
   text	   data	    bss	    dec	    hex	filename
 187368	4226732	8139488	12553588	 bf8d74	StarTracking.elf
'Finished building: StarTracking.elf.size'
' '
14:45:48 **** Auto Build of configuration Debug for project StarTracking ****
make all 
'Building file: ../src/main.cpp'
'Invoking: ARM g++ compiler'
arm-xilinx-eabi-g++ -Wall -O0 -g3 -c -fmessage-length=0 -MT"src/main.o" -std=c++11 -I../../CCLabelling_bsp/ps7_cortexa9_0/include -MMD -MP -MF"src/main.d" -MT"src/main.d" -o "src/main.o" "../src/main.cpp"
'Finished building: ../src/main.cpp'
' '
'Building target: StarTracking.elf'
'Invoking: ARM g++ linker'
arm-xilinx-eabi-g++ -Wl,-T -Wl,../src/lscript.ld -L../../CCLabelling_bsp/ps7_cortexa9_0/lib -o "StarTracking.elf"  ./src/AxiTimerHelper.o ./src/main.o ./src/platform.o   -Wl,--start-group,-lxil,-lgcc,-lc,-lstdc++,--end-group
'Finished building target: StarTracking.elf'
' '
'Invoking: ARM Print Size'
arm-xilinx-eabi-size StarTracking.elf  |tee "StarTracking.elf.size"
   text	   data	    bss	    dec	    hex	filename
 186880	4226732	8139488	12553100	 bf8b8c	StarTracking.elf
'Finished building: StarTracking.elf.size'
' '
14:46:29 **** Auto Build of configuration Debug for project StarTracking ****
make all 
'Building file: ../src/main.cpp'
'Invoking: ARM g++ compiler'
arm-xilinx-eabi-g++ -Wall -O0 -g3 -c -fmessage-length=0 -MT"src/main.o" -std=c++11 -I../../CCLabelling_bsp/ps7_cortexa9_0/include -MMD -MP -MF"src/main.d" -MT"src/main.d" -o "src/main.o" "../src/main.cpp"
'Finished building: ../src/main.cpp'
' '
'Building target: StarTracking.elf'
'Invoking: ARM g++ linker'
arm-xilinx-eabi-g++ -Wl,-T -Wl,../src/lscript.ld -L../../CCLabelling_bsp/ps7_cortexa9_0/lib -o "StarTracking.elf"  ./src/AxiTimerHelper.o ./src/main.o ./src/platform.o   -Wl,--start-group,-lxil,-lgcc,-lc,-lstdc++,--end-group
'Finished building target: StarTracking.elf'
' '
'Invoking: ARM Print Size'
arm-xilinx-eabi-size StarTracking.elf  |tee "StarTracking.elf.size"
   text	   data	    bss	    dec	    hex	filename
 186880	4226732	8139488	12553100	 bf8b8c	StarTracking.elf
'Finished building: StarTracking.elf.size'
' '
14:47:14 **** Auto Build of configuration Debug for project StarTracking ****
make all 
'Building file: ../src/main.cpp'
'Invoking: ARM g++ compiler'
arm-xilinx-eabi-g++ -Wall -O0 -g3 -c -fmessage-length=0 -MT"src/main.o" -std=c++11 -I../../CCLabelling_bsp/ps7_cortexa9_0/include -MMD -MP -MF"src/main.d" -MT"src/main.d" -o "src/main.o" "../src/main.cpp"
../src/main.cpp: In function 'int main()':
../src/main.cpp:48:9: warning: unused variable 'dmatrans' [-Wunused-variable]
  double dmatrans = timer.getElapsedTimerInSeconds();
         ^
'Finished building: ../src/main.cpp'
' '
'Building target: StarTracking.elf'
'Invoking: ARM g++ linker'
arm-xilinx-eabi-g++ -Wl,-T -Wl,../src/lscript.ld -L../../CCLabelling_bsp/ps7_cortexa9_0/lib -o "StarTracking.elf"  ./src/AxiTimerHelper.o ./src/main.o ./src/platform.o   -Wl,--start-group,-lxil,-lgcc,-lc,-lstdc++,--end-group
'Finished building target: StarTracking.elf'
' '
'Invoking: ARM Print Size'
arm-xilinx-eabi-size StarTracking.elf  |tee "StarTracking.elf.size"
   text	   data	    bss	    dec	    hex	filename
 186944	4226732	8139488	12553164	 bf8bcc	StarTracking.elf
'Finished building: StarTracking.elf.size'
' '
14:47:44 **** Auto Build of configuration Debug for project StarTracking ****
make all 
'Building file: ../src/main.cpp'
'Invoking: ARM g++ compiler'
arm-xilinx-eabi-g++ -Wall -O0 -g3 -c -fmessage-length=0 -MT"src/main.o" -std=c++11 -I../../CCLabelling_bsp/ps7_cortexa9_0/include -MMD -MP -MF"src/main.d" -MT"src/main.d" -o "src/main.o" "../src/main.cpp"
'Finished building: ../src/main.cpp'
' '
'Building target: StarTracking.elf'
'Invoking: ARM g++ linker'
arm-xilinx-eabi-g++ -Wl,-T -Wl,../src/lscript.ld -L../../CCLabelling_bsp/ps7_cortexa9_0/lib -o "StarTracking.elf"  ./src/AxiTimerHelper.o ./src/main.o ./src/platform.o   -Wl,--start-group,-lxil,-lgcc,-lc,-lstdc++,--end-group
'Finished building target: StarTracking.elf'
' '
'Invoking: ARM Print Size'
arm-xilinx-eabi-size StarTracking.elf  |tee "StarTracking.elf.size"
   text	   data	    bss	    dec	    hex	filename
 186976	4226732	8139488	12553196	 bf8bec	StarTracking.elf
'Finished building: StarTracking.elf.size'
' '
14:47:56 **** Incremental Build of configuration Debug for project StarTracking ****
make all 
make: Nothing to be done for `all'.
14:47:57 **** Incremental Build of configuration Debug for project CCLabelling ****
make all 
make: Nothing to be done for `all'.
15:13:48 **** Auto Build of configuration Debug for project StarTracking ****
make all 
'Building file: ../src/main.cpp'
'Invoking: ARM g++ compiler'
arm-xilinx-eabi-g++ -Wall -O0 -g3 -c -fmessage-length=0 -MT"src/main.o" -std=c++11 -I../../CCLabelling_bsp/ps7_cortexa9_0/include -MMD -MP -MF"src/main.d" -MT"src/main.d" -o "src/main.o" "../src/main.cpp"
'Finished building: ../src/main.cpp'
' '
'Building target: StarTracking.elf'
'Invoking: ARM g++ linker'
arm-xilinx-eabi-g++ -Wl,-T -Wl,../src/lscript.ld -L../../CCLabelling_bsp/ps7_cortexa9_0/lib -o "StarTracking.elf"  ./src/AxiTimerHelper.o ./src/main.o ./src/platform.o   -Wl,--start-group,-lxil,-lgcc,-lc,-lstdc++,--end-group
'Finished building target: StarTracking.elf'
' '
'Invoking: ARM Print Size'
arm-xilinx-eabi-size StarTracking.elf  |tee "StarTracking.elf.size"
   text	   data	    bss	    dec	    hex	filename
 186976	1081004	4993760	6261740	 5f8bec	StarTracking.elf
'Finished building: StarTracking.elf.size'
' '
15:14:54 **** Incremental Build of configuration Debug for project StarTracking ****
make all 
make: Nothing to be done for `all'.
15:14:55 **** Incremental Build of configuration Debug for project CCLabelling ****
make all 
make: Nothing to be done for `all'.
15:15:25 **** Incremental Build of configuration Debug for project StarTracking ****
make all 
make: Nothing to be done for `all'.
15:15:26 **** Incremental Build of configuration Debug for project CCLabelling ****
make all 
make: Nothing to be done for `all'.
15:17:33 **** Incremental Build of configuration Debug for project StarTracking ****
make all 
make: Nothing to be done for `all'.
15:17:34 **** Incremental Build of configuration Debug for project CCLabelling ****
make all 
make: Nothing to be done for `all'.
16:07:22 **** Auto Build of configuration Debug for project StarTracking ****
make all 
'Building file: ../src/main.cpp'
'Invoking: ARM g++ compiler'
arm-xilinx-eabi-g++ -Wall -O0 -g3 -c -fmessage-length=0 -MT"src/main.o" -std=c++11 -I../../CCLabelling_bsp/ps7_cortexa9_0/include -MMD -MP -MF"src/main.d" -MT"src/main.d" -o "src/main.o" "../src/main.cpp"
'Finished building: ../src/main.cpp'
' '
'Building target: StarTracking.elf'
'Invoking: ARM g++ linker'
arm-xilinx-eabi-g++ -Wl,-T -Wl,../src/lscript.ld -L../../CCLabelling_bsp/ps7_cortexa9_0/lib -o "StarTracking.elf"  ./src/AxiTimerHelper.o ./src/main.o ./src/platform.o   -Wl,--start-group,-lxil,-lgcc,-lc,-lstdc++,--end-group
'Finished building target: StarTracking.elf'
' '
'Invoking: ARM Print Size'
arm-xilinx-eabi-size StarTracking.elf  |tee "StarTracking.elf.size"
   text	   data	    bss	    dec	    hex	filename
 186976	1081004	4993760	6261740	 5f8bec	StarTracking.elf
'Finished building: StarTracking.elf.size'
' '
16:07:30 **** Incremental Build of configuration Debug for project StarTracking ****
make all 
make: Nothing to be done for `all'.
16:07:31 **** Incremental Build of configuration Debug for project CCLabelling ****
make all 
make: Nothing to be done for `all'.
16:09:57 **** Auto Build of configuration Debug for project StarTracking ****
make all 
'Building file: ../src/main.cpp'
'Invoking: ARM g++ compiler'
arm-xilinx-eabi-g++ -Wall -O0 -g3 -c -fmessage-length=0 -MT"src/main.o" -std=c++11 -I../../CCLabelling_bsp/ps7_cortexa9_0/include -MMD -MP -MF"src/main.d" -MT"src/main.d" -o "src/main.o" "../src/main.cpp"
'Finished building: ../src/main.cpp'
' '
'Building target: StarTracking.elf'
'Invoking: ARM g++ linker'
arm-xilinx-eabi-g++ -Wl,-T -Wl,../src/lscript.ld -L../../CCLabelling_bsp/ps7_cortexa9_0/lib -o "StarTracking.elf"  ./src/AxiTimerHelper.o ./src/main.o ./src/platform.o   -Wl,--start-group,-lxil,-lgcc,-lc,-lstdc++,--end-group
'Finished building target: StarTracking.elf'
' '
'Invoking: ARM Print Size'
arm-xilinx-eabi-size StarTracking.elf  |tee "StarTracking.elf.size"
   text	   data	    bss	    dec	    hex	filename
 186976	4226732	8139488	12553196	 bf8bec	StarTracking.elf
'Finished building: StarTracking.elf.size'
' '
16:10:21 **** Incremental Build of configuration Debug for project StarTracking ****
make all 
make: Nothing to be done for `all'.
16:10:22 **** Incremental Build of configuration Debug for project CCLabelling ****
make all 
make: Nothing to be done for `all'.
16:28:47 **** Auto Build of configuration Debug for project StarTracking ****
make all 
'Building file: ../src/main.cpp'
'Invoking: ARM g++ compiler'
arm-xilinx-eabi-g++ -Wall -O0 -g3 -c -fmessage-length=0 -MT"src/main.o" -std=c++11 -I../../CCLabelling_bsp/ps7_cortexa9_0/include -MMD -MP -MF"src/main.d" -MT"src/main.d" -o "src/main.o" "../src/main.cpp"
'Finished building: ../src/main.cpp'
' '
'Building target: StarTracking.elf'
'Invoking: ARM g++ linker'
arm-xilinx-eabi-g++ -Wl,-T -Wl,../src/lscript.ld -L../../CCLabelling_bsp/ps7_cortexa9_0/lib -o "StarTracking.elf"  ./src/AxiTimerHelper.o ./src/main.o ./src/platform.o   -Wl,--start-group,-lxil,-lgcc,-lc,-lstdc++,--end-group
'Finished building target: StarTracking.elf'
' '
'Invoking: ARM Print Size'
arm-xilinx-eabi-size StarTracking.elf  |tee "StarTracking.elf.size"
   text	   data	    bss	    dec	    hex	filename
 186976	1081004	4993760	6261740	 5f8bec	StarTracking.elf
'Finished building: StarTracking.elf.size'
' '
16:33:36 **** Auto Build of configuration Debug for project StarTracking ****
make all 
'Building file: ../src/main.cpp'
'Invoking: ARM g++ compiler'
arm-xilinx-eabi-g++ -Wall -O0 -g3 -c -fmessage-length=0 -MT"src/main.o" -std=c++11 -I../../CCLabelling_bsp/ps7_cortexa9_0/include -MMD -MP -MF"src/main.d" -MT"src/main.d" -o "src/main.o" "../src/main.cpp"
'Finished building: ../src/main.cpp'
' '
'Building target: StarTracking.elf'
'Invoking: ARM g++ linker'
arm-xilinx-eabi-g++ -Wl,-T -Wl,../src/lscript.ld -L../../CCLabelling_bsp/ps7_cortexa9_0/lib -o "StarTracking.elf"  ./src/AxiTimerHelper.o ./src/main.o ./src/platform.o   -Wl,--start-group,-lxil,-lgcc,-lc,-lstdc++,--end-group
'Finished building target: StarTracking.elf'
' '
'Invoking: ARM Print Size'
arm-xilinx-eabi-size StarTracking.elf  |tee "StarTracking.elf.size"
   text	   data	    bss	    dec	    hex	filename
 186976	1081004	4993760	6261740	 5f8bec	StarTracking.elf
'Finished building: StarTracking.elf.size'
' '
16:33:49 **** Incremental Build of configuration Debug for project StarTracking ****
make all 
make: Nothing to be done for `all'.
16:33:50 **** Incremental Build of configuration Debug for project CCLabelling ****
make all 
make: Nothing to be done for `all'.
16:38:44 **** Auto Build of configuration Debug for project StarTracking ****
make all 
'Building file: ../src/main.cpp'
'Invoking: ARM g++ compiler'
arm-xilinx-eabi-g++ -Wall -O0 -g3 -c -fmessage-length=0 -MT"src/main.o" -std=c++11 -I../../CCLabelling_bsp/ps7_cortexa9_0/include -MMD -MP -MF"src/main.d" -MT"src/main.d" -o "src/main.o" "../src/main.cpp"
'Finished building: ../src/main.cpp'
' '
'Building target: StarTracking.elf'
'Invoking: ARM g++ linker'
arm-xilinx-eabi-g++ -Wl,-T -Wl,../src/lscript.ld -L../../CCLabelling_bsp/ps7_cortexa9_0/lib -o "StarTracking.elf"  ./src/AxiTimerHelper.o ./src/main.o ./src/platform.o   -Wl,--start-group,-lxil,-lgcc,-lc,-lstdc++,--end-group
'Finished building target: StarTracking.elf'
' '
'Invoking: ARM Print Size'
arm-xilinx-eabi-size StarTracking.elf  |tee "StarTracking.elf.size"
   text	   data	    bss	    dec	    hex	filename
 186976	4226732	8139488	12553196	 bf8bec	StarTracking.elf
'Finished building: StarTracking.elf.size'
' '
16:38:53 **** Incremental Build of configuration Debug for project StarTracking ****
make all 
make: Nothing to be done for `all'.
16:38:54 **** Incremental Build of configuration Debug for project CCLabelling ****
make all 
make: Nothing to be done for `all'.
