15:39:01 **** Build of project CCLAbelling_bsp ****
make -k all 
"Running Make include in ps7_cortexa9_0/libsrc/bram_v4_0/src"
make -C ps7_cortexa9_0/libsrc/bram_v4_0/src -s include  "SHELL=CMD" "COMPILER=arm-xilinx-eabi-gcc" "ARCHIVER=arm-xilinx-eabi-ar" "COMPILER_FLAGS=  -O2 -c" "EXTRA_COMPILER_FLAGS=-g"
"Running Make include in ps7_cortexa9_0/libsrc/cclabel_v1_0/src"
make -C ps7_cortexa9_0/libsrc/cclabel_v1_0/src -s include  "SHELL=CMD" "COMPILER=arm-xilinx-eabi-gcc" "ARCHIVER=arm-xilinx-eabi-ar" "COMPILER_FLAGS=  -O2 -c" "EXTRA_COMPILER_FLAGS=-g"
"Running Make include in ps7_cortexa9_0/libsrc/cpu_cortexa9_v2_1/src"
make -C ps7_cortexa9_0/libsrc/cpu_cortexa9_v2_1/src -s include  "SHELL=CMD" "COMPILER=arm-xilinx-eabi-gcc" "ARCHIVER=arm-xilinx-eabi-ar" "COMPILER_FLAGS=  -O2 -c" "EXTRA_COMPILER_FLAGS=-g"
"Running Make include in ps7_cortexa9_0/libsrc/devcfg_v3_2/src"
make -C ps7_cortexa9_0/libsrc/devcfg_v3_2/src -s include  "SHELL=CMD" "COMPILER=arm-xilinx-eabi-gcc" "ARCHIVER=arm-xilinx-eabi-ar" "COMPILER_FLAGS=  -O2 -c" "EXTRA_COMPILER_FLAGS=-g"
"Running Make include in ps7_cortexa9_0/libsrc/dmaps_v2_1/src"
make -C ps7_cortexa9_0/libsrc/dmaps_v2_1/src -s include  "SHELL=CMD" "COMPILER=arm-xilinx-eabi-gcc" "ARCHIVER=arm-xilinx-eabi-ar" "COMPILER_FLAGS=  -O2 -c" "EXTRA_COMPILER_FLAGS=-g"
"Running Make include in ps7_cortexa9_0/libsrc/emacps_v2_2/src"
make -C ps7_cortexa9_0/libsrc/emacps_v2_2/src -s include  "SHELL=CMD" "COMPILER=arm-xilinx-eabi-gcc" "ARCHIVER=arm-xilinx-eabi-ar" "COMPILER_FLAGS=  -O2 -c" "EXTRA_COMPILER_FLAGS=-g"
"Running Make include in ps7_cortexa9_0/libsrc/gpiops_v2_2/src"
make -C ps7_cortexa9_0/libsrc/gpiops_v2_2/src -s include  "SHELL=CMD" "COMPILER=arm-xilinx-eabi-gcc" "ARCHIVER=arm-xilinx-eabi-ar" "COMPILER_FLAGS=  -O2 -c" "EXTRA_COMPILER_FLAGS=-g"
"Running Make include in ps7_cortexa9_0/libsrc/qspips_v3_1/src"
make -C ps7_cortexa9_0/libsrc/qspips_v3_1/src -s include  "SHELL=CMD" "COMPILER=arm-xilinx-eabi-gcc" "ARCHIVER=arm-xilinx-eabi-ar" "COMPILER_FLAGS=  -O2 -c" "EXTRA_COMPILER_FLAGS=-g"
"Running Make include in ps7_cortexa9_0/libsrc/scugic_v2_1/src"
make -C ps7_cortexa9_0/libsrc/scugic_v2_1/src -s include  "SHELL=CMD" "COMPILER=arm-xilinx-eabi-gcc" "ARCHIVER=arm-xilinx-eabi-ar" "COMPILER_FLAGS=  -O2 -c" "EXTRA_COMPILER_FLAGS=-g"
"Running Make include in ps7_cortexa9_0/libsrc/scutimer_v2_0/src"
make -C ps7_cortexa9_0/libsrc/scutimer_v2_0/src -s include  "SHELL=CMD" "COMPILER=arm-xilinx-eabi-gcc" "ARCHIVER=arm-xilinx-eabi-ar" "COMPILER_FLAGS=  -O2 -c" "EXTRA_COMPILER_FLAGS=-g"
"Running Make include in ps7_cortexa9_0/libsrc/scuwdt_v2_0/src"
make -C ps7_cortexa9_0/libsrc/scuwdt_v2_0/src -s include  "SHELL=CMD" "COMPILER=arm-xilinx-eabi-gcc" "ARCHIVER=arm-xilinx-eabi-ar" "COMPILER_FLAGS=  -O2 -c" "EXTRA_COMPILER_FLAGS=-g"
"Running Make include in ps7_cortexa9_0/libsrc/sdps_v2_3/src"
make -C ps7_cortexa9_0/libsrc/sdps_v2_3/src -s include  "SHELL=CMD" "COMPILER=arm-xilinx-eabi-gcc" "ARCHIVER=arm-xilinx-eabi-ar" "COMPILER_FLAGS=  -O2 -c" "EXTRA_COMPILER_FLAGS=-g"
"Running Make include in ps7_cortexa9_0/libsrc/standalone_v4_2/src"
make -C ps7_cortexa9_0/libsrc/standalone_v4_2/src -s include  "SHELL=CMD" "COMPILER=arm-xilinx-eabi-gcc" "ARCHIVER=arm-xilinx-eabi-ar" "COMPILER_FLAGS=  -O2 -c" "EXTRA_COMPILER_FLAGS=-g"
"Running Make include in ps7_cortexa9_0/libsrc/tmrctr_v3_0/src"
make -C ps7_cortexa9_0/libsrc/tmrctr_v3_0/src -s include  "SHELL=CMD" "COMPILER=arm-xilinx-eabi-gcc" "ARCHIVER=arm-xilinx-eabi-ar" "COMPILER_FLAGS=  -O2 -c" "EXTRA_COMPILER_FLAGS=-g"
"Running Make include in ps7_cortexa9_0/libsrc/ttcps_v2_0/src"
make -C ps7_cortexa9_0/libsrc/ttcps_v2_0/src -s include  "SHELL=CMD" "COMPILER=arm-xilinx-eabi-gcc" "ARCHIVER=arm-xilinx-eabi-ar" "COMPILER_FLAGS=  -O2 -c" "EXTRA_COMPILER_FLAGS=-g"
"Running Make include in ps7_cortexa9_0/libsrc/uartps_v2_2/src"
make -C ps7_cortexa9_0/libsrc/uartps_v2_2/src -s include  "SHELL=CMD" "COMPILER=arm-xilinx-eabi-gcc" "ARCHIVER=arm-xilinx-eabi-ar" "COMPILER_FLAGS=  -O2 -c" "EXTRA_COMPILER_FLAGS=-g"
"Running Make include in ps7_cortexa9_0/libsrc/usbps_v2_2/src"
make -C ps7_cortexa9_0/libsrc/usbps_v2_2/src -s include  "SHELL=CMD" "COMPILER=arm-xilinx-eabi-gcc" "ARCHIVER=arm-xilinx-eabi-ar" "COMPILER_FLAGS=  -O2 -c" "EXTRA_COMPILER_FLAGS=-g"
"Running Make include in ps7_cortexa9_0/libsrc/xadcps_v2_1/src"
make -C ps7_cortexa9_0/libsrc/xadcps_v2_1/src -s include  "SHELL=CMD" "COMPILER=arm-xilinx-eabi-gcc" "ARCHIVER=arm-xilinx-eabi-ar" "COMPILER_FLAGS=  -O2 -c" "EXTRA_COMPILER_FLAGS=-g"
"Running Make libs in ps7_cortexa9_0/libsrc/bram_v4_0/src"
make -C ps7_cortexa9_0/libsrc/bram_v4_0/src -s libs  "SHELL=CMD" "COMPILER=arm-xilinx-eabi-gcc" "ARCHIVER=arm-xilinx-eabi-ar" "COMPILER_FLAGS=  -O2 -c" "EXTRA_COMPILER_FLAGS=-g"
"Compiling bram"
arm-xilinx-eabi-ar: creating ../../../lib/libxil.a
"Running Make libs in ps7_cortexa9_0/libsrc/cclabel_v1_0/src"
make -C ps7_cortexa9_0/libsrc/cclabel_v1_0/src -s libs  "SHELL=CMD" "COMPILER=arm-xilinx-eabi-gcc" "ARCHIVER=arm-xilinx-eabi-ar" "COMPILER_FLAGS=  -O2 -c" "EXTRA_COMPILER_FLAGS=-g"
"Compiling CCLabel"
"Running Make libs in ps7_cortexa9_0/libsrc/cpu_cortexa9_v2_1/src"
make -C ps7_cortexa9_0/libsrc/cpu_cortexa9_v2_1/src -s libs  "SHELL=CMD" "COMPILER=arm-xilinx-eabi-gcc" "ARCHIVER=arm-xilinx-eabi-ar" "COMPILER_FLAGS=  -O2 -c" "EXTRA_COMPILER_FLAGS=-g"
"Compiling cpu_cortexa9"
"Running Make libs in ps7_cortexa9_0/libsrc/devcfg_v3_2/src"
make -C ps7_cortexa9_0/libsrc/devcfg_v3_2/src -s libs  "SHELL=CMD" "COMPILER=arm-xilinx-eabi-gcc" "ARCHIVER=arm-xilinx-eabi-ar" "COMPILER_FLAGS=  -O2 -c" "EXTRA_COMPILER_FLAGS=-g"
"Compiling devcfg"
"Running Make libs in ps7_cortexa9_0/libsrc/dmaps_v2_1/src"
make -C ps7_cortexa9_0/libsrc/dmaps_v2_1/src -s libs  "SHELL=CMD" "COMPILER=arm-xilinx-eabi-gcc" "ARCHIVER=arm-xilinx-eabi-ar" "COMPILER_FLAGS=  -O2 -c" "EXTRA_COMPILER_FLAGS=-g"
"Compiling dmaps"
"Running Make libs in ps7_cortexa9_0/libsrc/emacps_v2_2/src"
make -C ps7_cortexa9_0/libsrc/emacps_v2_2/src -s libs  "SHELL=CMD" "COMPILER=arm-xilinx-eabi-gcc" "ARCHIVER=arm-xilinx-eabi-ar" "COMPILER_FLAGS=  -O2 -c" "EXTRA_COMPILER_FLAGS=-g"
"Compiling emacps"
"Running Make libs in ps7_cortexa9_0/libsrc/gpiops_v2_2/src"
make -C ps7_cortexa9_0/libsrc/gpiops_v2_2/src -s libs  "SHELL=CMD" "COMPILER=arm-xilinx-eabi-gcc" "ARCHIVER=arm-xilinx-eabi-ar" "COMPILER_FLAGS=  -O2 -c" "EXTRA_COMPILER_FLAGS=-g"
"Compiling gpiops"
"Running Make libs in ps7_cortexa9_0/libsrc/qspips_v3_1/src"
make -C ps7_cortexa9_0/libsrc/qspips_v3_1/src -s libs  "SHELL=CMD" "COMPILER=arm-xilinx-eabi-gcc" "ARCHIVER=arm-xilinx-eabi-ar" "COMPILER_FLAGS=  -O2 -c" "EXTRA_COMPILER_FLAGS=-g"
"Compiling qspips"
"Running Make libs in ps7_cortexa9_0/libsrc/scugic_v2_1/src"
make -C ps7_cortexa9_0/libsrc/scugic_v2_1/src -s libs  "SHELL=CMD" "COMPILER=arm-xilinx-eabi-gcc" "ARCHIVER=arm-xilinx-eabi-ar" "COMPILER_FLAGS=  -O2 -c" "EXTRA_COMPILER_FLAGS=-g"
"Compiling scugic"
"Running Make libs in ps7_cortexa9_0/libsrc/scutimer_v2_0/src"
make -C ps7_cortexa9_0/libsrc/scutimer_v2_0/src -s libs  "SHELL=CMD" "COMPILER=arm-xilinx-eabi-gcc" "ARCHIVER=arm-xilinx-eabi-ar" "COMPILER_FLAGS=  -O2 -c" "EXTRA_COMPILER_FLAGS=-g"
"Compiling scutimer"
"Running Make libs in ps7_cortexa9_0/libsrc/scuwdt_v2_0/src"
make -C ps7_cortexa9_0/libsrc/scuwdt_v2_0/src -s libs  "SHELL=CMD" "COMPILER=arm-xilinx-eabi-gcc" "ARCHIVER=arm-xilinx-eabi-ar" "COMPILER_FLAGS=  -O2 -c" "EXTRA_COMPILER_FLAGS=-g"
"Compiling scuwdt"
"Running Make libs in ps7_cortexa9_0/libsrc/sdps_v2_3/src"
make -C ps7_cortexa9_0/libsrc/sdps_v2_3/src -s libs  "SHELL=CMD" "COMPILER=arm-xilinx-eabi-gcc" "ARCHIVER=arm-xilinx-eabi-ar" "COMPILER_FLAGS=  -O2 -c" "EXTRA_COMPILER_FLAGS=-g"
"Compiling sdps"
"Running Make libs in ps7_cortexa9_0/libsrc/standalone_v4_2/src"
make -C ps7_cortexa9_0/libsrc/standalone_v4_2/src -s libs  "SHELL=CMD" "COMPILER=arm-xilinx-eabi-gcc" "ARCHIVER=arm-xilinx-eabi-ar" "COMPILER_FLAGS=  -O2 -c" "EXTRA_COMPILER_FLAGS=-g"
"Compiling standalone"
"Running Make libs in ps7_cortexa9_0/libsrc/tmrctr_v3_0/src"
make -C ps7_cortexa9_0/libsrc/tmrctr_v3_0/src -s libs  "SHELL=CMD" "COMPILER=arm-xilinx-eabi-gcc" "ARCHIVER=arm-xilinx-eabi-ar" "COMPILER_FLAGS=  -O2 -c" "EXTRA_COMPILER_FLAGS=-g"
"Compiling tmrctr"
"Running Make libs in ps7_cortexa9_0/libsrc/ttcps_v2_0/src"
make -C ps7_cortexa9_0/libsrc/ttcps_v2_0/src -s libs  "SHELL=CMD" "COMPILER=arm-xilinx-eabi-gcc" "ARCHIVER=arm-xilinx-eabi-ar" "COMPILER_FLAGS=  -O2 -c" "EXTRA_COMPILER_FLAGS=-g"
"Compiling ttcps"
"Running Make libs in ps7_cortexa9_0/libsrc/uartps_v2_2/src"
make -C ps7_cortexa9_0/libsrc/uartps_v2_2/src -s libs  "SHELL=CMD" "COMPILER=arm-xilinx-eabi-gcc" "ARCHIVER=arm-xilinx-eabi-ar" "COMPILER_FLAGS=  -O2 -c" "EXTRA_COMPILER_FLAGS=-g"
"Compiling uartps"
"Running Make libs in ps7_cortexa9_0/libsrc/usbps_v2_2/src"
make -C ps7_cortexa9_0/libsrc/usbps_v2_2/src -s libs  "SHELL=CMD" "COMPILER=arm-xilinx-eabi-gcc" "ARCHIVER=arm-xilinx-eabi-ar" "COMPILER_FLAGS=  -O2 -c" "EXTRA_COMPILER_FLAGS=-g"
"Compiling usbps"
"Running Make libs in ps7_cortexa9_0/libsrc/xadcps_v2_1/src"
make -C ps7_cortexa9_0/libsrc/xadcps_v2_1/src -s libs  "SHELL=CMD" "COMPILER=arm-xilinx-eabi-gcc" "ARCHIVER=arm-xilinx-eabi-ar" "COMPILER_FLAGS=  -O2 -c" "EXTRA_COMPILER_FLAGS=-g"
"Compiling xadcps"
'Finished building libraries'
15:39:43 **** Build of configuration Debug for project CCLAbelling ****
make all 
'Building file: ../src/main.cc'
'Invoking: ARM g++ compiler'
arm-xilinx-eabi-g++ -Wall -O0 -g3 -c -fmessage-length=0 -MT"src/main.o" -I../../CCLAbelling_bsp/ps7_cortexa9_0/include -MMD -MP -MF"src/main.d" -MT"src/main.d" -o "src/main.o" "../src/main.cc"
'Finished building: ../src/main.cc'
' '
'Building target: CCLAbelling.elf'
'Invoking: ARM g++ linker'
arm-xilinx-eabi-g++ -Wl,-T -Wl,../src/lscript.ld -L../../CCLAbelling_bsp/ps7_cortexa9_0/lib -o "CCLAbelling.elf"  ./src/main.o   -Wl,--start-group,-lxil,-lgcc,-lc,-lstdc++,--end-group
'Finished building target: CCLAbelling.elf'
' '
'Invoking: ARM Print Size'
arm-xilinx-eabi-size CCLAbelling.elf  |tee "CCLAbelling.elf.size"
   text	   data	    bss	    dec	    hex	filename
  19500	   1152	  22556	  43208	   a8c8	CCLAbelling.elf
'Finished building: CCLAbelling.elf.size'
' '
15:39:47 **** Build of configuration Debug for project grt ****
make all 
'Building file: ../src/helloworld.c'
'Invoking: ARM gcc compiler'
arm-xilinx-eabi-gcc -Wall -O0 -g3 -c -fmessage-length=0 -MT"src/helloworld.o" -I../../CCLAbelling_bsp/ps7_cortexa9_0/include -MMD -MP -MF"src/helloworld.d" -MT"src/helloworld.d" -o "src/helloworld.o" "../src/helloworld.c"
'Finished building: ../src/helloworld.c'
' '
'Building file: ../src/platform.c'
'Invoking: ARM gcc compiler'
arm-xilinx-eabi-gcc -Wall -O0 -g3 -c -fmessage-length=0 -MT"src/platform.o" -I../../CCLAbelling_bsp/ps7_cortexa9_0/include -MMD -MP -MF"src/platform.d" -MT"src/platform.d" -o "src/platform.o" "../src/platform.c"
'Finished building: ../src/platform.c'
' '
'Building target: grt.elf'
'Invoking: ARM gcc linker'
arm-xilinx-eabi-gcc -Wl,-T -Wl,../src/lscript.ld -L../../CCLAbelling_bsp/ps7_cortexa9_0/lib -o "grt.elf"  ./src/helloworld.o ./src/platform.o   -Wl,--start-group,-lxil,-lgcc,-lc,--end-group
'Finished building target: grt.elf'
' '
'Invoking: ARM Print Size'
arm-xilinx-eabi-size grt.elf  |tee "grt.elf.size"
   text	   data	    bss	    dec	    hex	filename
  22920	   1152	  22564	  46636	   b62c	grt.elf
'Finished building: grt.elf.size'
' '
15:39:58 **** Auto Build of configuration Debug for project CCLAbelling ****
make all 
make: Nothing to be done for `all'.
15:39:58 **** Clean-only build of configuration Debug for project grt ****
make clean 
rm -rf  ./src/helloworld.o ./src/platform.o  ./src/helloworld.d ./src/platform.d  grt.elf.size  grt.elf
' '
15:39:59 **** Auto Build of configuration Debug for project grt ****
make all 
'Building file: ../src/helloworld.c'
'Invoking: ARM gcc compiler'
arm-xilinx-eabi-gcc -Wall -O0 -g3 -c -fmessage-length=0 -MT"src/helloworld.o" -I../../CCLAbelling_bsp/ps7_cortexa9_0/include -MMD -MP -MF"src/helloworld.d" -MT"src/helloworld.d" -o "src/helloworld.o" "../src/helloworld.c"
../src/helloworld.c:49:22: fatal error: platform.h: No such file or directory
 #include "platform.h"
                      ^
compilation terminated.
make: *** [src/helloworld.o] Error 1
15:40:07 **** Clean-only build of configuration Debug for project CCLAbelling ****
make clean 
rm -rf  ./src/main.d  ./src/main.o ./src/platform.o  ./src/platform.d  CCLAbelling.elf.size  CCLAbelling.elf
' '
15:40:07 **** Auto Build of configuration Debug for project CCLAbelling ****
make all 
'Building file: ../src/main.cc'
'Invoking: ARM g++ compiler'
arm-xilinx-eabi-g++ -Wall -O0 -g3 -c -fmessage-length=0 -MT"src/main.o" -I../../CCLAbelling_bsp/ps7_cortexa9_0/include -MMD -MP -MF"src/main.d" -MT"src/main.d" -o "src/main.o" "../src/main.cc"
'Finished building: ../src/main.cc'
' '
'Building file: ../src/platform.cc'
'Invoking: ARM g++ compiler'
arm-xilinx-eabi-g++ -Wall -O0 -g3 -c -fmessage-length=0 -MT"src/platform.o" -I../../CCLAbelling_bsp/ps7_cortexa9_0/include -MMD -MP -MF"src/platform.d" -MT"src/platform.d" -o "src/platform.o" "../src/platform.cc"
'Finished building: ../src/platform.cc'
' '
'Building target: CCLAbelling.elf'
'Invoking: ARM g++ linker'
arm-xilinx-eabi-g++ -Wl,-T -Wl,../src/lscript.ld -L../../CCLAbelling_bsp/ps7_cortexa9_0/lib -o "CCLAbelling.elf"  ./src/main.o ./src/platform.o   -Wl,--start-group,-lxil,-lgcc,-lc,-lstdc++,--end-group
'Finished building target: CCLAbelling.elf'
' '
'Invoking: ARM Print Size'
arm-xilinx-eabi-size CCLAbelling.elf  |tee "CCLAbelling.elf.size"
   text	   data	    bss	    dec	    hex	filename
  33788	   2192	  22620	  58600	   e4e8	CCLAbelling.elf
'Finished building: CCLAbelling.elf.size'
' '
15:41:09 **** Auto Build of configuration Debug for project CCLAbelling ****
make all 
'Building file: ../src/main.cc'
'Invoking: ARM g++ compiler'
arm-xilinx-eabi-g++ -Wall -O0 -g3 -c -fmessage-length=0 -MT"src/main.o" -I../../CCLAbelling_bsp/ps7_cortexa9_0/include -MMD -MP -MF"src/main.d" -MT"src/main.d" -o "src/main.o" "../src/main.cc"
../src/main.cc: In function 'int main()':
../src/main.cc:62:9: warning: the address of 'u32 XCclabel_IsDone(XCclabel*)' will always evaluate as 'true' [-Waddress]
  while(!XCclabel_IsDone);
         ^
'Finished building: ../src/main.cc'
' '
'Building target: CCLAbelling.elf'
'Invoking: ARM g++ linker'
arm-xilinx-eabi-g++ -Wl,-T -Wl,../src/lscript.ld -L../../CCLAbelling_bsp/ps7_cortexa9_0/lib -o "CCLAbelling.elf"  ./src/main.o ./src/platform.o   -Wl,--start-group,-lxil,-lgcc,-lc,-lstdc++,--end-group
'Finished building target: CCLAbelling.elf'
' '
'Invoking: ARM Print Size'
arm-xilinx-eabi-size CCLAbelling.elf  |tee "CCLAbelling.elf.size"
   text	   data	    bss	    dec	    hex	filename
  44112	   2200	  22636	  68948	  10d54	CCLAbelling.elf
'Finished building: CCLAbelling.elf.size'
' '
15:41:56 **** Auto Build of configuration Debug for project CCLAbelling ****
make all 
make: Nothing to be done for `all'.
15:42:08 **** Auto Build of configuration Debug for project CCLAbelling ****
make all 
make: Nothing to be done for `all'.
15:43:40 **** Auto Build of configuration Debug for project CCLAbelling ****
make all 
'Building file: ../src/AxiTimerHelper.cpp'
'Invoking: ARM g++ compiler'
arm-xilinx-eabi-g++ -Wall -O0 -g3 -c -fmessage-length=0 -MT"src/AxiTimerHelper.o" -I../../CCLAbelling_bsp/ps7_cortexa9_0/include -MMD -MP -MF"src/AxiTimerHelper.d" -MT"src/AxiTimerHelper.d" -o "src/AxiTimerHelper.o" "../src/AxiTimerHelper.cpp"
'Finished building: ../src/AxiTimerHelper.cpp'
' '
'Building target: CCLAbelling.elf'
'Invoking: ARM g++ linker'
arm-xilinx-eabi-g++ -Wl,-T -Wl,../src/lscript.ld -L../../CCLAbelling_bsp/ps7_cortexa9_0/lib -o "CCLAbelling.elf"  ./src/AxiTimerHelper.o ./src/main.o ./src/platform.o   -Wl,--start-group,-lxil,-lgcc,-lc,-lstdc++,--end-group
'Finished building target: CCLAbelling.elf'
' '
'Invoking: ARM Print Size'
arm-xilinx-eabi-size CCLAbelling.elf  |tee "CCLAbelling.elf.size"
   text	   data	    bss	    dec	    hex	filename
  48816	   2216	  22636	  73668	  11fc4	CCLAbelling.elf
'Finished building: CCLAbelling.elf.size'
' '
15:44:22 **** Auto Build of configuration Debug for project CCLAbelling ****
make all 
'Building file: ../src/main.cc'
'Invoking: ARM g++ compiler'
arm-xilinx-eabi-g++ -Wall -O0 -g3 -c -fmessage-length=0 -MT"src/main.o" -I../../CCLAbelling_bsp/ps7_cortexa9_0/include -MMD -MP -MF"src/main.d" -MT"src/main.d" -o "src/main.o" "../src/main.cc"
../src/main.cc: In function 'int main()':
../src/main.cc:63:9: warning: the address of 'u32 XCclabel_IsDone(XCclabel*)' will always evaluate as 'true' [-Waddress]
  while(!XCclabel_IsDone);
         ^
'Finished building: ../src/main.cc'
' '
'Building target: CCLAbelling.elf'
'Invoking: ARM g++ linker'
arm-xilinx-eabi-g++ -Wl,-T -Wl,../src/lscript.ld -L../../CCLAbelling_bsp/ps7_cortexa9_0/lib -o "CCLAbelling.elf"  ./src/AxiTimerHelper.o ./src/main.o ./src/platform.o   -Wl,--start-group,-lxil,-lgcc,-lc,-lstdc++,--end-group
'Finished building target: CCLAbelling.elf'
' '
'Invoking: ARM Print Size'
arm-xilinx-eabi-size CCLAbelling.elf  |tee "CCLAbelling.elf.size"
   text	   data	    bss	    dec	    hex	filename
  48816	   2216	  22636	  73668	  11fc4	CCLAbelling.elf
'Finished building: CCLAbelling.elf.size'
' '
15:47:05 **** Auto Build of configuration Debug for project CCLAbelling ****
make all 
'Building file: ../src/main.cc'
'Invoking: ARM g++ compiler'
arm-xilinx-eabi-g++ -Wall -O0 -g3 -c -fmessage-length=0 -MT"src/main.o" -I../../CCLAbelling_bsp/ps7_cortexa9_0/include -MMD -MP -MF"src/main.d" -MT"src/main.d" -o "src/main.o" "../src/main.cc"
../src/main.cc:9:8: error: redefinition of 'float* XArr'
 float *XArr = (float *)0x40000000;
        ^
../src/main.cc:8:8: error: 'float* XArr' previously defined here
 float *XArr = (float *)0x40000000;
        ^
../src/main.cc:10:8: error: redefinition of 'float* XArr'
 float *XArr = (float *)0x40000000;
        ^
../src/main.cc:8:8: error: 'float* XArr' previously defined here
 float *XArr = (float *)0x40000000;
        ^
../src/main.cc: In function 'int main()':
../src/main.cc:67:9: warning: the address of 'u32 XCclabel_IsDone(XCclabel*)' will always evaluate as 'true' [-Waddress]
  while(!XCclabel_IsDone);
         ^
make: *** [src/main.o] Error 1
15:47:17 **** Auto Build of configuration Debug for project CCLAbelling ****
make all 
'Building file: ../src/main.cc'
'Invoking: ARM g++ compiler'
arm-xilinx-eabi-g++ -Wall -O0 -g3 -c -fmessage-length=0 -MT"src/main.o" -I../../CCLAbelling_bsp/ps7_cortexa9_0/include -MMD -MP -MF"src/main.d" -MT"src/main.d" -o "src/main.o" "../src/main.cc"
../src/main.cc:9:24: error: invalid suffix "_0000" on integer constant
 float *YArr = (float *)0x4001_0000;
                        ^
../src/main.cc:10:8: error: redefinition of 'float* XArr'
 float *XArr = (float *)0x40000000;
        ^
../src/main.cc:8:8: error: 'float* XArr' previously defined here
 float *XArr = (float *)0x40000000;
        ^
../src/main.cc: In function 'int main()':
../src/main.cc:67:9: warning: the address of 'u32 XCclabel_IsDone(XCclabel*)' will always evaluate as 'true' [-Waddress]
  while(!XCclabel_IsDone);
         ^
make: *** [src/main.o] Error 1
15:47:19 **** Auto Build of configuration Debug for project CCLAbelling ****
make all 
'Building file: ../src/main.cc'
'Invoking: ARM g++ compiler'
arm-xilinx-eabi-g++ -Wall -O0 -g3 -c -fmessage-length=0 -MT"src/main.o" -I../../CCLAbelling_bsp/ps7_cortexa9_0/include -MMD -MP -MF"src/main.d" -MT"src/main.d" -o "src/main.o" "../src/main.cc"
../src/main.cc:10:8: error: redefinition of 'float* XArr'
 float *XArr = (float *)0x40000000;
        ^
../src/main.cc:8:8: error: 'float* XArr' previously defined here
 float *XArr = (float *)0x40000000;
        ^
../src/main.cc: In function 'int main()':
../src/main.cc:67:9: warning: the address of 'u32 XCclabel_IsDone(XCclabel*)' will always evaluate as 'true' [-Waddress]
  while(!XCclabel_IsDone);
         ^
make: *** [src/main.o] Error 1
15:47:40 **** Auto Build of configuration Debug for project CCLAbelling ****
make all 
'Building file: ../src/main.cc'
'Invoking: ARM g++ compiler'
arm-xilinx-eabi-g++ -Wall -O0 -g3 -c -fmessage-length=0 -MT"src/main.o" -I../../CCLAbelling_bsp/ps7_cortexa9_0/include -MMD -MP -MF"src/main.d" -MT"src/main.d" -o "src/main.o" "../src/main.cc"
../src/main.cc: In function 'int main()':
../src/main.cc:67:9: warning: the address of 'u32 XCclabel_IsDone(XCclabel*)' will always evaluate as 'true' [-Waddress]
  while(!XCclabel_IsDone);
         ^
'Finished building: ../src/main.cc'
' '
'Building target: CCLAbelling.elf'
'Invoking: ARM g++ linker'
arm-xilinx-eabi-g++ -Wl,-T -Wl,../src/lscript.ld -L../../CCLAbelling_bsp/ps7_cortexa9_0/lib -o "CCLAbelling.elf"  ./src/AxiTimerHelper.o ./src/main.o ./src/platform.o   -Wl,--start-group,-lxil,-lgcc,-lc,-lstdc++,--end-group
'Finished building target: CCLAbelling.elf'
' '
'Invoking: ARM Print Size'
arm-xilinx-eabi-size CCLAbelling.elf  |tee "CCLAbelling.elf.size"
   text	   data	    bss	    dec	    hex	filename
  48816	   2224	  22636	  73676	  11fcc	CCLAbelling.elf
'Finished building: CCLAbelling.elf.size'
' '
15:49:08 **** Auto Build of configuration Debug for project CCLAbelling ****
make all 
'Building file: ../src/main.cc'
'Invoking: ARM g++ compiler'
arm-xilinx-eabi-g++ -Wall -O0 -g3 -c -fmessage-length=0 -MT"src/main.o" -I../../CCLAbelling_bsp/ps7_cortexa9_0/include -MMD -MP -MF"src/main.d" -MT"src/main.d" -o "src/main.o" "../src/main.cc"
'Finished building: ../src/main.cc'
' '
'Building target: CCLAbelling.elf'
'Invoking: ARM g++ linker'
arm-xilinx-eabi-g++ -Wl,-T -Wl,../src/lscript.ld -L../../CCLAbelling_bsp/ps7_cortexa9_0/lib -o "CCLAbelling.elf"  ./src/AxiTimerHelper.o ./src/main.o ./src/platform.o   -Wl,--start-group,-lxil,-lgcc,-lc,-lstdc++,--end-group
'Finished building target: CCLAbelling.elf'
' '
'Invoking: ARM Print Size'
arm-xilinx-eabi-size CCLAbelling.elf  |tee "CCLAbelling.elf.size"
   text	   data	    bss	    dec	    hex	filename
  48816	   2224	  22636	  73676	  11fcc	CCLAbelling.elf
'Finished building: CCLAbelling.elf.size'
' '
15:55:06 **** Auto Build of configuration Debug for project CCLAbelling ****
make all 
'Building file: ../src/main.cc'
'Invoking: ARM g++ compiler'
arm-xilinx-eabi-g++ -Wall -O0 -g3 -c -fmessage-length=0 -MT"src/main.o" -I../../CCLAbelling_bsp/ps7_cortexa9_0/include -MMD -MP -MF"src/main.d" -MT"src/main.d" -o "src/main.o" "../src/main.cc"
../src/main.cc: In function 'int main()':
../src/main.cc:70:8: warning: unused variable 'centroidCount' [-Wunused-variable]
  float centroidCount = u32_to_float(XCclabel_Get_return(&cCLabel));
        ^
'Finished building: ../src/main.cc'
' '
'Building target: CCLAbelling.elf'
'Invoking: ARM g++ linker'
arm-xilinx-eabi-g++ -Wl,-T -Wl,../src/lscript.ld -L../../CCLAbelling_bsp/ps7_cortexa9_0/lib -o "CCLAbelling.elf"  ./src/AxiTimerHelper.o ./src/main.o ./src/platform.o   -Wl,--start-group,-lxil,-lgcc,-lc,-lstdc++,--end-group
'Finished building target: CCLAbelling.elf'
' '
'Invoking: ARM Print Size'
arm-xilinx-eabi-size CCLAbelling.elf  |tee "CCLAbelling.elf.size"
   text	   data	    bss	    dec	    hex	filename
  48880	   2224	  22636	  73740	  1200c	CCLAbelling.elf
'Finished building: CCLAbelling.elf.size'
' '
15:55:42 **** Auto Build of configuration Debug for project CCLAbelling ****
make all 
'Building file: ../src/main.cc'
'Invoking: ARM g++ compiler'
arm-xilinx-eabi-g++ -Wall -O0 -g3 -c -fmessage-length=0 -MT"src/main.o" -I../../CCLAbelling_bsp/ps7_cortexa9_0/include -MMD -MP -MF"src/main.d" -MT"src/main.d" -o "src/main.o" "../src/main.cc"
../src/main.cc: In function 'int main()':
../src/main.cc:72:8: warning: unused variable 'centroidCount' [-Wunused-variable]
  float centroidCount = u32_to_float(XCclabel_Get_return(&cCLabel));
        ^
'Finished building: ../src/main.cc'
' '
'Building target: CCLAbelling.elf'
'Invoking: ARM g++ linker'
arm-xilinx-eabi-g++ -Wl,-T -Wl,../src/lscript.ld -L../../CCLAbelling_bsp/ps7_cortexa9_0/lib -o "CCLAbelling.elf"  ./src/AxiTimerHelper.o ./src/main.o ./src/platform.o   -Wl,--start-group,-lxil,-lgcc,-lc,-lstdc++,--end-group
'Finished building target: CCLAbelling.elf'
' '
'Invoking: ARM Print Size'
arm-xilinx-eabi-size CCLAbelling.elf  |tee "CCLAbelling.elf.size"
   text	   data	    bss	    dec	    hex	filename
  48880	   2224	  22636	  73740	  1200c	CCLAbelling.elf
'Finished building: CCLAbelling.elf.size'
' '
15:56:10 **** Auto Build of configuration Debug for project CCLAbelling ****
make all 
'Building file: ../src/main.cc'
'Invoking: ARM g++ compiler'
arm-xilinx-eabi-g++ -Wall -O0 -g3 -c -fmessage-length=0 -MT"src/main.o" -I../../CCLAbelling_bsp/ps7_cortexa9_0/include -MMD -MP -MF"src/main.d" -MT"src/main.d" -o "src/main.o" "../src/main.cc"
../src/main.cc: In function 'void readImage(FILE*&)':
../src/main.cc:39:22: error: 'IMG_HEIGHT' was not declared in this scope
  for (int i = 0; i < IMG_HEIGHT; ++i) for (int j = 0; j < IMG_WIDTH; ++j) {
                      ^
../src/main.cc:39:59: error: 'IMG_WIDTH' was not declared in this scope
  for (int i = 0; i < IMG_HEIGHT; ++i) for (int j = 0; j < IMG_WIDTH; ++j) {
                                                           ^
../src/main.cc:40:25: error: 'Image' was not declared in this scope
   fscanf(fileIn, "%d", &Image[i*IMG_HEIGHT + j]);
                         ^
../src/main.cc: In function 'int main()':
../src/main.cc:79:8: warning: unused variable 'centroidCount' [-Wunused-variable]
  float centroidCount = u32_to_float(XCclabel_Get_return(&cCLabel));
        ^
make: *** [src/main.o] Error 1
15:56:25 **** Auto Build of configuration Debug for project CCLAbelling ****
make all 
'Building file: ../src/main.cc'
'Invoking: ARM g++ compiler'
arm-xilinx-eabi-g++ -Wall -O0 -g3 -c -fmessage-length=0 -MT"src/main.o" -I../../CCLAbelling_bsp/ps7_cortexa9_0/include -MMD -MP -MF"src/main.d" -MT"src/main.d" -o "src/main.o" "../src/main.cc"
../src/main.cc: In function 'void readImage(FILE*&)':
../src/main.cc:39:22: error: 'IMG_HEIGHT' was not declared in this scope
  for (int i = 0; i < IMG_HEIGHT; ++i) for (int j = 0; j < IMG_WIDTH; ++j) {
                      ^
../src/main.cc:39:59: error: 'IMG_WIDTH' was not declared in this scope
  for (int i = 0; i < IMG_HEIGHT; ++i) for (int j = 0; j < IMG_WIDTH; ++j) {
                                                           ^
../src/main.cc:40:25: error: 'Image' was not declared in this scope
   fscanf(fileIn, "%d", &Image[i*IMG_HEIGHT + j]);
                         ^
../src/main.cc: In function 'int main()':
../src/main.cc:79:8: warning: unused variable 'centroidCount' [-Wunused-variable]
  float centroidCount = u32_to_float(XCclabel_Get_return(&cCLabel));
        ^
make: *** [src/main.o] Error 1
15:56:40 **** Auto Build of configuration Debug for project CCLAbelling ****
make all 
'Building file: ../src/main.cc'
'Invoking: ARM g++ compiler'
arm-xilinx-eabi-g++ -Wall -O0 -g3 -c -fmessage-length=0 -MT"src/main.o" -I../../CCLAbelling_bsp/ps7_cortexa9_0/include -MMD -MP -MF"src/main.d" -MT"src/main.d" -o "src/main.o" "../src/main.cc"
../src/main.cc: In function 'void readImage(FILE*&)':
../src/main.cc:39:22: error: 'IMG_HEIGHT' was not declared in this scope
  for (int i = 0; i < IMG_HEIGHT; ++i) for (int j = 0; j < IMG_WIDTH; ++j) {
                      ^
../src/main.cc:39:59: error: 'IMG_WIDTH' was not declared in this scope
  for (int i = 0; i < IMG_HEIGHT; ++i) for (int j = 0; j < IMG_WIDTH; ++j) {
                                                           ^
../src/main.cc:40:25: error: 'Image' was not declared in this scope
   fscanf(fileIn, "%d", &Image[i*IMG_HEIGHT + j]);
                         ^
../src/main.cc: In function 'int main()':
../src/main.cc:79:8: warning: unused variable 'centroidCount' [-Wunused-variable]
  float centroidCount = u32_to_float(XCclabel_Get_return(&cCLabel));
        ^
make: *** [src/main.o] Error 1
15:56:45 **** Auto Build of configuration Debug for project CCLAbelling ****
make all 
'Building file: ../src/main.cc'
'Invoking: ARM g++ compiler'
arm-xilinx-eabi-g++ -Wall -O0 -g3 -c -fmessage-length=0 -MT"src/main.o" -I../../CCLAbelling_bsp/ps7_cortexa9_0/include -MMD -MP -MF"src/main.d" -MT"src/main.d" -o "src/main.o" "../src/main.cc"
../src/main.cc: In function 'void readImage(FILE*&)':
../src/main.cc:39:22: error: 'IMG_HEIGHT' was not declared in this scope
  for (int i = 0; i < IMG_HEIGHT; ++i) for (int j = 0; j < IMG_WIDTH; ++j) {
                      ^
../src/main.cc:39:59: error: 'IMG_WIDTH' was not declared in this scope
  for (int i = 0; i < IMG_HEIGHT; ++i) for (int j = 0; j < IMG_WIDTH; ++j) {
                                                           ^
../src/main.cc:40:25: error: 'Image' was not declared in this scope
   fscanf(fileIn, "%d", &Image[i*IMG_HEIGHT + j]);
                         ^
../src/main.cc: In function 'int main()':
../src/main.cc:79:8: warning: unused variable 'centroidCount' [-Wunused-variable]
  float centroidCount = u32_to_float(XCclabel_Get_return(&cCLabel));
        ^
make: *** [src/main.o] Error 1
15:56:46 **** Auto Build of configuration Debug for project CCLAbelling ****
make all 
'Building file: ../src/main.cc'
'Invoking: ARM g++ compiler'
arm-xilinx-eabi-g++ -Wall -O0 -g3 -c -fmessage-length=0 -MT"src/main.o" -I../../CCLAbelling_bsp/ps7_cortexa9_0/include -MMD -MP -MF"src/main.d" -MT"src/main.d" -o "src/main.o" "../src/main.cc"
../src/main.cc: In function 'void readImage(FILE*&)':
../src/main.cc:39:22: error: 'IMG_HEIGHT' was not declared in this scope
  for (int i = 0; i < IMG_HEIGHT; ++i) for (int j = 0; j < IMG_WIDTH; ++j) {
                      ^
../src/main.cc:39:59: error: 'IMG_WIDTH' was not declared in this scope
  for (int i = 0; i < IMG_HEIGHT; ++i) for (int j = 0; j < IMG_WIDTH; ++j) {
                                                           ^
../src/main.cc: In function 'int main()':
../src/main.cc:79:8: warning: unused variable 'centroidCount' [-Wunused-variable]
  float centroidCount = u32_to_float(XCclabel_Get_return(&cCLabel));
        ^
make: *** [src/main.o] Error 1
15:56:57 **** Auto Build of configuration Debug for project CCLAbelling ****
make all 
'Building file: ../src/main.cc'
'Invoking: ARM g++ compiler'
arm-xilinx-eabi-g++ -Wall -O0 -g3 -c -fmessage-length=0 -MT"src/main.o" -I../../CCLAbelling_bsp/ps7_cortexa9_0/include -MMD -MP -MF"src/main.d" -MT"src/main.d" -o "src/main.o" "../src/main.cc"
../src/main.cc: In function 'int main()':
../src/main.cc:82:8: warning: unused variable 'centroidCount' [-Wunused-variable]
  float centroidCount = u32_to_float(XCclabel_Get_return(&cCLabel));
        ^
'Finished building: ../src/main.cc'
' '
'Building target: CCLAbelling.elf'
'Invoking: ARM g++ linker'
arm-xilinx-eabi-g++ -Wl,-T -Wl,../src/lscript.ld -L../../CCLAbelling_bsp/ps7_cortexa9_0/lib -o "CCLAbelling.elf"  ./src/AxiTimerHelper.o ./src/main.o ./src/platform.o   -Wl,--start-group,-lxil,-lgcc,-lc,-lstdc++,--end-group
'Finished building target: CCLAbelling.elf'
' '
'Invoking: ARM Print Size'
arm-xilinx-eabi-size CCLAbelling.elf  |tee "CCLAbelling.elf.size"
   text	   data	    bss	    dec	    hex	filename
  93556	   2356	  22644	 118556	  1cf1c	CCLAbelling.elf
'Finished building: CCLAbelling.elf.size'
' '
15:58:07 **** Auto Build of configuration Debug for project CCLAbelling ****
make all 
make: Nothing to be done for `all'.
15:58:12 **** Auto Build of configuration Debug for project CCLAbelling ****
make all 
make: Nothing to be done for `all'.
15:58:18 **** Auto Build of configuration Debug for project CCLAbelling ****
make all 
'Building file: ../src/main.cc'
'Invoking: ARM g++ compiler'
arm-xilinx-eabi-g++ -Wall -O0 -g3 -c -fmessage-length=0 -MT"src/main.o" -I../../CCLAbelling_bsp/ps7_cortexa9_0/include -MMD -MP -MF"src/main.d" -MT"src/main.d" -o "src/main.o" "../src/main.cc"
../src/main.cc: In function 'int main()':
../src/main.cc:81:8: warning: unused variable 'centroidCount' [-Wunused-variable]
  float centroidCount = u32_to_float(XCclabel_Get_return(&cCLabel));
        ^
'Finished building: ../src/main.cc'
' '
'Building target: CCLAbelling.elf'
'Invoking: ARM g++ linker'
arm-xilinx-eabi-g++ -Wl,-T -Wl,../src/lscript.ld -L../../CCLAbelling_bsp/ps7_cortexa9_0/lib -o "CCLAbelling.elf"  ./src/AxiTimerHelper.o ./src/main.o ./src/platform.o   -Wl,--start-group,-lxil,-lgcc,-lc,-lstdc++,--end-group
'Finished building target: CCLAbelling.elf'
' '
'Invoking: ARM Print Size'
arm-xilinx-eabi-size CCLAbelling.elf  |tee "CCLAbelling.elf.size"
   text	   data	    bss	    dec	    hex	filename
  93556	   2356	  22644	 118556	  1cf1c	CCLAbelling.elf
'Finished building: CCLAbelling.elf.size'
' '
16:00:14 **** Auto Build of configuration Debug for project CCLAbelling ****
make all 
'Building file: ../src/main.cc'
'Invoking: ARM g++ compiler'
arm-xilinx-eabi-g++ -Wall -O0 -g3 -c -fmessage-length=0 -MT"src/main.o" -I../../CCLAbelling_bsp/ps7_cortexa9_0/include -MMD -MP -MF"src/main.d" -MT"src/main.d" -o "src/main.o" "../src/main.cc"
../src/main.cc: In function 'int main()':
../src/main.cc:85:8: warning: unused variable 'centroidCount' [-Wunused-variable]
  float centroidCount = u32_to_float(XCclabel_Get_return(&cCLabel));
        ^
'Finished building: ../src/main.cc'
' '
'Building target: CCLAbelling.elf'
'Invoking: ARM g++ linker'
arm-xilinx-eabi-g++ -Wl,-T -Wl,../src/lscript.ld -L../../CCLAbelling_bsp/ps7_cortexa9_0/lib -o "CCLAbelling.elf"  ./src/AxiTimerHelper.o ./src/main.o ./src/platform.o   -Wl,--start-group,-lxil,-lgcc,-lc,-lstdc++,--end-group
'Finished building target: CCLAbelling.elf'
' '
'Invoking: ARM Print Size'
arm-xilinx-eabi-size CCLAbelling.elf  |tee "CCLAbelling.elf.size"
   text	   data	    bss	    dec	    hex	filename
  93556	   2356	  22644	 118556	  1cf1c	CCLAbelling.elf
'Finished building: CCLAbelling.elf.size'
' '
16:01:21 **** Auto Build of configuration Debug for project CCLAbelling ****
make all 
'Building file: ../src/main.cc'
'Invoking: ARM g++ compiler'
arm-xilinx-eabi-g++ -Wall -O0 -g3 -c -fmessage-length=0 -MT"src/main.o" -I../../CCLAbelling_bsp/ps7_cortexa9_0/include -MMD -MP -MF"src/main.d" -MT"src/main.d" -o "src/main.o" "../src/main.cc"
../src/main.cc: In function 'int main()':
../src/main.cc:85:8: warning: unused variable 'centroidCount' [-Wunused-variable]
  float centroidCount = u32_to_float(XCclabel_Get_return(&cCLabel));
        ^
'Finished building: ../src/main.cc'
' '
'Building target: CCLAbelling.elf'
'Invoking: ARM g++ linker'
arm-xilinx-eabi-g++ -Wl,-T -Wl,../src/lscript.ld -L../../CCLAbelling_bsp/ps7_cortexa9_0/lib -o "CCLAbelling.elf"  ./src/AxiTimerHelper.o ./src/main.o ./src/platform.o   -Wl,--start-group,-lxil,-lgcc,-lc,-lstdc++,--end-group
'Finished building target: CCLAbelling.elf'
' '
'Invoking: ARM Print Size'
arm-xilinx-eabi-size CCLAbelling.elf  |tee "CCLAbelling.elf.size"
   text	   data	    bss	    dec	    hex	filename
  93556	   2356	  22644	 118556	  1cf1c	CCLAbelling.elf
'Finished building: CCLAbelling.elf.size'
' '
16:03:25 **** Auto Build of configuration Debug for project CCLAbelling ****
make all 
'Building file: ../src/main.cc'
'Invoking: ARM g++ compiler'
arm-xilinx-eabi-g++ -Wall -O0 -g3 -c -fmessage-length=0 -MT"src/main.o" -I../../CCLAbelling_bsp/ps7_cortexa9_0/include -MMD -MP -MF"src/main.d" -MT"src/main.d" -o "src/main.o" "../src/main.cc"
../src/main.cc: In function 'int main()':
../src/main.cc:70:8: warning: variable 'fileIn' set but not used [-Wunused-but-set-variable]
  FILE *fileIn;
        ^
../src/main.cc:90:8: warning: unused variable 'centroidCount' [-Wunused-variable]
  float centroidCount = u32_to_float(XCclabel_Get_return(&cCLabel));
        ^
'Finished building: ../src/main.cc'
' '
'Building target: CCLAbelling.elf'
'Invoking: ARM g++ linker'
arm-xilinx-eabi-g++ -Wl,-T -Wl,../src/lscript.ld -L../../CCLAbelling_bsp/ps7_cortexa9_0/lib -o "CCLAbelling.elf"  ./src/AxiTimerHelper.o ./src/main.o ./src/platform.o   -Wl,--start-group,-lxil,-lgcc,-lc,-lstdc++,--end-group
'Finished building target: CCLAbelling.elf'
' '
'Invoking: ARM Print Size'
arm-xilinx-eabi-size CCLAbelling.elf  |tee "CCLAbelling.elf.size"
   text	   data	    bss	    dec	    hex	filename
  95408	   2356	  22644	 120408	  1d658	CCLAbelling.elf
'Finished building: CCLAbelling.elf.size'
' '
16:04:45 **** Auto Build of configuration Debug for project CCLAbelling ****
make all 
'Building file: ../src/main.cc'
'Invoking: ARM g++ compiler'
arm-xilinx-eabi-g++ -Wall -O0 -g3 -c -fmessage-length=0 -MT"src/main.o" -I../../CCLAbelling_bsp/ps7_cortexa9_0/include -MMD -MP -MF"src/main.d" -MT"src/main.d" -o "src/main.o" "../src/main.cc"
../src/main.cc: In function 'int main()':
../src/main.cc:72:8: warning: variable 'fileIn' set but not used [-Wunused-but-set-variable]
  FILE *fileIn;
        ^
../src/main.cc:92:8: warning: unused variable 'centroidCount' [-Wunused-variable]
  float centroidCount = u32_to_float(XCclabel_Get_return(&cCLabel));
        ^
'Finished building: ../src/main.cc'
' '
'Building target: CCLAbelling.elf'
'Invoking: ARM g++ linker'
arm-xilinx-eabi-g++ -Wl,-T -Wl,../src/lscript.ld -L../../CCLAbelling_bsp/ps7_cortexa9_0/lib -o "CCLAbelling.elf"  ./src/AxiTimerHelper.o ./src/main.o ./src/platform.o   -Wl,--start-group,-lxil,-lgcc,-lc,-lstdc++,--end-group
'Finished building target: CCLAbelling.elf'
' '
'Invoking: ARM Print Size'
arm-xilinx-eabi-size CCLAbelling.elf  |tee "CCLAbelling.elf.size"
   text	   data	    bss	    dec	    hex	filename
 489328	   2588	  31384	 523300	  7fc24	CCLAbelling.elf
'Finished building: CCLAbelling.elf.size'
' '
16:06:23 **** Auto Build of configuration Debug for project CCLAbelling ****
make all 
'Building file: ../src/main.cc'
'Invoking: ARM g++ compiler'
arm-xilinx-eabi-g++ -Wall -O0 -g3 -c -fmessage-length=0 -MT"src/main.o" -I../../CCLAbelling_bsp/ps7_cortexa9_0/include -MMD -MP -MF"src/main.d" -MT"src/main.d" -o "src/main.o" "../src/main.cc"
../src/main.cc: In function 'int main()':
../src/main.cc:71:8: warning: variable 'fileIn' set but not used [-Wunused-but-set-variable]
  FILE *fileIn;
        ^
../src/main.cc:91:8: warning: unused variable 'centroidCount' [-Wunused-variable]
  float centroidCount = u32_to_float(XCclabel_Get_return(&cCLabel));
        ^
'Finished building: ../src/main.cc'
' '
'Building target: CCLAbelling.elf'
'Invoking: ARM g++ linker'
arm-xilinx-eabi-g++ -Wl,-T -Wl,../src/lscript.ld -L../../CCLAbelling_bsp/ps7_cortexa9_0/lib -o "CCLAbelling.elf"  ./src/AxiTimerHelper.o ./src/main.o ./src/platform.o   -Wl,--start-group,-lxil,-lgcc,-lc,-lstdc++,--end-group
'Finished building target: CCLAbelling.elf'
' '
'Invoking: ARM Print Size'
arm-xilinx-eabi-size CCLAbelling.elf  |tee "CCLAbelling.elf.size"
   text	   data	    bss	    dec	    hex	filename
  95408	   2356	  22644	 120408	  1d658	CCLAbelling.elf
'Finished building: CCLAbelling.elf.size'
' '
16:07:50 **** Auto Build of configuration Debug for project CCLAbelling ****
make all 
'Building file: ../src/main.cc'
'Invoking: ARM g++ compiler'
arm-xilinx-eabi-g++ -Wall -O0 -g3 -c -fmessage-length=0 -MT"src/main.o" -I../../CCLAbelling_bsp/ps7_cortexa9_0/include -MMD -MP -MF"src/main.d" -MT"src/main.d" -o "src/main.o" "../src/main.cc"
../src/main.cc: In function 'int main()':
../src/main.cc:92:8: warning: unused variable 'centroidCount' [-Wunused-variable]
  float centroidCount = u32_to_float(XCclabel_Get_return(&cCLabel));
        ^
'Finished building: ../src/main.cc'
' '
'Building target: CCLAbelling.elf'
'Invoking: ARM g++ linker'
arm-xilinx-eabi-g++ -Wl,-T -Wl,../src/lscript.ld -L../../CCLAbelling_bsp/ps7_cortexa9_0/lib -o "CCLAbelling.elf"  ./src/AxiTimerHelper.o ./src/main.o ./src/platform.o   -Wl,--start-group,-lxil,-lgcc,-lc,-lstdc++,--end-group
'Finished building target: CCLAbelling.elf'
' '
'Invoking: ARM Print Size'
arm-xilinx-eabi-size CCLAbelling.elf  |tee "CCLAbelling.elf.size"
   text	   data	    bss	    dec	    hex	filename
  95408	   2356	  22644	 120408	  1d658	CCLAbelling.elf
'Finished building: CCLAbelling.elf.size'
' '
16:08:02 **** Auto Build of configuration Debug for project CCLAbelling ****
make all 
'Building file: ../src/main.cc'
'Invoking: ARM g++ compiler'
arm-xilinx-eabi-g++ -Wall -O0 -g3 -c -fmessage-length=0 -MT"src/main.o" -I../../CCLAbelling_bsp/ps7_cortexa9_0/include -MMD -MP -MF"src/main.d" -MT"src/main.d" -o "src/main.o" "../src/main.cc"
../src/main.cc: In function 'int main()':
../src/main.cc:94:8: warning: unused variable 'centroidCount' [-Wunused-variable]
  float centroidCount = u32_to_float(XCclabel_Get_return(&cCLabel));
        ^
'Finished building: ../src/main.cc'
' '
'Building target: CCLAbelling.elf'
'Invoking: ARM g++ linker'
arm-xilinx-eabi-g++ -Wl,-T -Wl,../src/lscript.ld -L../../CCLAbelling_bsp/ps7_cortexa9_0/lib -o "CCLAbelling.elf"  ./src/AxiTimerHelper.o ./src/main.o ./src/platform.o   -Wl,--start-group,-lxil,-lgcc,-lc,-lstdc++,--end-group
'Finished building target: CCLAbelling.elf'
' '
'Invoking: ARM Print Size'
arm-xilinx-eabi-size CCLAbelling.elf  |tee "CCLAbelling.elf.size"
   text	   data	    bss	    dec	    hex	filename
  95408	   2356	  22644	 120408	  1d658	CCLAbelling.elf
'Finished building: CCLAbelling.elf.size'
' '
16:08:40 **** Auto Build of configuration Debug for project CCLAbelling ****
make all 
'Building file: ../src/main.cc'
'Invoking: ARM g++ compiler'
arm-xilinx-eabi-g++ -Wall -O0 -g3 -c -fmessage-length=0 -MT"src/main.o" -I../../CCLAbelling_bsp/ps7_cortexa9_0/include -MMD -MP -MF"src/main.d" -MT"src/main.d" -o "src/main.o" "../src/main.cc"
'Finished building: ../src/main.cc'
' '
'Building target: CCLAbelling.elf'
'Invoking: ARM g++ linker'
arm-xilinx-eabi-g++ -Wl,-T -Wl,../src/lscript.ld -L../../CCLAbelling_bsp/ps7_cortexa9_0/lib -o "CCLAbelling.elf"  ./src/AxiTimerHelper.o ./src/main.o ./src/platform.o   -Wl,--start-group,-lxil,-lgcc,-lc,-lstdc++,--end-group
'Finished building target: CCLAbelling.elf'
' '
'Invoking: ARM Print Size'
arm-xilinx-eabi-size CCLAbelling.elf  |tee "CCLAbelling.elf.size"
   text	   data	    bss	    dec	    hex	filename
 110284	   2360	  22644	 135288	  21078	CCLAbelling.elf
'Finished building: CCLAbelling.elf.size'
' '
16:09:05 **** Auto Build of configuration Debug for project CCLAbelling ****
make all 
'Building file: ../src/main.cc'
'Invoking: ARM g++ compiler'
arm-xilinx-eabi-g++ -Wall -O0 -g3 -c -fmessage-length=0 -MT"src/main.o" -I../../CCLAbelling_bsp/ps7_cortexa9_0/include -MMD -MP -MF"src/main.d" -MT"src/main.d" -o "src/main.o" "../src/main.cc"
'Finished building: ../src/main.cc'
' '
'Building target: CCLAbelling.elf'
'Invoking: ARM g++ linker'
arm-xilinx-eabi-g++ -Wl,-T -Wl,../src/lscript.ld -L../../CCLAbelling_bsp/ps7_cortexa9_0/lib -o "CCLAbelling.elf"  ./src/AxiTimerHelper.o ./src/main.o ./src/platform.o   -Wl,--start-group,-lxil,-lgcc,-lc,-lstdc++,--end-group
'Finished building target: CCLAbelling.elf'
' '
'Invoking: ARM Print Size'
arm-xilinx-eabi-size CCLAbelling.elf  |tee "CCLAbelling.elf.size"
   text	   data	    bss	    dec	    hex	filename
 110284	   2360	  22644	 135288	  21078	CCLAbelling.elf
'Finished building: CCLAbelling.elf.size'
' '
16:09:10 **** Auto Build of configuration Debug for project CCLAbelling ****
make all 
'Building file: ../src/main.cc'
'Invoking: ARM g++ compiler'
arm-xilinx-eabi-g++ -Wall -O0 -g3 -c -fmessage-length=0 -MT"src/main.o" -I../../CCLAbelling_bsp/ps7_cortexa9_0/include -MMD -MP -MF"src/main.d" -MT"src/main.d" -o "src/main.o" "../src/main.cc"
'Finished building: ../src/main.cc'
' '
'Building target: CCLAbelling.elf'
'Invoking: ARM g++ linker'
arm-xilinx-eabi-g++ -Wl,-T -Wl,../src/lscript.ld -L../../CCLAbelling_bsp/ps7_cortexa9_0/lib -o "CCLAbelling.elf"  ./src/AxiTimerHelper.o ./src/main.o ./src/platform.o   -Wl,--start-group,-lxil,-lgcc,-lc,-lstdc++,--end-group
'Finished building target: CCLAbelling.elf'
' '
'Invoking: ARM Print Size'
arm-xilinx-eabi-size CCLAbelling.elf  |tee "CCLAbelling.elf.size"
   text	   data	    bss	    dec	    hex	filename
 110284	   2360	  22644	 135288	  21078	CCLAbelling.elf
'Finished building: CCLAbelling.elf.size'
' '
16:14:43 **** Incremental Build of configuration Debug for project CCLAbelling ****
make all 
make: Nothing to be done for `all'.
16:15:00 **** Incremental Build of configuration Debug for project CCLAbelling ****
make all 
make: Nothing to be done for `all'.
16:15:47 **** Auto Build of configuration Debug for project CCLAbelling ****
make all 
'Building file: ../src/main.cc'
'Invoking: ARM g++ compiler'
arm-xilinx-eabi-g++ -Wall -O0 -g3 -c -fmessage-length=0 -MT"src/main.o" -I../../CCLAbelling_bsp/ps7_cortexa9_0/include -MMD -MP -MF"src/main.d" -MT"src/main.d" -o "src/main.o" "../src/main.cc"
'Finished building: ../src/main.cc'
' '
'Building target: CCLAbelling.elf'
'Invoking: ARM g++ linker'
arm-xilinx-eabi-g++ -Wl,-T -Wl,../src/lscript.ld -L../../CCLAbelling_bsp/ps7_cortexa9_0/lib -o "CCLAbelling.elf"  ./src/AxiTimerHelper.o ./src/main.o ./src/platform.o   -Wl,--start-group,-lxil,-lgcc,-lc,-lstdc++,--end-group
'Finished building target: CCLAbelling.elf'
' '
'Invoking: ARM Print Size'
arm-xilinx-eabi-size CCLAbelling.elf  |tee "CCLAbelling.elf.size"
   text	   data	    bss	    dec	    hex	filename
 110300	   2360	  22644	 135304	  21088	CCLAbelling.elf
'Finished building: CCLAbelling.elf.size'
' '
16:15:59 **** Auto Build of configuration Debug for project CCLAbelling ****
make all 
'Building file: ../src/main.cc'
'Invoking: ARM g++ compiler'
arm-xilinx-eabi-g++ -Wall -O0 -g3 -c -fmessage-length=0 -MT"src/main.o" -I../../CCLAbelling_bsp/ps7_cortexa9_0/include -MMD -MP -MF"src/main.d" -MT"src/main.d" -o "src/main.o" "../src/main.cc"
'Finished building: ../src/main.cc'
' '
'Building target: CCLAbelling.elf'
'Invoking: ARM g++ linker'
arm-xilinx-eabi-g++ -Wl,-T -Wl,../src/lscript.ld -L../../CCLAbelling_bsp/ps7_cortexa9_0/lib -o "CCLAbelling.elf"  ./src/AxiTimerHelper.o ./src/main.o ./src/platform.o   -Wl,--start-group,-lxil,-lgcc,-lc,-lstdc++,--end-group
'Finished building target: CCLAbelling.elf'
' '
'Invoking: ARM Print Size'
arm-xilinx-eabi-size CCLAbelling.elf  |tee "CCLAbelling.elf.size"
   text	   data	    bss	    dec	    hex	filename
 110308	   2360	  22644	 135312	  21090	CCLAbelling.elf
'Finished building: CCLAbelling.elf.size'
' '
16:16:09 **** Incremental Build of configuration Debug for project CCLAbelling ****
make all 
make: Nothing to be done for `all'.
16:17:13 **** Incremental Build of configuration Debug for project CCLAbelling ****
make all 
make: Nothing to be done for `all'.
16:18:13 **** Auto Build of configuration Debug for project CCLAbelling ****
make all 
'Building file: ../src/main.cc'
'Invoking: ARM g++ compiler'
arm-xilinx-eabi-g++ -Wall -O0 -g3 -c -fmessage-length=0 -MT"src/main.o" -I../../CCLAbelling_bsp/ps7_cortexa9_0/include -MMD -MP -MF"src/main.d" -MT"src/main.d" -o "src/main.o" "../src/main.cc"
../src/main.cc: In function 'void readImage(FILE*&)':
../src/main.cc:47:48: error: invalid type argument of unary '*' (have 'unsigned int')
   fscanf(fileIn, "%d", &*Image[i*IMG_HEIGHT + j]);
                                                ^
make: *** [src/main.o] Error 1
16:18:46 **** Auto Build of configuration Debug for project CCLAbelling ****
make all 
'Building file: ../src/main.cc'
'Invoking: ARM g++ compiler'
arm-xilinx-eabi-g++ -Wall -O0 -g3 -c -fmessage-length=0 -MT"src/main.o" -I../../CCLAbelling_bsp/ps7_cortexa9_0/include -MMD -MP -MF"src/main.d" -MT"src/main.d" -o "src/main.o" "../src/main.cc"
../src/main.cc: In function 'void readImage(FILE*&)':
../src/main.cc:47:50: error: expected ')' before ';' token
   fscanf(fileIn, "%d", Image + (i*IMG_HEIGHT + j);
                                                  ^
make: *** [src/main.o] Error 1
16:18:57 **** Auto Build of configuration Debug for project CCLAbelling ****
make all 
'Building file: ../src/main.cc'
'Invoking: ARM g++ compiler'
arm-xilinx-eabi-g++ -Wall -O0 -g3 -c -fmessage-length=0 -MT"src/main.o" -I../../CCLAbelling_bsp/ps7_cortexa9_0/include -MMD -MP -MF"src/main.d" -MT"src/main.d" -o "src/main.o" "../src/main.cc"
'Finished building: ../src/main.cc'
' '
'Building target: CCLAbelling.elf'
'Invoking: ARM g++ linker'
arm-xilinx-eabi-g++ -Wl,-T -Wl,../src/lscript.ld -L../../CCLAbelling_bsp/ps7_cortexa9_0/lib -o "CCLAbelling.elf"  ./src/AxiTimerHelper.o ./src/main.o ./src/platform.o   -Wl,--start-group,-lxil,-lgcc,-lc,-lstdc++,--end-group
'Finished building target: CCLAbelling.elf'
' '
'Invoking: ARM Print Size'
arm-xilinx-eabi-size CCLAbelling.elf  |tee "CCLAbelling.elf.size"
   text	   data	    bss	    dec	    hex	filename
 110308	   2360	  22644	 135312	  21090	CCLAbelling.elf
'Finished building: CCLAbelling.elf.size'
' '
16:19:03 **** Incremental Build of configuration Debug for project CCLAbelling ****
make all 
make: Nothing to be done for `all'.
16:19:41 **** Incremental Build of configuration Debug for project CCLAbelling ****
make all 
make: Nothing to be done for `all'.
16:23:03 **** Auto Build of configuration Debug for project CCLAbelling ****
make all 
'Building file: ../src/main.cc'
'Invoking: ARM g++ compiler'
arm-xilinx-eabi-g++ -Wall -O0 -g3 -c -fmessage-length=0 -MT"src/main.o" -I../../CCLAbelling_bsp/ps7_cortexa9_0/include -MMD -MP -MF"src/main.d" -MT"src/main.d" -o "src/main.o" "../src/main.cc"
../src/main.cc: In function 'int main()':
../src/main.cc:75:23: error: invalid type argument of unary '*' (have 'unsigned int')
  printf("%d", *Image[9]);
                       ^
make: *** [src/main.o] Error 1
16:23:22 **** Auto Build of configuration Debug for project CCLAbelling ****
make all 
'Building file: ../src/main.cc'
'Invoking: ARM g++ compiler'
arm-xilinx-eabi-g++ -Wall -O0 -g3 -c -fmessage-length=0 -MT"src/main.o" -I../../CCLAbelling_bsp/ps7_cortexa9_0/include -MMD -MP -MF"src/main.d" -MT"src/main.d" -o "src/main.o" "../src/main.cc"
'Finished building: ../src/main.cc'
' '
'Building target: CCLAbelling.elf'
'Invoking: ARM g++ linker'
arm-xilinx-eabi-g++ -Wl,-T -Wl,../src/lscript.ld -L../../CCLAbelling_bsp/ps7_cortexa9_0/lib -o "CCLAbelling.elf"  ./src/AxiTimerHelper.o ./src/main.o ./src/platform.o   -Wl,--start-group,-lxil,-lgcc,-lc,-lstdc++,--end-group
'Finished building target: CCLAbelling.elf'
' '
'Invoking: ARM Print Size'
arm-xilinx-eabi-size CCLAbelling.elf  |tee "CCLAbelling.elf.size"
   text	   data	    bss	    dec	    hex	filename
 110372	   2360	  22644	 135376	  210d0	CCLAbelling.elf
'Finished building: CCLAbelling.elf.size'
' '
16:23:29 **** Incremental Build of configuration Debug for project CCLAbelling ****
make all 
make: Nothing to be done for `all'.
16:23:53 **** Auto Build of configuration Debug for project CCLAbelling ****
make all 
'Building file: ../src/main.cc'
'Invoking: ARM g++ compiler'
arm-xilinx-eabi-g++ -Wall -O0 -g3 -c -fmessage-length=0 -MT"src/main.o" -I../../CCLAbelling_bsp/ps7_cortexa9_0/include -MMD -MP -MF"src/main.d" -MT"src/main.d" -o "src/main.o" "../src/main.cc"
'Finished building: ../src/main.cc'
' '
'Building target: CCLAbelling.elf'
'Invoking: ARM g++ linker'
arm-xilinx-eabi-g++ -Wl,-T -Wl,../src/lscript.ld -L../../CCLAbelling_bsp/ps7_cortexa9_0/lib -o "CCLAbelling.elf"  ./src/AxiTimerHelper.o ./src/main.o ./src/platform.o   -Wl,--start-group,-lxil,-lgcc,-lc,-lstdc++,--end-group
'Finished building target: CCLAbelling.elf'
' '
'Invoking: ARM Print Size'
arm-xilinx-eabi-size CCLAbelling.elf  |tee "CCLAbelling.elf.size"
   text	   data	    bss	    dec	    hex	filename
 110356	   2360	  22644	 135360	  210c0	CCLAbelling.elf
'Finished building: CCLAbelling.elf.size'
' '
16:24:00 **** Incremental Build of configuration Debug for project CCLAbelling ****
make all 
make: Nothing to be done for `all'.
16:27:00 **** Auto Build of configuration Debug for project CCLAbelling ****
make all 
'Building file: ../src/main.cc'
'Invoking: ARM g++ compiler'
arm-xilinx-eabi-g++ -Wall -O0 -g3 -c -fmessage-length=0 -MT"src/main.o" -I../../CCLAbelling_bsp/ps7_cortexa9_0/include -MMD -MP -MF"src/main.d" -MT"src/main.d" -o "src/main.o" "../src/main.cc"
'Finished building: ../src/main.cc'
' '
'Building target: CCLAbelling.elf'
'Invoking: ARM g++ linker'
arm-xilinx-eabi-g++ -Wl,-T -Wl,../src/lscript.ld -L../../CCLAbelling_bsp/ps7_cortexa9_0/lib -o "CCLAbelling.elf"  ./src/AxiTimerHelper.o ./src/main.o ./src/platform.o   -Wl,--start-group,-lxil,-lgcc,-lc,-lstdc++,--end-group
'Finished building target: CCLAbelling.elf'
' '
'Invoking: ARM Print Size'
arm-xilinx-eabi-size CCLAbelling.elf  |tee "CCLAbelling.elf.size"
   text	   data	    bss	    dec	    hex	filename
 110376	   2360	  22652	 135388	  210dc	CCLAbelling.elf
'Finished building: CCLAbelling.elf.size'
' '
16:27:13 **** Auto Build of configuration Debug for project CCLAbelling ****
make all 
'Building file: ../src/main.cc'
'Invoking: ARM g++ compiler'
arm-xilinx-eabi-g++ -Wall -O0 -g3 -c -fmessage-length=0 -MT"src/main.o" -I../../CCLAbelling_bsp/ps7_cortexa9_0/include -MMD -MP -MF"src/main.d" -MT"src/main.d" -o "src/main.o" "../src/main.cc"
'Finished building: ../src/main.cc'
' '
'Building target: CCLAbelling.elf'
'Invoking: ARM g++ linker'
arm-xilinx-eabi-g++ -Wl,-T -Wl,../src/lscript.ld -L../../CCLAbelling_bsp/ps7_cortexa9_0/lib -o "CCLAbelling.elf"  ./src/AxiTimerHelper.o ./src/main.o ./src/platform.o   -Wl,--start-group,-lxil,-lgcc,-lc,-lstdc++,--end-group
'Finished building target: CCLAbelling.elf'
' '
'Invoking: ARM Print Size'
arm-xilinx-eabi-size CCLAbelling.elf  |tee "CCLAbelling.elf.size"
   text	   data	    bss	    dec	    hex	filename
 110376	   2360	  22652	 135388	  210dc	CCLAbelling.elf
'Finished building: CCLAbelling.elf.size'
' '
16:28:27 **** Auto Build of configuration Debug for project CCLAbelling ****
make all 
'Building file: ../src/main.cc'
'Invoking: ARM g++ compiler'
arm-xilinx-eabi-g++ -Wall -O0 -g3 -c -fmessage-length=0 -MT"src/main.o" -I../../CCLAbelling_bsp/ps7_cortexa9_0/include -MMD -MP -MF"src/main.d" -MT"src/main.d" -o "src/main.o" "../src/main.cc"
../src/main.cc: In function 'void init_core()':
../src/main.cc:47:6: warning: unused variable 'status' [-Wunused-variable]
  int status = 0;
      ^
../src/main.cc: At global scope:
../src/main.cc:56:3: error: 'status' does not name a type
   status = XCclabel_CfgInitialize(&cCLabel,cCLabel_cfg);
   ^
../src/main.cc:57:3: error: expected unqualified-id before 'if'
   if (status != XST_SUCCESS) {
   ^
../src/main.cc:60:1: error: expected declaration before '}' token
 }
 ^
make: *** [src/main.o] Error 1
16:28:48 **** Auto Build of configuration Debug for project CCLAbelling ****
make all 
'Building file: ../src/main.cc'
'Invoking: ARM g++ compiler'
arm-xilinx-eabi-g++ -Wall -O0 -g3 -c -fmessage-length=0 -MT"src/main.o" -I../../CCLAbelling_bsp/ps7_cortexa9_0/include -MMD -MP -MF"src/main.d" -MT"src/main.d" -o "src/main.o" "../src/main.cc"
'Finished building: ../src/main.cc'
' '
'Building target: CCLAbelling.elf'
'Invoking: ARM g++ linker'
arm-xilinx-eabi-g++ -Wl,-T -Wl,../src/lscript.ld -L../../CCLAbelling_bsp/ps7_cortexa9_0/lib -o "CCLAbelling.elf"  ./src/AxiTimerHelper.o ./src/main.o ./src/platform.o   -Wl,--start-group,-lxil,-lgcc,-lc,-lstdc++,--end-group
'Finished building target: CCLAbelling.elf'
' '
'Invoking: ARM Print Size'
arm-xilinx-eabi-size CCLAbelling.elf  |tee "CCLAbelling.elf.size"
   text	   data	    bss	    dec	    hex	filename
 110440	   2360	  22652	 135452	  2111c	CCLAbelling.elf
'Finished building: CCLAbelling.elf.size'
' '
16:29:36 **** Auto Build of configuration Debug for project CCLAbelling ****
make all 
'Building file: ../src/main.cc'
'Invoking: ARM g++ compiler'
arm-xilinx-eabi-g++ -Wall -O0 -g3 -c -fmessage-length=0 -MT"src/main.o" -I../../CCLAbelling_bsp/ps7_cortexa9_0/include -MMD -MP -MF"src/main.d" -MT"src/main.d" -o "src/main.o" "../src/main.cc"
'Finished building: ../src/main.cc'
' '
'Building target: CCLAbelling.elf'
'Invoking: ARM g++ linker'
arm-xilinx-eabi-g++ -Wl,-T -Wl,../src/lscript.ld -L../../CCLAbelling_bsp/ps7_cortexa9_0/lib -o "CCLAbelling.elf"  ./src/AxiTimerHelper.o ./src/main.o ./src/platform.o   -Wl,--start-group,-lxil,-lgcc,-lc,-lstdc++,--end-group
'Finished building target: CCLAbelling.elf'
' '
'Invoking: ARM Print Size'
arm-xilinx-eabi-size CCLAbelling.elf  |tee "CCLAbelling.elf.size"
   text	   data	    bss	    dec	    hex	filename
 110440	   2360	  22652	 135452	  2111c	CCLAbelling.elf
'Finished building: CCLAbelling.elf.size'
' '
16:29:53 **** Incremental Build of configuration Debug for project CCLAbelling ****
make all 
make: Nothing to be done for `all'.
16:30:17 **** Auto Build of configuration Debug for project CCLAbelling ****
make all 
'Building file: ../src/main.cc'
'Invoking: ARM g++ compiler'
arm-xilinx-eabi-g++ -Wall -O0 -g3 -c -fmessage-length=0 -MT"src/main.o" -I../../CCLAbelling_bsp/ps7_cortexa9_0/include -MMD -MP -MF"src/main.d" -MT"src/main.d" -o "src/main.o" "../src/main.cc"
'Finished building: ../src/main.cc'
' '
'Building target: CCLAbelling.elf'
'Invoking: ARM g++ linker'
arm-xilinx-eabi-g++ -Wl,-T -Wl,../src/lscript.ld -L../../CCLAbelling_bsp/ps7_cortexa9_0/lib -o "CCLAbelling.elf"  ./src/AxiTimerHelper.o ./src/main.o ./src/platform.o   -Wl,--start-group,-lxil,-lgcc,-lc,-lstdc++,--end-group
'Finished building target: CCLAbelling.elf'
' '
'Invoking: ARM Print Size'
arm-xilinx-eabi-size CCLAbelling.elf  |tee "CCLAbelling.elf.size"
   text	   data	    bss	    dec	    hex	filename
 110456	   2360	  22652	 135468	  2112c	CCLAbelling.elf
'Finished building: CCLAbelling.elf.size'
' '
16:30:20 **** Incremental Build of configuration Debug for project CCLAbelling ****
make all 
make: Nothing to be done for `all'.
16:30:49 **** Incremental Build of configuration Debug for project CCLAbelling ****
make all 
make: Nothing to be done for `all'.
16:32:14 **** Auto Build of configuration Debug for project CCLAbelling ****
make all 
'Building file: ../src/main.cc'
'Invoking: ARM g++ compiler'
arm-xilinx-eabi-g++ -Wall -O0 -g3 -c -fmessage-length=0 -MT"src/main.o" -I../../CCLAbelling_bsp/ps7_cortexa9_0/include -MMD -MP -MF"src/main.d" -MT"src/main.d" -o "src/main.o" "../src/main.cc"
'Finished building: ../src/main.cc'
' '
'Building target: CCLAbelling.elf'
'Invoking: ARM g++ linker'
arm-xilinx-eabi-g++ -Wl,-T -Wl,../src/lscript.ld -L../../CCLAbelling_bsp/ps7_cortexa9_0/lib -o "CCLAbelling.elf"  ./src/AxiTimerHelper.o ./src/main.o ./src/platform.o   -Wl,--start-group,-lxil,-lgcc,-lc,-lstdc++,--end-group
'Finished building target: CCLAbelling.elf'
' '
'Invoking: ARM Print Size'
arm-xilinx-eabi-size CCLAbelling.elf  |tee "CCLAbelling.elf.size"
   text	   data	    bss	    dec	    hex	filename
 110384	   2360	  22652	 135396	  210e4	CCLAbelling.elf
'Finished building: CCLAbelling.elf.size'
' '
16:32:19 **** Incremental Build of configuration Debug for project CCLAbelling ****
make all 
make: Nothing to be done for `all'.
16:33:09 **** Auto Build of configuration Debug for project CCLAbelling ****
make all 
'Building file: ../src/main.cc'
'Invoking: ARM g++ compiler'
arm-xilinx-eabi-g++ -Wall -O0 -g3 -c -fmessage-length=0 -MT"src/main.o" -I../../CCLAbelling_bsp/ps7_cortexa9_0/include -MMD -MP -MF"src/main.d" -MT"src/main.d" -o "src/main.o" "../src/main.cc"
../src/main.cc: In function 'void readImage(FILE*&)':
../src/main.cc:63:51: warning: unknown conversion type character '&' in format [-Wformat=]
   fscanf(fileIn, "%&d", Image + (i*IMG_HEIGHT + j));
                                                   ^
../src/main.cc:63:51: warning: too many arguments for format [-Wformat-extra-args]
../src/main.cc:63:51: warning: unknown conversion type character '&' in format [-Wformat=]
../src/main.cc:63:51: warning: too many arguments for format [-Wformat-extra-args]
'Finished building: ../src/main.cc'
' '
'Building target: CCLAbelling.elf'
'Invoking: ARM g++ linker'
arm-xilinx-eabi-g++ -Wl,-T -Wl,../src/lscript.ld -L../../CCLAbelling_bsp/ps7_cortexa9_0/lib -o "CCLAbelling.elf"  ./src/AxiTimerHelper.o ./src/main.o ./src/platform.o   -Wl,--start-group,-lxil,-lgcc,-lc,-lstdc++,--end-group
'Finished building target: CCLAbelling.elf'
' '
'Invoking: ARM Print Size'
arm-xilinx-eabi-size CCLAbelling.elf  |tee "CCLAbelling.elf.size"
   text	   data	    bss	    dec	    hex	filename
 110384	   2360	  22652	 135396	  210e4	CCLAbelling.elf
'Finished building: CCLAbelling.elf.size'
' '
16:33:28 **** Auto Build of configuration Debug for project CCLAbelling ****
make all 
'Building file: ../src/main.cc'
'Invoking: ARM g++ compiler'
arm-xilinx-eabi-g++ -Wall -O0 -g3 -c -fmessage-length=0 -MT"src/main.o" -I../../CCLAbelling_bsp/ps7_cortexa9_0/include -MMD -MP -MF"src/main.d" -MT"src/main.d" -o "src/main.o" "../src/main.cc"
'Finished building: ../src/main.cc'
' '
'Building target: CCLAbelling.elf'
'Invoking: ARM g++ linker'
arm-xilinx-eabi-g++ -Wl,-T -Wl,../src/lscript.ld -L../../CCLAbelling_bsp/ps7_cortexa9_0/lib -o "CCLAbelling.elf"  ./src/AxiTimerHelper.o ./src/main.o ./src/platform.o   -Wl,--start-group,-lxil,-lgcc,-lc,-lstdc++,--end-group
'Finished building target: CCLAbelling.elf'
' '
'Invoking: ARM Print Size'
arm-xilinx-eabi-size CCLAbelling.elf  |tee "CCLAbelling.elf.size"
   text	   data	    bss	    dec	    hex	filename
 110384	   2360	  22652	 135396	  210e4	CCLAbelling.elf
'Finished building: CCLAbelling.elf.size'
' '
16:34:01 **** Auto Build of configuration Debug for project CCLAbelling ****
make all 
'Building file: ../src/main.cc'
'Invoking: ARM g++ compiler'
arm-xilinx-eabi-g++ -Wall -O0 -g3 -c -fmessage-length=0 -MT"src/main.o" -I../../CCLAbelling_bsp/ps7_cortexa9_0/include -MMD -MP -MF"src/main.d" -MT"src/main.d" -o "src/main.o" "../src/main.cc"
'Finished building: ../src/main.cc'
' '
'Building target: CCLAbelling.elf'
'Invoking: ARM g++ linker'
arm-xilinx-eabi-g++ -Wl,-T -Wl,../src/lscript.ld -L../../CCLAbelling_bsp/ps7_cortexa9_0/lib -o "CCLAbelling.elf"  ./src/AxiTimerHelper.o ./src/main.o ./src/platform.o   -Wl,--start-group,-lxil,-lgcc,-lc,-lstdc++,--end-group
'Finished building target: CCLAbelling.elf'
' '
'Invoking: ARM Print Size'
arm-xilinx-eabi-size CCLAbelling.elf  |tee "CCLAbelling.elf.size"
   text	   data	    bss	    dec	    hex	filename
 110384	   2360	  22652	 135396	  210e4	CCLAbelling.elf
'Finished building: CCLAbelling.elf.size'
' '
16:34:09 **** Incremental Build of configuration Debug for project CCLAbelling ****
make all 
make: Nothing to be done for `all'.
16:34:26 **** Auto Build of configuration Debug for project CCLAbelling ****
make all 
'Building file: ../src/main.cc'
'Invoking: ARM g++ compiler'
arm-xilinx-eabi-g++ -Wall -O0 -g3 -c -fmessage-length=0 -MT"src/main.o" -I../../CCLAbelling_bsp/ps7_cortexa9_0/include -MMD -MP -MF"src/main.d" -MT"src/main.d" -o "src/main.o" "../src/main.cc"
'Finished building: ../src/main.cc'
' '
'Building target: CCLAbelling.elf'
'Invoking: ARM g++ linker'
arm-xilinx-eabi-g++ -Wl,-T -Wl,../src/lscript.ld -L../../CCLAbelling_bsp/ps7_cortexa9_0/lib -o "CCLAbelling.elf"  ./src/AxiTimerHelper.o ./src/main.o ./src/platform.o   -Wl,--start-group,-lxil,-lgcc,-lc,-lstdc++,--end-group
'Finished building target: CCLAbelling.elf'
' '
'Invoking: ARM Print Size'
arm-xilinx-eabi-size CCLAbelling.elf  |tee "CCLAbelling.elf.size"
   text	   data	    bss	    dec	    hex	filename
 110392	   2360	  22652	 135404	  210ec	CCLAbelling.elf
'Finished building: CCLAbelling.elf.size'
' '
16:34:28 **** Incremental Build of configuration Debug for project CCLAbelling ****
make all 
make: Nothing to be done for `all'.
16:35:11 **** Auto Build of configuration Debug for project CCLAbelling ****
make all 
'Building file: ../src/main.cc'
'Invoking: ARM g++ compiler'
arm-xilinx-eabi-g++ -Wall -O0 -g3 -c -fmessage-length=0 -MT"src/main.o" -I../../CCLAbelling_bsp/ps7_cortexa9_0/include -MMD -MP -MF"src/main.d" -MT"src/main.d" -o "src/main.o" "../src/main.cc"
'Finished building: ../src/main.cc'
' '
'Building target: CCLAbelling.elf'
'Invoking: ARM g++ linker'
arm-xilinx-eabi-g++ -Wl,-T -Wl,../src/lscript.ld -L../../CCLAbelling_bsp/ps7_cortexa9_0/lib -o "CCLAbelling.elf"  ./src/AxiTimerHelper.o ./src/main.o ./src/platform.o   -Wl,--start-group,-lxil,-lgcc,-lc,-lstdc++,--end-group
'Finished building target: CCLAbelling.elf'
' '
'Invoking: ARM Print Size'
arm-xilinx-eabi-size CCLAbelling.elf  |tee "CCLAbelling.elf.size"
   text	   data	    bss	    dec	    hex	filename
 110400	   2360	  22652	 135412	  210f4	CCLAbelling.elf
'Finished building: CCLAbelling.elf.size'
' '
16:35:35 **** Auto Build of configuration Debug for project CCLAbelling ****
make all 
'Building file: ../src/main.cc'
'Invoking: ARM g++ compiler'
arm-xilinx-eabi-g++ -Wall -O0 -g3 -c -fmessage-length=0 -MT"src/main.o" -I../../CCLAbelling_bsp/ps7_cortexa9_0/include -MMD -MP -MF"src/main.d" -MT"src/main.d" -o "src/main.o" "../src/main.cc"
'Finished building: ../src/main.cc'
' '
'Building target: CCLAbelling.elf'
'Invoking: ARM g++ linker'
arm-xilinx-eabi-g++ -Wl,-T -Wl,../src/lscript.ld -L../../CCLAbelling_bsp/ps7_cortexa9_0/lib -o "CCLAbelling.elf"  ./src/AxiTimerHelper.o ./src/main.o ./src/platform.o   -Wl,--start-group,-lxil,-lgcc,-lc,-lstdc++,--end-group
'Finished building target: CCLAbelling.elf'
' '
'Invoking: ARM Print Size'
arm-xilinx-eabi-size CCLAbelling.elf  |tee "CCLAbelling.elf.size"
   text	   data	    bss	    dec	    hex	filename
 110864	   2360	  22652	 135876	  212c4	CCLAbelling.elf
'Finished building: CCLAbelling.elf.size'
' '
16:35:39 **** Incremental Build of configuration Debug for project CCLAbelling ****
make all 
make: Nothing to be done for `all'.
16:37:07 **** Auto Build of configuration Debug for project CCLAbelling ****
make all 
'Building file: ../src/main.cc'
'Invoking: ARM g++ compiler'
arm-xilinx-eabi-g++ -Wall -O0 -g3 -c -fmessage-length=0 -MT"src/main.o" -I../../CCLAbelling_bsp/ps7_cortexa9_0/include -MMD -MP -MF"src/main.d" -MT"src/main.d" -o "src/main.o" "../src/main.cc"
'Finished building: ../src/main.cc'
' '
'Building target: CCLAbelling.elf'
'Invoking: ARM g++ linker'
arm-xilinx-eabi-g++ -Wl,-T -Wl,../src/lscript.ld -L../../CCLAbelling_bsp/ps7_cortexa9_0/lib -o "CCLAbelling.elf"  ./src/AxiTimerHelper.o ./src/main.o ./src/platform.o   -Wl,--start-group,-lxil,-lgcc,-lc,-lstdc++,--end-group
'Finished building target: CCLAbelling.elf'
' '
'Invoking: ARM Print Size'
arm-xilinx-eabi-size CCLAbelling.elf  |tee "CCLAbelling.elf.size"
   text	   data	    bss	    dec	    hex	filename
 110392	   2360	  22652	 135404	  210ec	CCLAbelling.elf
'Finished building: CCLAbelling.elf.size'
' '
16:37:11 **** Incremental Build of configuration Debug for project CCLAbelling ****
make all 
make: Nothing to be done for `all'.
16:37:43 **** Auto Build of configuration Debug for project CCLAbelling ****
make all 
'Building file: ../src/main.cc'
'Invoking: ARM g++ compiler'
arm-xilinx-eabi-g++ -Wall -O0 -g3 -c -fmessage-length=0 -MT"src/main.o" -I../../CCLAbelling_bsp/ps7_cortexa9_0/include -MMD -MP -MF"src/main.d" -MT"src/main.d" -o "src/main.o" "../src/main.cc"
'Finished building: ../src/main.cc'
' '
'Building target: CCLAbelling.elf'
'Invoking: ARM g++ linker'
arm-xilinx-eabi-g++ -Wl,-T -Wl,../src/lscript.ld -L../../CCLAbelling_bsp/ps7_cortexa9_0/lib -o "CCLAbelling.elf"  ./src/AxiTimerHelper.o ./src/main.o ./src/platform.o   -Wl,--start-group,-lxil,-lgcc,-lc,-lstdc++,--end-group
'Finished building target: CCLAbelling.elf'
' '
'Invoking: ARM Print Size'
arm-xilinx-eabi-size CCLAbelling.elf  |tee "CCLAbelling.elf.size"
   text	   data	    bss	    dec	    hex	filename
 110392	   2360	  22652	 135404	  210ec	CCLAbelling.elf
'Finished building: CCLAbelling.elf.size'
' '
16:37:47 **** Auto Build of configuration Debug for project CCLAbelling ****
make all 
'Building file: ../src/main.cc'
'Invoking: ARM g++ compiler'
arm-xilinx-eabi-g++ -Wall -O0 -g3 -c -fmessage-length=0 -MT"src/main.o" -I../../CCLAbelling_bsp/ps7_cortexa9_0/include -MMD -MP -MF"src/main.d" -MT"src/main.d" -o "src/main.o" "../src/main.cc"
'Finished building: ../src/main.cc'
' '
'Building target: CCLAbelling.elf'
'Invoking: ARM g++ linker'
arm-xilinx-eabi-g++ -Wl,-T -Wl,../src/lscript.ld -L../../CCLAbelling_bsp/ps7_cortexa9_0/lib -o "CCLAbelling.elf"  ./src/AxiTimerHelper.o ./src/main.o ./src/platform.o   -Wl,--start-group,-lxil,-lgcc,-lc,-lstdc++,--end-group
'Finished building target: CCLAbelling.elf'
' '
'Invoking: ARM Print Size'
arm-xilinx-eabi-size CCLAbelling.elf  |tee "CCLAbelling.elf.size"
   text	   data	    bss	    dec	    hex	filename
 110392	   2360	  22652	 135404	  210ec	CCLAbelling.elf
'Finished building: CCLAbelling.elf.size'
' '
16:38:10 **** Auto Build of configuration Debug for project CCLAbelling ****
make all 
'Building file: ../src/main.cc'
'Invoking: ARM g++ compiler'
arm-xilinx-eabi-g++ -Wall -O0 -g3 -c -fmessage-length=0 -MT"src/main.o" -I../../CCLAbelling_bsp/ps7_cortexa9_0/include -MMD -MP -MF"src/main.d" -MT"src/main.d" -o "src/main.o" "../src/main.cc"
'Finished building: ../src/main.cc'
' '
'Building target: CCLAbelling.elf'
'Invoking: ARM g++ linker'
arm-xilinx-eabi-g++ -Wl,-T -Wl,../src/lscript.ld -L../../CCLAbelling_bsp/ps7_cortexa9_0/lib -o "CCLAbelling.elf"  ./src/AxiTimerHelper.o ./src/main.o ./src/platform.o   -Wl,--start-group,-lxil,-lgcc,-lc,-lstdc++,--end-group
'Finished building target: CCLAbelling.elf'
' '
'Invoking: ARM Print Size'
arm-xilinx-eabi-size CCLAbelling.elf  |tee "CCLAbelling.elf.size"
   text	   data	    bss	    dec	    hex	filename
 110464	   2360	  22652	 135476	  21134	CCLAbelling.elf
'Finished building: CCLAbelling.elf.size'
' '
16:38:13 **** Incremental Build of configuration Debug for project CCLAbelling ****
make all 
make: Nothing to be done for `all'.
16:39:56 **** Auto Build of configuration Debug for project CCLAbelling ****
make all 
'Building file: ../src/main.cc'
'Invoking: ARM g++ compiler'
arm-xilinx-eabi-g++ -Wall -O0 -g3 -c -fmessage-length=0 -MT"src/main.o" -I../../CCLAbelling_bsp/ps7_cortexa9_0/include -MMD -MP -MF"src/main.d" -MT"src/main.d" -o "src/main.o" "../src/main.cc"
'Finished building: ../src/main.cc'
' '
'Building target: CCLAbelling.elf'
'Invoking: ARM g++ linker'
arm-xilinx-eabi-g++ -Wl,-T -Wl,../src/lscript.ld -L../../CCLAbelling_bsp/ps7_cortexa9_0/lib -o "CCLAbelling.elf"  ./src/AxiTimerHelper.o ./src/main.o ./src/platform.o   -Wl,--start-group,-lxil,-lgcc,-lc,-lstdc++,--end-group
'Finished building target: CCLAbelling.elf'
' '
'Invoking: ARM Print Size'
arm-xilinx-eabi-size CCLAbelling.elf  |tee "CCLAbelling.elf.size"
   text	   data	    bss	    dec	    hex	filename
 110464	   2360	  22652	 135476	  21134	CCLAbelling.elf
'Finished building: CCLAbelling.elf.size'
' '
16:40:01 **** Auto Build of configuration Debug for project CCLAbelling ****
make all 
'Building file: ../src/main.cc'
'Invoking: ARM g++ compiler'
arm-xilinx-eabi-g++ -Wall -O0 -g3 -c -fmessage-length=0 -MT"src/main.o" -I../../CCLAbelling_bsp/ps7_cortexa9_0/include -MMD -MP -MF"src/main.d" -MT"src/main.d" -o "src/main.o" "../src/main.cc"
'Finished building: ../src/main.cc'
' '
'Building target: CCLAbelling.elf'
'Invoking: ARM g++ linker'
arm-xilinx-eabi-g++ -Wl,-T -Wl,../src/lscript.ld -L../../CCLAbelling_bsp/ps7_cortexa9_0/lib -o "CCLAbelling.elf"  ./src/AxiTimerHelper.o ./src/main.o ./src/platform.o   -Wl,--start-group,-lxil,-lgcc,-lc,-lstdc++,--end-group
'Finished building target: CCLAbelling.elf'
' '
'Invoking: ARM Print Size'
arm-xilinx-eabi-size CCLAbelling.elf  |tee "CCLAbelling.elf.size"
   text	   data	    bss	    dec	    hex	filename
 110464	   2360	  22652	 135476	  21134	CCLAbelling.elf
'Finished building: CCLAbelling.elf.size'
' '
16:40:12 **** Auto Build of configuration Debug for project CCLAbelling ****
make all 
'Building file: ../src/main.cc'
'Invoking: ARM g++ compiler'
arm-xilinx-eabi-g++ -Wall -O0 -g3 -c -fmessage-length=0 -MT"src/main.o" -I../../CCLAbelling_bsp/ps7_cortexa9_0/include -MMD -MP -MF"src/main.d" -MT"src/main.d" -o "src/main.o" "../src/main.cc"
'Finished building: ../src/main.cc'
' '
'Building target: CCLAbelling.elf'
'Invoking: ARM g++ linker'
arm-xilinx-eabi-g++ -Wl,-T -Wl,../src/lscript.ld -L../../CCLAbelling_bsp/ps7_cortexa9_0/lib -o "CCLAbelling.elf"  ./src/AxiTimerHelper.o ./src/main.o ./src/platform.o   -Wl,--start-group,-lxil,-lgcc,-lc,-lstdc++,--end-group
'Finished building target: CCLAbelling.elf'
' '
'Invoking: ARM Print Size'
arm-xilinx-eabi-size CCLAbelling.elf  |tee "CCLAbelling.elf.size"
   text	   data	    bss	    dec	    hex	filename
 110464	   2360	  22652	 135476	  21134	CCLAbelling.elf
'Finished building: CCLAbelling.elf.size'
' '
16:40:17 **** Incremental Build of configuration Debug for project CCLAbelling ****
make all 
make: Nothing to be done for `all'.
16:40:39 **** Incremental Build of configuration Debug for project CCLAbelling ****
make all 
make: Nothing to be done for `all'.
16:40:59 **** Auto Build of configuration Debug for project CCLAbelling ****
make all 
'Building file: ../src/main.cc'
'Invoking: ARM g++ compiler'
arm-xilinx-eabi-g++ -Wall -O0 -g3 -c -fmessage-length=0 -MT"src/main.o" -I../../CCLAbelling_bsp/ps7_cortexa9_0/include -MMD -MP -MF"src/main.d" -MT"src/main.d" -o "src/main.o" "../src/main.cc"
../src/main.cc: In function 'void readImage(FILE*&)':
../src/main.cc:65:36: warning: format '%d' expects argument of type 'int', but argument 4 has type 'FILE* {aka __sFILE*}' [-Wformat=]
    printf("%d %d %d\n", i,j, fileIn);
                                    ^
../src/main.cc:65:36: warning: format '%d' expects argument of type 'int', but argument 4 has type 'FILE* {aka __sFILE*}' [-Wformat=]
'Finished building: ../src/main.cc'
' '
'Building target: CCLAbelling.elf'
'Invoking: ARM g++ linker'
arm-xilinx-eabi-g++ -Wl,-T -Wl,../src/lscript.ld -L../../CCLAbelling_bsp/ps7_cortexa9_0/lib -o "CCLAbelling.elf"  ./src/AxiTimerHelper.o ./src/main.o ./src/platform.o   -Wl,--start-group,-lxil,-lgcc,-lc,-lstdc++,--end-group
'Finished building target: CCLAbelling.elf'
' '
'Invoking: ARM Print Size'
arm-xilinx-eabi-size CCLAbelling.elf  |tee "CCLAbelling.elf.size"
   text	   data	    bss	    dec	    hex	filename
 110464	   2360	  22652	 135476	  21134	CCLAbelling.elf
'Finished building: CCLAbelling.elf.size'
' '
16:41:04 **** Auto Build of configuration Debug for project CCLAbelling ****
make all 
'Building file: ../src/main.cc'
'Invoking: ARM g++ compiler'
arm-xilinx-eabi-g++ -Wall -O0 -g3 -c -fmessage-length=0 -MT"src/main.o" -I../../CCLAbelling_bsp/ps7_cortexa9_0/include -MMD -MP -MF"src/main.d" -MT"src/main.d" -o "src/main.o" "../src/main.cc"
../src/main.cc: In function 'void readImage(FILE*&)':
../src/main.cc:65:37: warning: format '%d' expects argument of type 'int', but argument 4 has type 'FILE {aka __sFILE}' [-Wformat=]
    printf("%d %d %d\n", i,j, *fileIn);
                                     ^
../src/main.cc:65:37: warning: format '%d' expects argument of type 'int', but argument 4 has type 'FILE {aka __sFILE}' [-Wformat=]
'Finished building: ../src/main.cc'
' '
'Building target: CCLAbelling.elf'
'Invoking: ARM g++ linker'
arm-xilinx-eabi-g++ -Wl,-T -Wl,../src/lscript.ld -L../../CCLAbelling_bsp/ps7_cortexa9_0/lib -o "CCLAbelling.elf"  ./src/AxiTimerHelper.o ./src/main.o ./src/platform.o   -Wl,--start-group,-lxil,-lgcc,-lc,-lstdc++,--end-group
'Finished building target: CCLAbelling.elf'
' '
'Invoking: ARM Print Size'
arm-xilinx-eabi-size CCLAbelling.elf  |tee "CCLAbelling.elf.size"
   text	   data	    bss	    dec	    hex	filename
 110464	   2360	  22652	 135476	  21134	CCLAbelling.elf
'Finished building: CCLAbelling.elf.size'
' '
16:41:23 **** Auto Build of configuration Debug for project CCLAbelling ****
make all 
'Building file: ../src/main.cc'
'Invoking: ARM g++ compiler'
arm-xilinx-eabi-g++ -Wall -O0 -g3 -c -fmessage-length=0 -MT"src/main.o" -I../../CCLAbelling_bsp/ps7_cortexa9_0/include -MMD -MP -MF"src/main.d" -MT"src/main.d" -o "src/main.o" "../src/main.cc"
../src/main.cc: In function 'void readImage(FILE*&)':
../src/main.cc:65:56: error: 'j' cannot be used as a function
    printf("%d %d %d\n", i,j, *Image + i*IMG_HEIGHT + j());
                                                        ^
make: *** [src/main.o] Error 1
16:41:24 **** Auto Build of configuration Debug for project CCLAbelling ****
make all 
'Building file: ../src/main.cc'
'Invoking: ARM g++ compiler'
arm-xilinx-eabi-g++ -Wall -O0 -g3 -c -fmessage-length=0 -MT"src/main.o" -I../../CCLAbelling_bsp/ps7_cortexa9_0/include -MMD -MP -MF"src/main.d" -MT"src/main.d" -o "src/main.o" "../src/main.cc"
'Finished building: ../src/main.cc'
' '
'Building target: CCLAbelling.elf'
'Invoking: ARM g++ linker'
arm-xilinx-eabi-g++ -Wl,-T -Wl,../src/lscript.ld -L../../CCLAbelling_bsp/ps7_cortexa9_0/lib -o "CCLAbelling.elf"  ./src/AxiTimerHelper.o ./src/main.o ./src/platform.o   -Wl,--start-group,-lxil,-lgcc,-lc,-lstdc++,--end-group
'Finished building target: CCLAbelling.elf'
' '
'Invoking: ARM Print Size'
arm-xilinx-eabi-size CCLAbelling.elf  |tee "CCLAbelling.elf.size"
   text	   data	    bss	    dec	    hex	filename
 110464	   2360	  22652	 135476	  21134	CCLAbelling.elf
'Finished building: CCLAbelling.elf.size'
' '
16:42:59 **** Auto Build of configuration Debug for project CCLAbelling ****
make all 
'Building file: ../src/main.cc'
'Invoking: ARM g++ compiler'
arm-xilinx-eabi-g++ -Wall -O0 -g3 -c -fmessage-length=0 -MT"src/main.o" -I../../CCLAbelling_bsp/ps7_cortexa9_0/include -MMD -MP -MF"src/main.d" -MT"src/main.d" -o "src/main.o" "../src/main.cc"
'Finished building: ../src/main.cc'
' '
'Building target: CCLAbelling.elf'
'Invoking: ARM g++ linker'
arm-xilinx-eabi-g++ -Wl,-T -Wl,../src/lscript.ld -L../../CCLAbelling_bsp/ps7_cortexa9_0/lib -o "CCLAbelling.elf"  ./src/AxiTimerHelper.o ./src/main.o ./src/platform.o   -Wl,--start-group,-lxil,-lgcc,-lc,-lstdc++,--end-group
'Finished building target: CCLAbelling.elf'
' '
'Invoking: ARM Print Size'
arm-xilinx-eabi-size CCLAbelling.elf  |tee "CCLAbelling.elf.size"
   text	   data	    bss	    dec	    hex	filename
 110424	   2360	  22652	 135436	  2110c	CCLAbelling.elf
'Finished building: CCLAbelling.elf.size'
' '
16:43:02 **** Incremental Build of configuration Debug for project CCLAbelling ****
make all 
make: Nothing to be done for `all'.
16:44:37 **** Incremental Build of configuration Debug for project CCLAbelling ****
make all 
make: Nothing to be done for `all'.
