16:41:53 **** Auto Build of configuration Debug for project StarTracking ****
make all 
'Building file: ../src/main.cpp'
'Invoking: ARM g++ compiler'
arm-xilinx-eabi-g++ -Wall -O0 -g3 -c -fmessage-length=0 -MT"src/main.o" -std=c++11 -I../../CCLabelling_bsp/ps7_cortexa9_0/include -MMD -MP -MF"src/main.d" -MT"src/main.d" -o "src/main.o" "../src/main.cpp"
'Finished building: ../src/main.cpp'
' '
'Building target: StarTracking.elf'
'Invoking: ARM g++ linker'
arm-xilinx-eabi-g++ -Wl,-T -Wl,../src/lscript.ld -L../../CCLabelling_bsp/ps7_cortexa9_0/lib -o "StarTracking.elf"  ./src/AxiTimerHelper.o ./src/main.o ./src/platform.o   -Wl,--start-group,-lxil,-lgcc,-lc,-lstdc++,--end-group
'Finished building target: StarTracking.elf'
' '
'Invoking: ARM Print Size'
arm-xilinx-eabi-size StarTracking.elf  |tee "StarTracking.elf.size"
   text	   data	    bss	    dec	    hex	filename
 186880	1081004	1715472	2983356	 2d85bc	StarTracking.elf
'Finished building: StarTracking.elf.size'
' '

16:41:56 Build Finished (took 3s.53ms)

