Copyright 1986-2014 Xilinx, Inc. All Rights Reserved.
------------------------------------------------------------------------------------
| Tool Version : Vivado v.2014.4 (win64) Build 1071353 Tue Nov 18 18:24:04 MST 2014
| Date         : Mon Mar 06 15:10:11 2017
| Host         : edell34 running 64-bit Service Pack 1  (build 7601)
| Command      : report_control_sets -verbose -file CCLabel_control_sets_placed.rpt
| Design       : CCLabel
| Device       : xc7z020
------------------------------------------------------------------------------------

Control Set Information

Table of Contents
-----------------
1. Summary
2. Flip-Flop Distribution
3. Detailed Control Set Information

1. Summary
----------

+-------------------------------------------------------------------+-------+
|                               Status                              | Count |
+-------------------------------------------------------------------+-------+
| Number of unique control sets                                     |    50 |
| Minimum Number of register sites lost to control set restrictions |    80 |
+-------------------------------------------------------------------+-------+


2. Flip-Flop Distribution
-------------------------

+--------------+-----------------------+------------------------+-----------------+--------------+
| Clock Enable | Synchronous Set/Reset | Asynchronous Set/Reset | Total Registers | Total Slices |
+--------------+-----------------------+------------------------+-----------------+--------------+
| No           | No                    | No                     |            2279 |          685 |
| No           | No                    | Yes                    |               0 |            0 |
| No           | Yes                   | No                     |             189 |           62 |
| Yes          | No                    | No                     |             768 |          300 |
| Yes          | No                    | Yes                    |               0 |            0 |
| Yes          | Yes                   | No                     |             548 |          168 |
+--------------+-----------------------+------------------------+-----------------+--------------+


3. Detailed Control Set Information
-----------------------------------

+--------------+--------------------------------------------------------------------------+----------------------------------------------------------------------------------------------------------------------------------------------------------+------------------+----------------+
| Clock Signal |                               Enable Signal                              |                                                                     Set/Reset Signal                                                                     | Slice Load Count | Bel Load Count |
+--------------+--------------------------------------------------------------------------+----------------------------------------------------------------------------------------------------------------------------------------------------------+------------------+----------------+
|  ap_clk      | grp_CCLabel_calCentroid_fu_53/O6                                         |                                                                                                                                                          |                1 |              1 |
|  ap_clk      | grp_CCLabel_calCentroid_fu_53/O16                                        |                                                                                                                                                          |                1 |              1 |
|  ap_clk      | grp_CCLabel_preProcess_fu_94/i_1_reg_3280                                |                                                                                                                                                          |                1 |              4 |
|  ap_clk      | grp_CCLabel_preProcess_fu_94/i_phi_fu_202_p41                            | grp_CCLabel_preProcess_fu_94/n_3_i_reg_198[3]_i_1                                                                                                        |                4 |              4 |
|  ap_clk      | CCLabel_CRTLS_s_axi_U/ar_hs                                              |                                                                                                                                                          |                2 |              5 |
|  ap_clk      | CCLabel_CRTLS_s_axi_U/waddr                                              |                                                                                                                                                          |                2 |              5 |
|  ap_clk      | grp_CCLabel_calCentroid_fu_53/ap_NS_fsm[2]                               |                                                                                                                                                          |                3 |              6 |
|  ap_clk      | grp_CCLabel_calCentroid_fu_53/O5[0]                                      |                                                                                                                                                          |                4 |              6 |
|  ap_clk      | grp_CCLabel_firstPass_fu_76/lbImage_we1                                  |                                                                                                                                                          |                2 |              6 |
|  ap_clk      | grp_CCLabel_calCentroid_fu_53/ap_reg_ppiten_pp1_it10                     |                                                                                                                                                          |                3 |              6 |
|  ap_clk      | grp_CCLabel_firstPass_fu_76/ap_sig_bdd_123                               |                                                                                                                                                          |                2 |              7 |
|  ap_clk      | grp_CCLabel_firstPass_fu_76/ap_sig_bdd_146                               |                                                                                                                                                          |                3 |              9 |
|  ap_clk      | grp_CCLabel_calCentroid_fu_53/ap_reg_ppiten_pp1_it25                     |                                                                                                                                                          |                4 |             10 |
|  ap_clk      | grp_CCLabel_firstPass_fu_76/i1_mid2_reg_6760                             |                                                                                                                                                          |                3 |             11 |
|  ap_clk      | grp_CCLabel_calCentroid_fu_53/ap_reg_ppstg_status_load_reg_1066_pp1_it26 | grp_CCLabel_calCentroid_fu_53/n_3_tmp_21_reg_1243[11]_i_1                                                                                                |               10 |             12 |
|  ap_clk      | grp_CCLabel_calCentroid_fu_53/ap_reg_ppstg_status_load_reg_1066_pp1_it26 | grp_CCLabel_calCentroid_fu_53/n_3_tmp_18_reg_1228[11]_i_1                                                                                                |                9 |             12 |
|  ap_clk      | grp_CCLabel_firstPass_fu_76/ap_sig_bdd_259                               | grp_CCLabel_firstPass_fu_76/i1_reg_257                                                                                                                   |                5 |             15 |
|  ap_clk      | grp_CCLabel_calCentroid_fu_53/ap_reg_ppiten_pp1_it25                     | grp_CCLabel_calCentroid_fu_53/CCLabel_fpext_32ns_64_1_U14/O2                                                                                             |                4 |             16 |
|  ap_clk      | grp_CCLabel_calCentroid_fu_53/ap_reg_ppiten_pp1_it25                     | grp_CCLabel_calCentroid_fu_53/CCLabel_fpext_32ns_64_1_U15/O2                                                                                             |                3 |             16 |
|  ap_clk      |                                                                          | grp_CCLabel_calCentroid_fu_53/CCLabel_uitofp_32ns_32_6_U13/CCLabel_ap_uitofp_4_no_dsp_32_u/U0/i_synth/FIX_TO_FLT_OP.SPD.OP/EXP/ZERO_DELAY/i_pipe/O1      |                6 |             22 |
|  ap_clk      |                                                                          | grp_CCLabel_calCentroid_fu_53/CCLabel_fdiv_32ns_32ns_32_16_U10/CCLabel_ap_fdiv_14_no_dsp_32_u/U0/i_synth/DIV_OP.SPD.OP/EXP/STATE_UP_DELAY/i_pipe/p_2_out |                6 |             22 |
|  ap_clk      |                                                                          | grp_CCLabel_calCentroid_fu_53/CCLabel_fdiv_32ns_32ns_32_16_U9/CCLabel_ap_fdiv_14_no_dsp_32_u/U0/i_synth/DIV_OP.SPD.OP/EXP/STATE_UP_DELAY/i_pipe/p_2_out  |               11 |             22 |
|  ap_clk      |                                                                          | grp_CCLabel_calCentroid_fu_53/CCLabel_uitofp_32ns_32_6_U11/CCLabel_ap_uitofp_4_no_dsp_32_u/U0/i_synth/FIX_TO_FLT_OP.SPD.OP/EXP/ZERO_DELAY/i_pipe/O1      |                8 |             22 |
|  ap_clk      |                                                                          | grp_CCLabel_calCentroid_fu_53/CCLabel_uitofp_32ns_32_6_U12/CCLabel_ap_uitofp_4_no_dsp_32_u/U0/i_synth/FIX_TO_FLT_OP.SPD.OP/EXP/ZERO_DELAY/i_pipe/O1      |                4 |             22 |
|  ap_clk      | CCLabel_CRTLS_s_axi_U/ar_hs                                              | CCLabel_CRTLS_s_axi_U/n_3_rdata[31]_i_1                                                                                                                  |               10 |             27 |
|  ap_clk      | grp_CCLabel_calCentroid_fu_53/i_1_reg_3350                               | grp_CCLabel_calCentroid_fu_53/ap_reg_ppiten_pp1_it00                                                                                                     |                8 |             32 |
|  ap_clk      | grp_CCLabel_calCentroid_fu_53/O5[1]                                      | grp_CCLabel_calCentroid_fu_53/temp_1_reg_312                                                                                                             |                8 |             32 |
|  ap_clk      | grp_CCLabel_calCentroid_fu_53/ap_NS_fsm[3]                               |                                                                                                                                                          |               14 |             32 |
|  ap_clk      | grp_CCLabel_calCentroid_fu_53/ap_reg_ppiten_pp1_it25                     | grp_CCLabel_calCentroid_fu_53/CCLabel_fpext_32ns_64_1_U15/O1                                                                                             |                8 |             32 |
|  ap_clk      | grp_CCLabel_calCentroid_fu_53/ap_reg_ppiten_pp1_it25                     | grp_CCLabel_calCentroid_fu_53/CCLabel_fpext_32ns_64_1_U14/O1                                                                                             |                7 |             32 |
|  ap_clk      | grp_CCLabel_firstPass_fu_76/n_3_temp_i4_reg_290[31]_i_1                  |                                                                                                                                                          |               13 |             32 |
|  ap_clk      | grp_CCLabel_firstPass_fu_76/n_3_temp_i_reg_279[31]_i_1                   |                                                                                                                                                          |               15 |             32 |
|  ap_clk      | grp_CCLabel_calCentroid_fu_53/X_WEN_A_1[3]                               | grp_CCLabel_calCentroid_fu_53/n_3_centroidDataCount_fu_98[29]_i_1                                                                                        |                8 |             32 |
|  ap_clk      | grp_CCLabel_firstPass_fu_76/D[1]                                         |                                                                                                                                                          |                9 |             32 |
|  ap_clk      | grp_CCLabel_firstPass_fu_76/Q[0]                                         | grp_CCLabel_firstPass_fu_76/max_2_reg_729                                                                                                                |                9 |             32 |
|  ap_clk      | grp_CCLabel_firstPass_fu_76/Q[0]                                         | lbImage_U/CCLabel_lbImage_ram_U/SR[0]                                                                                                                    |               11 |             32 |
|  ap_clk      | grp_CCLabel_calCentroid_fu_53/O1                                         | CCLabel_CRTLS_s_axi_U/O2                                                                                                                                 |                8 |             32 |
|  ap_clk      | grp_CCLabel_firstPass_fu_76/reg_3230                                     |                                                                                                                                                          |               12 |             32 |
|  ap_clk      | grp_CCLabel_firstPass_fu_76/p_2_in                                       |                                                                                                                                                          |               10 |             39 |
|  ap_clk      | grp_CCLabel_calCentroid_fu_53/ap_reg_ppstg_status_load_reg_1066_pp1_it26 |                                                                                                                                                          |               33 |             44 |
|  ap_clk      | grp_CCLabel_calCentroid_fu_53/ap_reg_ppstg_status_load_reg_1066_pp1_it25 | grp_CCLabel_calCentroid_fu_53/n_3_sel_tmp_v_i_reg_1198[62]_i_1                                                                                           |               20 |             63 |
|  ap_clk      | grp_CCLabel_calCentroid_fu_53/ap_reg_ppstg_status_load_reg_1066_pp1_it25 | grp_CCLabel_calCentroid_fu_53/n_3_sel_tmp_v_i1_reg_1208[62]_i_1                                                                                          |               20 |             63 |
|  ap_clk      | grp_CCLabel_calCentroid_fu_53/ap_reg_ppstg_status_load_reg_1066_pp1_it23 |                                                                                                                                                          |               25 |             64 |
|  ap_clk      | grp_CCLabel_firstPass_fu_76/ap_sig_bdd_248                               |                                                                                                                                                          |               23 |             64 |
|  ap_clk      | grp_CCLabel_firstPass_fu_76/Q[1]                                         | grp_CCLabel_firstPass_fu_76/clear                                                                                                                        |               16 |             64 |
|  ap_clk      |                                                                          | CCLabel_CRTLS_s_axi_U/O2                                                                                                                                 |               27 |             79 |
|  ap_clk      | grp_CCLabel_calCentroid_fu_53/ap_reg_ppstg_status_load_reg_1066_pp1_it7  |                                                                                                                                                          |               37 |             96 |
|  ap_clk      | grp_CCLabel_calCentroid_fu_53/status_load_reg_1066                       |                                                                                                                                                          |               37 |             96 |
|  ap_clk      | grp_CCLabel_calCentroid_fu_53/ap_reg_ppstg_status_load_reg_1066_pp1_it24 |                                                                                                                                                          |               43 |            130 |
|  ap_clk      |                                                                          |                                                                                                                                                          |              714 |           2353 |
+--------------+--------------------------------------------------------------------------+----------------------------------------------------------------------------------------------------------------------------------------------------------+------------------+----------------+


